Archive member included to satisfy reference by file (symbol)

/Users/sokrat/Desktop/RIOT/miem/prog4.2/bin/unwd-range-l1-r3/core.a(sched.o)
                              /Users/sokrat/Desktop/RIOT/miem/prog4.2/bin/unwd-range-l1-r3/newlib_syscalls_default/syscalls.o (sched_active_pid)
/Users/sokrat/Desktop/RIOT/miem/prog4.2/bin/unwd-range-l1-r3/cortexm_common.a(thread_arch.o)
                              /Users/sokrat/Desktop/RIOT/miem/prog4.2/bin/unwd-range-l1-r3/core.a(sched.o) (cpu_switch_context_exit)
/Users/sokrat/Desktop/RIOT/miem/prog4.2/bin/unwd-range-l1-r3/cortexm_common.a(vectors_cortexm.o)
                              /Users/sokrat/Desktop/RIOT/miem/prog4.2/bin/unwd-range-l1-r3/cpu/vectors.o (dummy_handler_default)
/Users/sokrat/Desktop/RIOT/miem/prog4.2/bin/unwd-range-l1-r3/cortexm_common.a(irq_arch.o)
                              /Users/sokrat/Desktop/RIOT/miem/prog4.2/bin/unwd-range-l1-r3/newlib_syscalls_default/syscalls.o (irq_disable)
/Users/sokrat/Desktop/RIOT/miem/prog4.2/bin/unwd-range-l1-r3/div.a(div.o)
                              /Users/sokrat/Desktop/RIOT/miem/prog4.2/bin/unwd-range-l1-r3/newlib_syscalls_default/syscalls.o (_div_mulhi64)
/Users/sokrat/Desktop/RIOT/miem/prog4.2/bin/unwd-range-l1-r3/stdio_uart.a(stdio_uart.o)
                              /Users/sokrat/Desktop/RIOT/miem/prog4.2/bin/unwd-range-l1-r3/newlib_syscalls_default/syscalls.o (stdio_init)
/Users/sokrat/Desktop/RIOT/miem/prog4.2/bin/unwd-range-l1-r3/stm32_common_periph.a(pm.o)
                              /Users/sokrat/Desktop/RIOT/miem/prog4.2/bin/unwd-range-l1-r3/newlib_syscalls_default/syscalls.o (pm_off)
/Users/sokrat/Desktop/RIOT/miem/prog4.2/bin/unwd-range-l1-r3/stm32_common_periph.a(uart.o)
                              /Users/sokrat/Desktop/RIOT/miem/prog4.2/bin/unwd-range-l1-r3/stdio_uart.a(stdio_uart.o) (uart_write)
/Users/sokrat/Desktop/RIOT/miem/prog4.2/bin/unwd-range-l1-r3/stm32_common_periph.a(gpio.o)
                              /Users/sokrat/Desktop/RIOT/miem/prog4.2/bin/unwd-range-l1-r3/stm32_common_periph.a(pm.o) (gpio_init)
/Users/sokrat/Desktop/RIOT/miem/prog4.2/bin/unwd-range-l1-r3/xtimer.a(xtimer_core.o)
                              /Users/sokrat/Desktop/RIOT/miem/prog4.2/bin/unwd-range-l1-r3/newlib_syscalls_default/syscalls.o (_xtimer_now64)
/Users/sokrat/Desktop/RIOT/miem/prog4.2/bin/unwd-range-l1-r3/boards_common_unwd.a(board.o)
                              /Users/sokrat/Desktop/RIOT/miem/prog4.2/bin/unwd-range-l1-r3/cortexm_common.a(vectors_cortexm.o) (board_init)
/Users/sokrat/Desktop/RIOT/miem/prog4.2/bin/unwd-range-l1-r3/core.a(kernel_init.o)
                              /Users/sokrat/Desktop/RIOT/miem/prog4.2/bin/unwd-range-l1-r3/cortexm_common.a(vectors_cortexm.o) (kernel_init)
/Users/sokrat/Desktop/RIOT/miem/prog4.2/bin/unwd-range-l1-r3/core.a(panic.o)
                              /Users/sokrat/Desktop/RIOT/miem/prog4.2/bin/unwd-range-l1-r3/cortexm_common.a(vectors_cortexm.o) (core_panic)
/Users/sokrat/Desktop/RIOT/miem/prog4.2/bin/unwd-range-l1-r3/core.a(thread.o)
                              /Users/sokrat/Desktop/RIOT/miem/prog4.2/bin/unwd-range-l1-r3/core.a(kernel_init.o) (thread_create)
/Users/sokrat/Desktop/RIOT/miem/prog4.2/bin/unwd-range-l1-r3/cortexm_common.a(cortexm_init.o)
                              /Users/sokrat/Desktop/RIOT/miem/prog4.2/bin/unwd-range-l1-r3/stm32_common_periph.a(pm.o) (cpu_check_address)
/Users/sokrat/Desktop/RIOT/miem/prog4.2/bin/unwd-range-l1-r3/isrpipe.a(isrpipe.o)
                              /Users/sokrat/Desktop/RIOT/miem/prog4.2/bin/unwd-range-l1-r3/stdio_uart.a(stdio_uart.o) (isrpipe_write_one)
/Users/sokrat/Desktop/RIOT/miem/prog4.2/bin/unwd-range-l1-r3/pm_layered.a(pm.o)
                              /Users/sokrat/Desktop/RIOT/miem/prog4.2/bin/unwd-range-l1-r3/core.a(kernel_init.o) (pm_set_lowest)
/Users/sokrat/Desktop/RIOT/miem/prog4.2/bin/unwd-range-l1-r3/stm32_common.a(cpu_common.o)
                              /Users/sokrat/Desktop/RIOT/miem/prog4.2/bin/unwd-range-l1-r3/stm32_common_periph.a(uart.o) (periph_apb_clk)
/Users/sokrat/Desktop/RIOT/miem/prog4.2/bin/unwd-range-l1-r3/stm32_common.a(cpu_init.o)
                              /Users/sokrat/Desktop/RIOT/miem/prog4.2/bin/unwd-range-l1-r3/boards_common_unwd.a(board.o) (cpu_init)
/Users/sokrat/Desktop/RIOT/miem/prog4.2/bin/unwd-range-l1-r3/stm32_common.a(stm_status.o)
                              /Users/sokrat/Desktop/RIOT/miem/prog4.2/bin/unwd-range-l1-r3/stm32_common.a(cpu_init.o) (cpu_init_status)
/Users/sokrat/Desktop/RIOT/miem/prog4.2/bin/unwd-range-l1-r3/stm32_common.a(stmclk_l0l1.o)
                              /Users/sokrat/Desktop/RIOT/miem/prog4.2/bin/unwd-range-l1-r3/stm32_common_periph.a(pm.o) (stmclk_init_sysclk)
/Users/sokrat/Desktop/RIOT/miem/prog4.2/bin/unwd-range-l1-r3/stm32_common_periph.a(timer.o)
                              /Users/sokrat/Desktop/RIOT/miem/prog4.2/bin/unwd-range-l1-r3/xtimer.a(xtimer_core.o) (timer_set_absolute)
[...]
Memory Configuration

Name             Origin             Length             Attributes
ccmram           0x0000000010000000 0x0000000000000000
rom              0x0000000008000000 0x0000000000080000 xr
ram              0x0000000020000000 0x0000000000014000 w !xr
*default*        0x0000000000000000 0xffffffffffffffff

Linker script and memory map

LOAD /Users/sokrat/Desktop/RIOT/miem/prog4.2/bin/unwd-range-l1-r3/cpu/vectors.o
LOAD /Users/sokrat/Desktop/RIOT/miem/prog4.2/bin/unwd-range-l1-r3/newlib_syscalls_default/syscalls.o
START GROUP
LOAD /Users/sokrat/Desktop/RIOT/miem/prog4.2/bin/unwd-range-l1-r3/application_prog4.2.a
LOAD /Users/sokrat/Desktop/RIOT/miem/prog4.2/bin/unwd-range-l1-r3/auto_init.a
LOAD /Users/sokrat/Desktop/RIOT/miem/prog4.2/bin/unwd-range-l1-r3/board.a
LOAD /Users/sokrat/Desktop/RIOT/miem/prog4.2/bin/unwd-range-l1-r3/boards_common_unwd.a
LOAD /Users/sokrat/Desktop/RIOT/miem/prog4.2/bin/unwd-range-l1-r3/core.a
LOAD /Users/sokrat/Desktop/RIOT/miem/prog4.2/bin/unwd-range-l1-r3/cortexm_common.a
LOAD /Users/sokrat/Desktop/RIOT/miem/prog4.2/bin/unwd-range-l1-r3/cortexm_common_periph.a
LOAD /Users/sokrat/Desktop/RIOT/miem/prog4.2/bin/unwd-range-l1-r3/cpu.a
LOAD /Users/sokrat/Desktop/RIOT/miem/prog4.2/bin/unwd-range-l1-r3/div.a
LOAD /Users/sokrat/Desktop/RIOT/miem/prog4.2/bin/unwd-range-l1-r3/isrpipe.a
LOAD /Users/sokrat/Desktop/RIOT/miem/prog4.2/bin/unwd-range-l1-r3/newlib_syscalls_default.a
LOAD /Users/sokrat/Desktop/RIOT/miem/prog4.2/bin/unwd-range-l1-r3/periph.a
LOAD /Users/sokrat/Desktop/RIOT/miem/prog4.2/bin/unwd-range-l1-r3/pm_layered.a
LOAD /Users/sokrat/Desktop/RIOT/miem/prog4.2/bin/unwd-range-l1-r3/stdio_uart.a
LOAD /Users/sokrat/Desktop/RIOT/miem/prog4.2/bin/unwd-range-l1-r3/stm32_common.a
LOAD /Users/sokrat/Desktop/RIOT/miem/prog4.2/bin/unwd-range-l1-r3/stm32_common_periph.a
LOAD /Users/sokrat/Desktop/RIOT/miem/prog4.2/bin/unwd-range-l1-r3/sys.a
LOAD /Users/sokrat/Desktop/RIOT/miem/prog4.2/bin/unwd-range-l1-r3/tsrb.a
LOAD /Users/sokrat/Desktop/RIOT/miem/prog4.2/bin/unwd-range-l1-r3/xtimer.a
LOAD /Users/sokrat/Desktop/RIOT/miem/prog4.2/bin/unwd-range-l1-r3/periph_common.a
LOAD /Applications/ARM/bin/../lib/gcc/arm-none-eabi/10.3.1/../../../../arm-none-eabi/lib/thumb/v7-m/nofp/libm.a
END GROUP
LOAD /Applications/ARM/bin/../lib/gcc/arm-none-eabi/10.3.1/thumb/v7-m/nofp/libgcc.a
                0x0000000008000000                _rom_start_addr = 0x8000000
                0x0000000020000000                _ram_start_addr = 0x20000000
                0x0000000000080000                _rom_length = 0x80000
                0x0000000000014000                _ram_length = 0x14000
LOAD /Applications/ARM/bin/../lib/gcc/arm-none-eabi/10.3.1/../../../../arm-none-eabi/lib/thumb/v7-m/nofp/libc_nano.a
START GROUP
LOAD /Applications/ARM/bin/../lib/gcc/arm-none-eabi/10.3.1/thumb/v7-m/nofp/libgcc.a
LOAD /Applications/ARM/bin/../lib/gcc/arm-none-eabi/10.3.1/../../../../arm-none-eabi/lib/thumb/v7-m/nofp/libg_nano.a
LOAD /Applications/ARM/bin/../lib/gcc/arm-none-eabi/10.3.1/../../../../arm-none-eabi/lib/thumb/v7-m/nofp/libc_nano.a
END GROUP
START GROUP
LOAD /Applications/ARM/bin/../lib/gcc/arm-none-eabi/10.3.1/thumb/v7-m/nofp/libgcc.a
LOAD /Applications/ARM/bin/../lib/gcc/arm-none-eabi/10.3.1/../../../../arm-none-eabi/lib/thumb/v7-m/nofp/libc_nano.a
END GROUP
                0x0000000000000000                ccmram_length = DEFINED (ccmram_len)?ccmram_len:0x0
                0x0000000000000000                _rom_offset = DEFINED (_rom_offset)?_rom_offset:0x0
                0x0000000000080000                _fw_rom_length = DEFINED (_fw_rom_length)?_fw_rom_length:(_rom_length - _rom_offset)
                0x0000000000000001                ASSERT ((_fw_rom_length <= (_rom_length - _rom_offset)), Specified firmware size does not fit in ROM)

.text           0x0000000008000000     0x31d0
                0x0000000008000000                . = ALIGN (0x4)
                0x0000000008000000                _sfixed = .
                0x0000000008000000                _isr_vectors = DEFINED (_isr_vectors)?_isr_vectors:.
 *(SORT_BY_NAME(.vectors*))
 .vectors.0     0x0000000008000000       0x40 /Users/sokrat/Desktop/RIOT/miem/prog4.2/bin/unwd-range-l1-r3/cortexm_common.a(vectors_cortexm.o)
                0x0000000008000000                cortex_vector_base
 .vectors.1     0x0000000008000040       0xe4 /Users/sokrat/Desktop/RIOT/miem/prog4.2/bin/unwd-range-l1-r3/cpu/vectors.o
                0x0000000008000040                vector_cpu
 *(.text .text.* .gnu.linkonce.t.*)
 .text.dummy_handler
                0x0000000008000124        0x4 /Users/sokrat/Desktop/RIOT/miem/prog4.2/bin/unwd-range-l1-r3/cpu/vectors.o
                0x0000000008000124                isr_wwdg
                0x0000000008000124                isr_rtc_wkup
                0x0000000008000124                isr_comp_acq
                0x0000000008000124                isr_tim10
                0x0000000008000124                isr_dac
                0x0000000008000124                isr_dma2_ch5
                0x0000000008000124                isr_dma1_ch2
                0x0000000008000124                isr_tim7
                0x0000000008000124                isr_tim5
                0x0000000008000124                isr_i2c1_ev
                0x0000000008000124                isr_dma1_ch7
                0x0000000008000124                isr_tim4
                0x0000000008000124                isr_dma1_ch3
                0x0000000008000124                isr_dma2_ch3
                0x0000000008000124                isr_tim2
                0x0000000008000124                isr_sdio
                0x0000000008000124                isr_spi2
                0x0000000008000124                dummy_handler
                0x0000000008000124                isr_usb_hp
                0x0000000008000124                isr_aes
                0x0000000008000124                isr_dma2_ch4
                0x0000000008000124                isr_dma1_ch1
                0x0000000008000124                isr_comp
                0x0000000008000124                isr_dma1_ch6
                0x0000000008000124                isr_spi1
                0x0000000008000124                isr_tim6
                0x0000000008000124                isr_usb_lp
                0x0000000008000124                isr_rcc
                0x0000000008000124                isr_flash
                0x0000000008000124                isr_uart5
                0x0000000008000124                isr_dma2_ch2
                0x0000000008000124                isr_adc1
                0x0000000008000124                isr_uart4
                0x0000000008000124                isr_i2c2_er
                0x0000000008000124                isr_usb_fs_wkup
                0x0000000008000124                isr_dma2_ch1
                0x0000000008000124                isr_spi3
                0x0000000008000124                isr_lcd
                0x0000000008000124                isr_tim3
                0x0000000008000124                isr_dma1_ch5
                0x0000000008000124                isr_dma1_ch4
                0x0000000008000124                isr_i2c2_ev
                0x0000000008000124                isr_rtc_alarm
                0x0000000008000124                isr_tamper_stamp
                0x0000000008000124                isr_i2c1_er
                0x0000000008000124                isr_pvd
 .text._init    0x0000000008000128        0x4 /Users/sokrat/Desktop/RIOT/miem/prog4.2/bin/unwd-range-l1-r3/newlib_syscalls_default/syscalls.o
                0x0000000008000128                _init
 .text._fini    0x000000000800012c        0x2 /Users/sokrat/Desktop/RIOT/miem/prog4.2/bin/unwd-range-l1-r3/newlib_syscalls_default/syscalls.o
                0x000000000800012c                _fini
 *fill*         0x000000000800012e        0x2 
 .text._sbrk_r  0x0000000008000130       0x3c /Users/sokrat/Desktop/RIOT/miem/prog4.2/bin/unwd-range-l1-r3/newlib_syscalls_default/syscalls.o
                0x0000000008000130                _sbrk_r
 .text._read_r  0x000000000800016c        0x8 /Users/sokrat/Desktop/RIOT/miem/prog4.2/bin/unwd-range-l1-r3/newlib_syscalls_default/syscalls.o
                0x000000000800016c                _read_r
 .text._write_r
                0x0000000008000174        0x8 /Users/sokrat/Desktop/RIOT/miem/prog4.2/bin/unwd-range-l1-r3/newlib_syscalls_default/syscalls.o
                0x0000000008000174                _write_r
 .text._close_r
                0x000000000800017c        0xa /Users/sokrat/Desktop/RIOT/miem/prog4.2/bin/unwd-range-l1-r3/newlib_syscalls_default/syscalls.o
                0x000000000800017c                _close_r
 .text._lseek_r
                0x0000000008000186        0xa /Users/sokrat/Desktop/RIOT/miem/prog4.2/bin/unwd-range-l1-r3/newlib_syscalls_default/syscalls.o
                0x0000000008000186                _lseek_r
 .text._fstat_r
                0x0000000008000190        0xa /Users/sokrat/Desktop/RIOT/miem/prog4.2/bin/unwd-range-l1-r3/newlib_syscalls_default/syscalls.o
                0x0000000008000190                _fstat_r
 .text._isatty_r
                0x000000000800019a        0xe /Users/sokrat/Desktop/RIOT/miem/prog4.2/bin/unwd-range-l1-r3/newlib_syscalls_default/syscalls.o
                0x000000000800019a                _isatty_r
 .text.sched_run
                0x00000000080001a8       0x64 /Users/sokrat/Desktop/RIOT/miem/prog4.2/bin/unwd-range-l1-r3/core.a(sched.o)
                0x00000000080001a8                sched_run
 .text.sched_set_status
                0x000000000800020c       0x80 /Users/sokrat/Desktop/RIOT/miem/prog4.2/bin/unwd-range-l1-r3/core.a(sched.o)
                0x000000000800020c                sched_set_status
 .text.sched_switch
                0x000000000800028c       0x30 /Users/sokrat/Desktop/RIOT/miem/prog4.2/bin/unwd-range-l1-r3/core.a(sched.o)
                0x000000000800028c                sched_switch
 .text.sched_task_exit
                0x00000000080002bc       0x3c /Users/sokrat/Desktop/RIOT/miem/prog4.2/bin/unwd-range-l1-r3/core.a(sched.o)
                0x00000000080002bc                sched_task_exit
 .text.thread_stack_init
                0x00000000080002f8       0x68 /Users/sokrat/Desktop/RIOT/miem/prog4.2/bin/unwd-range-l1-r3/cortexm_common.a(thread_arch.o)
                0x00000000080002f8                thread_stack_init
 .text.cpu_switch_context_exit
                0x0000000008000360        0x8 /Users/sokrat/Desktop/RIOT/miem/prog4.2/bin/unwd-range-l1-r3/cortexm_common.a(thread_arch.o)
                0x0000000008000360                cpu_switch_context_exit
 .text.thread_yield_higher
                0x0000000008000368       0x10 /Users/sokrat/Desktop/RIOT/miem/prog4.2/bin/unwd-range-l1-r3/cortexm_common.a(thread_arch.o)
                0x0000000008000368                thread_yield_higher
 .text.isr_pendsv
                0x0000000008000378       0x1c /Users/sokrat/Desktop/RIOT/miem/prog4.2/bin/unwd-range-l1-r3/cortexm_common.a(thread_arch.o)
                0x0000000008000378                isr_pendsv
 .text.isr_svc  0x0000000008000394       0x1c /Users/sokrat/Desktop/RIOT/miem/prog4.2/bin/unwd-range-l1-r3/cortexm_common.a(thread_arch.o)
                0x0000000008000394                isr_svc
 .text.hard_fault_default
                0x00000000080003b0       0x44 /Users/sokrat/Desktop/RIOT/miem/prog4.2/bin/unwd-range-l1-r3/cortexm_common.a(vectors_cortexm.o)
                0x00000000080003b0                hard_fault_default
 .text.nmi_default
                0x00000000080003f4       0x10 /Users/sokrat/Desktop/RIOT/miem/prog4.2/bin/unwd-range-l1-r3/cortexm_common.a(vectors_cortexm.o)
                0x00000000080003f4                nmi_default
 .text.mem_manage_default
                0x0000000008000404       0x10 /Users/sokrat/Desktop/RIOT/miem/prog4.2/bin/unwd-range-l1-r3/cortexm_common.a(vectors_cortexm.o)
                0x0000000008000404                mem_manage_default
 .text.bus_fault_default
                0x0000000008000414       0x10 /Users/sokrat/Desktop/RIOT/miem/prog4.2/bin/unwd-range-l1-r3/cortexm_common.a(vectors_cortexm.o)
                0x0000000008000414                bus_fault_default
 .text.usage_fault_default
                0x0000000008000424       0x10 /Users/sokrat/Desktop/RIOT/miem/prog4.2/bin/unwd-range-l1-r3/cortexm_common.a(vectors_cortexm.o)
                0x0000000008000424                usage_fault_default
 .text.debug_mon_default
                0x0000000008000434       0x10 /Users/sokrat/Desktop/RIOT/miem/prog4.2/bin/unwd-range-l1-r3/cortexm_common.a(vectors_cortexm.o)
                0x0000000008000434                debug_mon_default
 .text.dummy_handler_default
                0x0000000008000444       0x10 /Users/sokrat/Desktop/RIOT/miem/prog4.2/bin/unwd-range-l1-r3/cortexm_common.a(vectors_cortexm.o)
                0x0000000008000444                dummy_handler_default
                0x0000000008000444                isr_systick
 .text.pre_startup
                0x0000000008000454        0x2 /Users/sokrat/Desktop/RIOT/miem/prog4.2/bin/unwd-range-l1-r3/cortexm_common.a(vectors_cortexm.o)
                0x0000000008000454                pre_startup
 .text.post_startup
                0x0000000008000456        0x2 /Users/sokrat/Desktop/RIOT/miem/prog4.2/bin/unwd-range-l1-r3/cortexm_common.a(vectors_cortexm.o)
                0x0000000008000456                post_startup
 .text.reset_handler_default
                0x0000000008000458       0x6c /Users/sokrat/Desktop/RIOT/miem/prog4.2/bin/unwd-range-l1-r3/cortexm_common.a(vectors_cortexm.o)
                0x0000000008000458                reset_handler_default
 .text.hard_fault_handler
                0x00000000080004c4      0x188 /Users/sokrat/Desktop/RIOT/miem/prog4.2/bin/unwd-range-l1-r3/cortexm_common.a(vectors_cortexm.o)
                0x00000000080004c4                hard_fault_handler
 .text.irq_disable
                0x000000000800064c        0x8 /Users/sokrat/Desktop/RIOT/miem/prog4.2/bin/unwd-range-l1-r3/cortexm_common.a(irq_arch.o)
                0x000000000800064c                irq_disable
 .text.irq_enable
                0x0000000008000654        0x8 /Users/sokrat/Desktop/RIOT/miem/prog4.2/bin/unwd-range-l1-r3/cortexm_common.a(irq_arch.o)
                0x0000000008000654                irq_enable
 .text.irq_restore
                0x000000000800065c        0x6 /Users/sokrat/Desktop/RIOT/miem/prog4.2/bin/unwd-range-l1-r3/cortexm_common.a(irq_arch.o)
                0x000000000800065c                irq_restore
 .text.irq_is_in
                0x0000000008000662        0x8 /Users/sokrat/Desktop/RIOT/miem/prog4.2/bin/unwd-range-l1-r3/cortexm_common.a(irq_arch.o)
                0x0000000008000662                irq_is_in
 *fill*         0x000000000800066a        0x2 
 .text.stdio_init
                0x000000000800066c       0x18 /Users/sokrat/Desktop/RIOT/miem/prog4.2/bin/unwd-range-l1-r3/stdio_uart.a(stdio_uart.o)
                0x000000000800066c                stdio_init
 .text.stdio_read
                0x0000000008000684       0x10 /Users/sokrat/Desktop/RIOT/miem/prog4.2/bin/unwd-range-l1-r3/stdio_uart.a(stdio_uart.o)
                0x0000000008000684                stdio_read
 .text.stdio_write
                0x0000000008000694       0x12 /Users/sokrat/Desktop/RIOT/miem/prog4.2/bin/unwd-range-l1-r3/stdio_uart.a(stdio_uart.o)
                0x0000000008000694                stdio_write
 *fill*         0x00000000080006a6        0x2 
 .text.pm_set   0x00000000080006a8      0x250 /Users/sokrat/Desktop/RIOT/miem/prog4.2/bin/unwd-range-l1-r3/stm32_common_periph.a(pm.o)
                0x00000000080006a8                pm_set
 .text.pm_off   0x00000000080008f8       0x14 /Users/sokrat/Desktop/RIOT/miem/prog4.2/bin/unwd-range-l1-r3/stm32_common_periph.a(pm.o)
                0x00000000080008f8                pm_off
 .text.irq_handler
                0x000000000800090c       0x48 /Users/sokrat/Desktop/RIOT/miem/prog4.2/bin/unwd-range-l1-r3/stm32_common_periph.a(uart.o)
 .text.uart_set_baudrate
                0x0000000008000954       0x8c /Users/sokrat/Desktop/RIOT/miem/prog4.2/bin/unwd-range-l1-r3/stm32_common_periph.a(uart.o)
                0x0000000008000954                uart_set_baudrate
 .text.uart_write
                0x00000000080009e0       0x44 /Users/sokrat/Desktop/RIOT/miem/prog4.2/bin/unwd-range-l1-r3/stm32_common_periph.a(uart.o)
                0x00000000080009e0                uart_write
 .text.uart_poweron
                0x0000000008000a24       0x2c /Users/sokrat/Desktop/RIOT/miem/prog4.2/bin/unwd-range-l1-r3/stm32_common_periph.a(uart.o)
                0x0000000008000a24                uart_poweron
 .text.uart_init
                0x0000000008000a50       0xc4 /Users/sokrat/Desktop/RIOT/miem/prog4.2/bin/unwd-range-l1-r3/stm32_common_periph.a(uart.o)
                0x0000000008000a50                uart_init
 .text.isr_usart1
                0x0000000008000b14        0x6 /Users/sokrat/Desktop/RIOT/miem/prog4.2/bin/unwd-range-l1-r3/stm32_common_periph.a(uart.o)
                0x0000000008000b14                isr_usart1
 .text.isr_usart2
                0x0000000008000b1a        0x6 /Users/sokrat/Desktop/RIOT/miem/prog4.2/bin/unwd-range-l1-r3/stm32_common_periph.a(uart.o)
                0x0000000008000b1a                isr_usart2
 .text.isr_usart3
                0x0000000008000b20        0x6 /Users/sokrat/Desktop/RIOT/miem/prog4.2/bin/unwd-range-l1-r3/stm32_common_periph.a(uart.o)
                0x0000000008000b20                isr_usart3
 .text.gpio_init
                0x0000000008000b26       0x7a /Users/sokrat/Desktop/RIOT/miem/prog4.2/bin/unwd-range-l1-r3/stm32_common_periph.a(gpio.o)
                0x0000000008000b26                gpio_init
 .text.gpio_init_af
                0x0000000008000ba0       0x56 /Users/sokrat/Desktop/RIOT/miem/prog4.2/bin/unwd-range-l1-r3/stm32_common_periph.a(gpio.o)
                0x0000000008000ba0                gpio_init_af
 *fill*         0x0000000008000bf6        0x2 
 .text.gpio_irq_enable
                0x0000000008000bf8       0x44 /Users/sokrat/Desktop/RIOT/miem/prog4.2/bin/unwd-range-l1-r3/stm32_common_periph.a(gpio.o)
                0x0000000008000bf8                gpio_irq_enable
 .text.gpio_irq_disable
                0x0000000008000c3c       0x44 /Users/sokrat/Desktop/RIOT/miem/prog4.2/bin/unwd-range-l1-r3/stm32_common_periph.a(gpio.o)
                0x0000000008000c3c                gpio_irq_disable
 .text.gpio_read
                0x0000000008000c80       0x44 /Users/sokrat/Desktop/RIOT/miem/prog4.2/bin/unwd-range-l1-r3/stm32_common_periph.a(gpio.o)
                0x0000000008000c80                gpio_read
 .text.gpio_set
                0x0000000008000cc4       0x16 /Users/sokrat/Desktop/RIOT/miem/prog4.2/bin/unwd-range-l1-r3/stm32_common_periph.a(gpio.o)
                0x0000000008000cc4                gpio_set
 .text.gpio_clear
                0x0000000008000cda       0x18 /Users/sokrat/Desktop/RIOT/miem/prog4.2/bin/unwd-range-l1-r3/stm32_common_periph.a(gpio.o)
                0x0000000008000cda                gpio_clear
 .text.gpio_toggle
                0x0000000008000cf2       0x1e /Users/sokrat/Desktop/RIOT/miem/prog4.2/bin/unwd-range-l1-r3/stm32_common_periph.a(gpio.o)
                0x0000000008000cf2                gpio_toggle
 .text.gpio_init_int
                0x0000000008000d10       0xc0 /Users/sokrat/Desktop/RIOT/miem/prog4.2/bin/unwd-range-l1-r3/stm32_common_periph.a(gpio.o)
                0x0000000008000d10                gpio_init_int
 .text.isr_exti
                0x0000000008000dd0       0x4c /Users/sokrat/Desktop/RIOT/miem/prog4.2/bin/unwd-range-l1-r3/stm32_common_periph.a(gpio.o)
                0x0000000008000dd0                isr_exti
 .text._xtimer_lltimer_now
                0x0000000008000e1c        0x6 /Users/sokrat/Desktop/RIOT/miem/prog4.2/bin/unwd-range-l1-r3/xtimer.a(xtimer_core.o)
 *fill*         0x0000000008000e22        0x2 
 .text._xtimer_now
                0x0000000008000e24       0x18 /Users/sokrat/Desktop/RIOT/miem/prog4.2/bin/unwd-range-l1-r3/xtimer.a(xtimer_core.o)
 .text._lltimer_set
                0x0000000008000e3c       0x14 /Users/sokrat/Desktop/RIOT/miem/prog4.2/bin/unwd-range-l1-r3/xtimer.a(xtimer_core.o)
 .text._add_timer_to_long_list.constprop.0
                0x0000000008000e50       0x2c /Users/sokrat/Desktop/RIOT/miem/prog4.2/bin/unwd-range-l1-r3/xtimer.a(xtimer_core.o)
 .text._next_period
                0x0000000008000e7c       0xc4 /Users/sokrat/Desktop/RIOT/miem/prog4.2/bin/unwd-range-l1-r3/xtimer.a(xtimer_core.o)
 .text._periph_timer_callback
                0x0000000008000f40       0xe0 /Users/sokrat/Desktop/RIOT/miem/prog4.2/bin/unwd-range-l1-r3/xtimer.a(xtimer_core.o)
 .text._remove  0x0000000008001020       0x5c /Users/sokrat/Desktop/RIOT/miem/prog4.2/bin/unwd-range-l1-r3/xtimer.a(xtimer_core.o)
 .text.xtimer_init
                0x000000000800107c       0x24 /Users/sokrat/Desktop/RIOT/miem/prog4.2/bin/unwd-range-l1-r3/xtimer.a(xtimer_core.o)
                0x000000000800107c                xtimer_init
 .text._xtimer_set_absolute
                0x00000000080010a0       0xcc /Users/sokrat/Desktop/RIOT/miem/prog4.2/bin/unwd-range-l1-r3/xtimer.a(xtimer_core.o)
                0x00000000080010a0                _xtimer_set_absolute
 .text.xtimer_remove
                0x000000000800116c       0x22 /Users/sokrat/Desktop/RIOT/miem/prog4.2/bin/unwd-range-l1-r3/xtimer.a(xtimer_core.o)
                0x000000000800116c                xtimer_remove
 .text._xtimer_set
                0x000000000800118e       0x40 /Users/sokrat/Desktop/RIOT/miem/prog4.2/bin/unwd-range-l1-r3/xtimer.a(xtimer_core.o)
                0x000000000800118e                _xtimer_set
 *fill*         0x00000000080011ce        0x2 
 .text.board_init
                0x00000000080011d0       0x18 /Users/sokrat/Desktop/RIOT/miem/prog4.2/bin/unwd-range-l1-r3/boards_common_unwd.a(board.o)
                0x00000000080011d0                board_init
 .text.main_trampoline
                0x00000000080011e8       0x18 /Users/sokrat/Desktop/RIOT/miem/prog4.2/bin/unwd-range-l1-r3/core.a(kernel_init.o)
 .text.idle_thread
                0x0000000008001200        0x8 /Users/sokrat/Desktop/RIOT/miem/prog4.2/bin/unwd-range-l1-r3/core.a(kernel_init.o)
 .text.kernel_init
                0x0000000008001208       0x58 /Users/sokrat/Desktop/RIOT/miem/prog4.2/bin/unwd-range-l1-r3/core.a(kernel_init.o)
                0x0000000008001208                kernel_init
 .text.panic_arch
                0x0000000008001260        0x2 /Users/sokrat/Desktop/RIOT/miem/prog4.2/bin/unwd-range-l1-r3/core.a(panic.o)
                0x0000000008001260                panic_arch
 *fill*         0x0000000008001262        0x2 
 .text.core_panic
                0x0000000008001264       0x44 /Users/sokrat/Desktop/RIOT/miem/prog4.2/bin/unwd-range-l1-r3/core.a(panic.o)
                0x0000000008001264                core_panic
 .text.thread_add_to_list
                0x00000000080012a8       0x30 /Users/sokrat/Desktop/RIOT/miem/prog4.2/bin/unwd-range-l1-r3/core.a(thread.o)
                0x00000000080012a8                thread_add_to_list
 .text.thread_create
                0x00000000080012d8       0xf8 /Users/sokrat/Desktop/RIOT/miem/prog4.2/bin/unwd-range-l1-r3/core.a(thread.o)
                0x00000000080012d8                thread_create
 .text.cpu_check_address
                0x00000000080013d0       0x38 /Users/sokrat/Desktop/RIOT/miem/prog4.2/bin/unwd-range-l1-r3/cortexm_common.a(cortexm_init.o)
                0x00000000080013d0                cpu_check_address
 .text.cpu_find_memory_size
                0x0000000008001408       0x1e /Users/sokrat/Desktop/RIOT/miem/prog4.2/bin/unwd-range-l1-r3/cortexm_common.a(cortexm_init.o)
                0x0000000008001408                cpu_find_memory_size
 *fill*         0x0000000008001426        0x2 
 .text.cortexm_init
                0x0000000008001428       0x40 /Users/sokrat/Desktop/RIOT/miem/prog4.2/bin/unwd-range-l1-r3/cortexm_common.a(cortexm_init.o)
                0x0000000008001428                cortexm_init
 .text.isrpipe_write_one
                0x0000000008001468       0x16 /Users/sokrat/Desktop/RIOT/miem/prog4.2/bin/unwd-range-l1-r3/isrpipe.a(isrpipe.o)
                0x0000000008001468                isrpipe_write_one
 .text.isrpipe_read
                0x000000000800147e       0x24 /Users/sokrat/Desktop/RIOT/miem/prog4.2/bin/unwd-range-l1-r3/isrpipe.a(isrpipe.o)
                0x000000000800147e                isrpipe_read
 *fill*         0x00000000080014a2        0x2 
 .text.pm_set_lowest
                0x00000000080014a4       0x40 /Users/sokrat/Desktop/RIOT/miem/prog4.2/bin/unwd-range-l1-r3/pm_layered.a(pm.o)
                0x00000000080014a4                pm_set_lowest
 .text.periph_apb_clk
                0x00000000080014e4        0xc /Users/sokrat/Desktop/RIOT/miem/prog4.2/bin/unwd-range-l1-r3/stm32_common.a(cpu_common.o)
                0x00000000080014e4                periph_apb_clk
 .text.periph_timer_clk
                0x00000000080014f0       0x14 /Users/sokrat/Desktop/RIOT/miem/prog4.2/bin/unwd-range-l1-r3/stm32_common.a(cpu_common.o)
                0x00000000080014f0                periph_timer_clk
 .text.periph_clk_en
                0x0000000008001504       0x30 /Users/sokrat/Desktop/RIOT/miem/prog4.2/bin/unwd-range-l1-r3/stm32_common.a(cpu_common.o)
                0x0000000008001504                periph_clk_en
 .text.periph_clk_dis
                0x0000000008001534       0x34 /Users/sokrat/Desktop/RIOT/miem/prog4.2/bin/unwd-range-l1-r3/stm32_common.a(cpu_common.o)
                0x0000000008001534                periph_clk_dis
 .text.is_periph_clk
                0x0000000008001568       0x30 /Users/sokrat/Desktop/RIOT/miem/prog4.2/bin/unwd-range-l1-r3/stm32_common.a(cpu_common.o)
                0x0000000008001568                is_periph_clk
 .text.cpu_init
                0x0000000008001598       0x84 /Users/sokrat/Desktop/RIOT/miem/prog4.2/bin/unwd-range-l1-r3/stm32_common.a(cpu_init.o)
                0x0000000008001598                cpu_init
 .text.cpu_init_status
                0x000000000800161c       0x78 /Users/sokrat/Desktop/RIOT/miem/prog4.2/bin/unwd-range-l1-r3/stm32_common.a(stm_status.o)
                0x000000000800161c                cpu_init_status
 .text.utils_delay
                0x0000000008001694        0x6 /Users/sokrat/Desktop/RIOT/miem/prog4.2/bin/unwd-range-l1-r3/stm32_common.a(stmclk_l0l1.o)
 *fill*         0x000000000800169a        0x2 
 .text.stmclk_init_sysclk
                0x000000000800169c      0x200 /Users/sokrat/Desktop/RIOT/miem/prog4.2/bin/unwd-range-l1-r3/stm32_common.a(stmclk_l0l1.o)
                0x000000000800169c                stmclk_init_sysclk
 .text.irq_handler
                0x000000000800189c       0x84 /Users/sokrat/Desktop/RIOT/miem/prog4.2/bin/unwd-range-l1-r3/stm32_common_periph.a(timer.o)
 .text.timer_set_absolute
                0x0000000008001920       0x48 /Users/sokrat/Desktop/RIOT/miem/prog4.2/bin/unwd-range-l1-r3/stm32_common_periph.a(timer.o)
                0x0000000008001920                timer_set_absolute
 .text.timer_read
                0x0000000008001968       0x10 /Users/sokrat/Desktop/RIOT/miem/prog4.2/bin/unwd-range-l1-r3/stm32_common_periph.a(timer.o)
                0x0000000008001968                timer_read
 .text.timer_start
                0x0000000008001978       0x18 /Users/sokrat/Desktop/RIOT/miem/prog4.2/bin/unwd-range-l1-r3/stm32_common_periph.a(timer.o)
                0x0000000008001978                timer_start
 .text.timer_init
                0x0000000008001990       0x88 /Users/sokrat/Desktop/RIOT/miem/prog4.2/bin/unwd-range-l1-r3/stm32_common_periph.a(timer.o)
                0x0000000008001990                timer_init
 .text.isr_tim11
                0x0000000008001a18        0x6 /Users/sokrat/Desktop/RIOT/miem/prog4.2/bin/unwd-range-l1-r3/stm32_common_periph.a(timer.o)
                0x0000000008001a18                isr_tim11
 .text.isr_tim9
                0x0000000008001a1e        0x6 /Users/sokrat/Desktop/RIOT/miem/prog4.2/bin/unwd-range-l1-r3/stm32_common_periph.a(timer.o)
                0x0000000008001a1e                isr_tim9
 .text._pop     0x0000000008001a24       0x12 /Users/sokrat/Desktop/RIOT/miem/prog4.2/bin/unwd-range-l1-r3/tsrb.a(tsrb.o)
 .text.tsrb_get
                0x0000000008001a36       0x26 /Users/sokrat/Desktop/RIOT/miem/prog4.2/bin/unwd-range-l1-r3/tsrb.a(tsrb.o)
                0x0000000008001a36                tsrb_get
 .text.tsrb_add_one
                0x0000000008001a5c       0x26 /Users/sokrat/Desktop/RIOT/miem/prog4.2/bin/unwd-range-l1-r3/tsrb.a(tsrb.o)
                0x0000000008001a5c                tsrb_add_one
 .text.periph_init
                0x0000000008001a82        0x2 /Users/sokrat/Desktop/RIOT/miem/prog4.2/bin/unwd-range-l1-r3/periph_common.a(init.o)
                0x0000000008001a82                periph_init
 .text.callback_btn
                0x0000000008001a84       0x28 /Users/sokrat/Desktop/RIOT/miem/prog4.2/bin/unwd-range-l1-r3/application_prog4.2.a(main.o)
                0x0000000008001a84                callback_btn
 .text.btn_handler
                0x0000000008001aac       0x9c /Users/sokrat/Desktop/RIOT/miem/prog4.2/bin/unwd-range-l1-r3/application_prog4.2.a(main.o)
 .text.delay_ms
                0x0000000008001b48       0x10 /Users/sokrat/Desktop/RIOT/miem/prog4.2/bin/unwd-range-l1-r3/application_prog4.2.a(main.o)
                0x0000000008001b48                delay_ms
 .text.startup.main
                0x0000000008001b58      0x1d0 /Users/sokrat/Desktop/RIOT/miem/prog4.2/bin/unwd-range-l1-r3/application_prog4.2.a(main.o)
                0x0000000008001b58                main
 .text.auto_init
                0x0000000008001d28        0x4 /Users/sokrat/Desktop/RIOT/miem/prog4.2/bin/unwd-range-l1-r3/auto_init.a(auto_init.o)
                0x0000000008001d28                auto_init
 .text._mutex_lock
                0x0000000008001d2c       0x60 /Users/sokrat/Desktop/RIOT/miem/prog4.2/bin/unwd-range-l1-r3/core.a(mutex.o)
                0x0000000008001d2c                _mutex_lock
 .text.mutex_unlock
                0x0000000008001d8c       0x4c /Users/sokrat/Desktop/RIOT/miem/prog4.2/bin/unwd-range-l1-r3/core.a(mutex.o)
                0x0000000008001d8c                mutex_unlock
 .text.__libc_init_array
                0x0000000008001dd8       0x48 /Applications/ARM/bin/../lib/gcc/arm-none-eabi/10.3.1/../../../../arm-none-eabi/lib/thumb/v7-m/nofp/libc_nano.a(lib_a-init.o)
                0x0000000008001dd8                __libc_init_array
 .text.printf   0x0000000008001e20       0x30 /Applications/ARM/bin/../lib/gcc/arm-none-eabi/10.3.1/../../../../arm-none-eabi/lib/thumb/v7-m/nofp/libc_nano.a(lib_a-printf.o)
                0x0000000008001e20                printf
                0x0000000008001e20                iprintf
 .text._puts_r  0x0000000008001e50       0xdc /Applications/ARM/bin/../lib/gcc/arm-none-eabi/10.3.1/../../../../arm-none-eabi/lib/thumb/v7-m/nofp/libc_nano.a(lib_a-puts.o)
                0x0000000008001e50                _puts_r
 .text.puts     0x0000000008001f2c       0x10 /Applications/ARM/bin/../lib/gcc/arm-none-eabi/10.3.1/../../../../arm-none-eabi/lib/thumb/v7-m/nofp/libc_nano.a(lib_a-puts.o)
                0x0000000008001f2c                puts
 .text.__swbuf_r
                0x0000000008001f3c       0xa4 /Applications/ARM/bin/../lib/gcc/arm-none-eabi/10.3.1/../../../../arm-none-eabi/lib/thumb/v7-m/nofp/libc_nano.a(lib_a-wbuf.o)
                0x0000000008001f3c                __swbuf_r
 .text.__swsetup_r
                0x0000000008001fe0       0xdc /Applications/ARM/bin/../lib/gcc/arm-none-eabi/10.3.1/../../../../arm-none-eabi/lib/thumb/v7-m/nofp/libc_nano.a(lib_a-wsetup.o)
                0x0000000008001fe0                __swsetup_r
 .text.__sflush_r
                0x00000000080020bc      0x104 /Applications/ARM/bin/../lib/gcc/arm-none-eabi/10.3.1/../../../../arm-none-eabi/lib/thumb/v7-m/nofp/libc_nano.a(lib_a-fflush.o)
                0x00000000080020bc                __sflush_r
 .text._fflush_r
                0x00000000080021c0       0x78 /Applications/ARM/bin/../lib/gcc/arm-none-eabi/10.3.1/../../../../arm-none-eabi/lib/thumb/v7-m/nofp/libc_nano.a(lib_a-fflush.o)
                0x00000000080021c0                _fflush_r
 .text.std      0x0000000008002238       0x48 /Applications/ARM/bin/../lib/gcc/arm-none-eabi/10.3.1/../../../../arm-none-eabi/lib/thumb/v7-m/nofp/libc_nano.a(lib_a-findfp.o)
 .text._cleanup_r
                0x0000000008002280        0xc /Applications/ARM/bin/../lib/gcc/arm-none-eabi/10.3.1/../../../../arm-none-eabi/lib/thumb/v7-m/nofp/libc_nano.a(lib_a-findfp.o)
                0x0000000008002280                _cleanup_r
 .text.__sfmoreglue
                0x000000000800228c       0x2c /Applications/ARM/bin/../lib/gcc/arm-none-eabi/10.3.1/../../../../arm-none-eabi/lib/thumb/v7-m/nofp/libc_nano.a(lib_a-findfp.o)
                0x000000000800228c                __sfmoreglue
 .text.__sfp_lock_acquire
                0x00000000080022b8        0xc /Applications/ARM/bin/../lib/gcc/arm-none-eabi/10.3.1/../../../../arm-none-eabi/lib/thumb/v7-m/nofp/libc_nano.a(lib_a-findfp.o)
                0x00000000080022b8                __sfp_lock_acquire
 .text.__sfp_lock_release
                0x00000000080022c4        0xc /Applications/ARM/bin/../lib/gcc/arm-none-eabi/10.3.1/../../../../arm-none-eabi/lib/thumb/v7-m/nofp/libc_nano.a(lib_a-findfp.o)
                0x00000000080022c4                __sfp_lock_release
 .text.__sinit_lock_acquire
                0x00000000080022d0        0xc /Applications/ARM/bin/../lib/gcc/arm-none-eabi/10.3.1/../../../../arm-none-eabi/lib/thumb/v7-m/nofp/libc_nano.a(lib_a-findfp.o)
                0x00000000080022d0                __sinit_lock_acquire
 .text.__sinit_lock_release
                0x00000000080022dc        0xc /Applications/ARM/bin/../lib/gcc/arm-none-eabi/10.3.1/../../../../arm-none-eabi/lib/thumb/v7-m/nofp/libc_nano.a(lib_a-findfp.o)
                0x00000000080022dc                __sinit_lock_release
 .text.__sinit  0x00000000080022e8       0x70 /Applications/ARM/bin/../lib/gcc/arm-none-eabi/10.3.1/../../../../arm-none-eabi/lib/thumb/v7-m/nofp/libc_nano.a(lib_a-findfp.o)
                0x00000000080022e8                __sinit
 .text.__sfp    0x0000000008002358       0x8c /Applications/ARM/bin/../lib/gcc/arm-none-eabi/10.3.1/../../../../arm-none-eabi/lib/thumb/v7-m/nofp/libc_nano.a(lib_a-findfp.o)
                0x0000000008002358                __sfp
 .text._fwalk_reent
                0x00000000080023e4       0x3e /Applications/ARM/bin/../lib/gcc/arm-none-eabi/10.3.1/../../../../arm-none-eabi/lib/thumb/v7-m/nofp/libc_nano.a(lib_a-fwalk.o)
                0x00000000080023e4                _fwalk_reent
 .text.__retarget_lock_init_recursive
                0x0000000008002422        0x2 /Applications/ARM/bin/../lib/gcc/arm-none-eabi/10.3.1/../../../../arm-none-eabi/lib/thumb/v7-m/nofp/libc_nano.a(lib_a-lock.o)
                0x0000000008002422                __retarget_lock_init_recursive
 .text.__retarget_lock_acquire_recursive
                0x0000000008002424        0x2 /Applications/ARM/bin/../lib/gcc/arm-none-eabi/10.3.1/../../../../arm-none-eabi/lib/thumb/v7-m/nofp/libc_nano.a(lib_a-lock.o)
                0x0000000008002424                __retarget_lock_acquire_recursive
 .text.__retarget_lock_release_recursive
                0x0000000008002426        0x2 /Applications/ARM/bin/../lib/gcc/arm-none-eabi/10.3.1/../../../../arm-none-eabi/lib/thumb/v7-m/nofp/libc_nano.a(lib_a-lock.o)
                0x0000000008002426                __retarget_lock_release_recursive
 .text.__swhatbuf_r
                0x0000000008002428       0x4a /Applications/ARM/bin/../lib/gcc/arm-none-eabi/10.3.1/../../../../arm-none-eabi/lib/thumb/v7-m/nofp/libc_nano.a(lib_a-makebuf.o)
                0x0000000008002428                __swhatbuf_r
 *fill*         0x0000000008002472        0x2 
 .text.__smakebuf_r
                0x0000000008002474       0x80 /Applications/ARM/bin/../lib/gcc/arm-none-eabi/10.3.1/../../../../arm-none-eabi/lib/thumb/v7-m/nofp/libc_nano.a(lib_a-makebuf.o)
                0x0000000008002474                __smakebuf_r
 .text.memset   0x00000000080024f4       0x10 /Applications/ARM/bin/../lib/gcc/arm-none-eabi/10.3.1/../../../../arm-none-eabi/lib/thumb/v7-m/nofp/libc_nano.a(lib_a-memset.o)
                0x00000000080024f4                memset
 .text._free_r  0x0000000008002504       0x90 /Applications/ARM/bin/../lib/gcc/arm-none-eabi/10.3.1/../../../../arm-none-eabi/lib/thumb/v7-m/nofp/libc_nano.a(lib_a-nano-freer.o)
                0x0000000008002504                _free_r
 .text.sbrk_aligned
                0x0000000008002594       0x40 /Applications/ARM/bin/../lib/gcc/arm-none-eabi/10.3.1/../../../../arm-none-eabi/lib/thumb/v7-m/nofp/libc_nano.a(lib_a-nano-mallocr.o)
 .text._malloc_r
                0x00000000080025d4       0xe8 /Applications/ARM/bin/../lib/gcc/arm-none-eabi/10.3.1/../../../../arm-none-eabi/lib/thumb/v7-m/nofp/libc_nano.a(lib_a-nano-mallocr.o)
                0x00000000080025d4                _malloc_r
 .text.__sfputc_r
                0x00000000080026bc       0x2a /Applications/ARM/bin/../lib/gcc/arm-none-eabi/10.3.1/../../../../arm-none-eabi/lib/thumb/v7-m/nofp/libc_nano.a(lib_a-nano-vfprintf.o)
 .text.__sfputs_r
                0x00000000080026e6       0x24 /Applications/ARM/bin/../lib/gcc/arm-none-eabi/10.3.1/../../../../arm-none-eabi/lib/thumb/v7-m/nofp/libc_nano.a(lib_a-nano-vfprintf.o)
                0x00000000080026e6                __sfputs_r
 *fill*         0x000000000800270a        0x2 
 .text._vfprintf_r
                0x000000000800270c      0x260 /Applications/ARM/bin/../lib/gcc/arm-none-eabi/10.3.1/../../../../arm-none-eabi/lib/thumb/v7-m/nofp/libc_nano.a(lib_a-nano-vfprintf.o)
                0x000000000800270c                _vfiprintf_r
                0x000000000800270c                _vfprintf_r
 .text._printf_common
                0x000000000800296c       0xde /Applications/ARM/bin/../lib/gcc/arm-none-eabi/10.3.1/../../../../arm-none-eabi/lib/thumb/v7-m/nofp/libc_nano.a(lib_a-nano-vfprintf_i.o)
                0x000000000800296c                _printf_common
 *fill*         0x0000000008002a4a        0x2 
 .text._printf_i
                0x0000000008002a4c      0x24c /Applications/ARM/bin/../lib/gcc/arm-none-eabi/10.3.1/../../../../arm-none-eabi/lib/thumb/v7-m/nofp/libc_nano.a(lib_a-nano-vfprintf_i.o)
                0x0000000008002a4c                _printf_i
 .text.__sread  0x0000000008002c98       0x22 /Applications/ARM/bin/../lib/gcc/arm-none-eabi/10.3.1/../../../../arm-none-eabi/lib/thumb/v7-m/nofp/libc_nano.a(lib_a-stdio.o)
                0x0000000008002c98                __sread
 .text.__swrite
                0x0000000008002cba       0x38 /Applications/ARM/bin/../lib/gcc/arm-none-eabi/10.3.1/../../../../arm-none-eabi/lib/thumb/v7-m/nofp/libc_nano.a(lib_a-stdio.o)
                0x0000000008002cba                __swrite
 .text.__sseek  0x0000000008002cf2       0x24 /Applications/ARM/bin/../lib/gcc/arm-none-eabi/10.3.1/../../../../arm-none-eabi/lib/thumb/v7-m/nofp/libc_nano.a(lib_a-stdio.o)
                0x0000000008002cf2                __sseek
 .text.__sclose
                0x0000000008002d16        0x8 /Applications/ARM/bin/../lib/gcc/arm-none-eabi/10.3.1/../../../../arm-none-eabi/lib/thumb/v7-m/nofp/libc_nano.a(lib_a-stdio.o)
                0x0000000008002d16                __sclose
 .text.memchr   0x0000000008002d1e       0x1c /Applications/ARM/bin/../lib/gcc/arm-none-eabi/10.3.1/../../../../arm-none-eabi/lib/thumb/v7-m/nofp/libc_nano.a(lib_a-memchr-stub.o)
                0x0000000008002d1e                memchr
 *fill*         0x0000000008002d3a        0x2 
 .text.__malloc_lock
                0x0000000008002d3c        0xc /Applications/ARM/bin/../lib/gcc/arm-none-eabi/10.3.1/../../../../arm-none-eabi/lib/thumb/v7-m/nofp/libc_nano.a(lib_a-mlock.o)
                0x0000000008002d3c                __malloc_lock
 .text.__malloc_unlock
                0x0000000008002d48        0xc /Applications/ARM/bin/../lib/gcc/arm-none-eabi/10.3.1/../../../../arm-none-eabi/lib/thumb/v7-m/nofp/libc_nano.a(lib_a-mlock.o)
                0x0000000008002d48                __malloc_unlock
 *(.glue_7t)
 .glue_7t       0x0000000008002d54        0x0 linker stubs
 *(.glue_7)
 .glue_7        0x0000000008002d54        0x0 linker stubs
 *(.rodata .rodata* .gnu.linkonce.r.*)
 .rodata.nmi_default.str1.1
                0x0000000008002d54        0xc /Users/sokrat/Desktop/RIOT/miem/prog4.2/bin/unwd-range-l1-r3/cortexm_common.a(vectors_cortexm.o)
 .rodata.mem_manage_default.str1.1
                0x0000000008002d60       0x13 /Users/sokrat/Desktop/RIOT/miem/prog4.2/bin/unwd-range-l1-r3/cortexm_common.a(vectors_cortexm.o)
 .rodata.bus_fault_default.str1.1
                0x0000000008002d73       0x12 /Users/sokrat/Desktop/RIOT/miem/prog4.2/bin/unwd-range-l1-r3/cortexm_common.a(vectors_cortexm.o)
 .rodata.usage_fault_default.str1.1
                0x0000000008002d85       0x14 /Users/sokrat/Desktop/RIOT/miem/prog4.2/bin/unwd-range-l1-r3/cortexm_common.a(vectors_cortexm.o)
 .rodata.debug_mon_default.str1.1
                0x0000000008002d99       0x12 /Users/sokrat/Desktop/RIOT/miem/prog4.2/bin/unwd-range-l1-r3/cortexm_common.a(vectors_cortexm.o)
 .rodata.dummy_handler_default.str1.1
                0x0000000008002dab        0xe /Users/sokrat/Desktop/RIOT/miem/prog4.2/bin/unwd-range-l1-r3/cortexm_common.a(vectors_cortexm.o)
 .rodata.hard_fault_handler.str1.1
                0x0000000008002db9      0x1f4 /Users/sokrat/Desktop/RIOT/miem/prog4.2/bin/unwd-range-l1-r3/cortexm_common.a(vectors_cortexm.o)
 *fill*         0x0000000008002fad        0x3 
 .rodata.uart_config
                0x0000000008002fb0       0x48 /Users/sokrat/Desktop/RIOT/miem/prog4.2/bin/unwd-range-l1-r3/stm32_common_periph.a(pm.o)
 .rodata.uart_config
                0x0000000008002ff8       0x48 /Users/sokrat/Desktop/RIOT/miem/prog4.2/bin/unwd-range-l1-r3/stm32_common_periph.a(uart.o)
 .rodata.main_trampoline.str1.1
                0x0000000008003040       0x30 /Users/sokrat/Desktop/RIOT/miem/prog4.2/bin/unwd-range-l1-r3/core.a(kernel_init.o)
 .rodata.str1.1
                0x0000000008003070        0xa /Users/sokrat/Desktop/RIOT/miem/prog4.2/bin/unwd-range-l1-r3/core.a(kernel_init.o)
 .rodata.core_panic.str1.1
                0x000000000800307a       0x2e /Users/sokrat/Desktop/RIOT/miem/prog4.2/bin/unwd-range-l1-r3/core.a(panic.o)
 .rodata.assert_crash_message
                0x00000000080030a8       0x12 /Users/sokrat/Desktop/RIOT/miem/prog4.2/bin/unwd-range-l1-r3/core.a(panic.o)
                0x00000000080030a8                assert_crash_message
 .rodata.apbmul
                0x00000000080030ba        0x2 /Users/sokrat/Desktop/RIOT/miem/prog4.2/bin/unwd-range-l1-r3/stm32_common.a(cpu_common.o)
 .rodata.CSWTCH.1
                0x00000000080030bc       0x22 /Users/sokrat/Desktop/RIOT/miem/prog4.2/bin/unwd-range-l1-r3/stm32_common.a(stm_status.o)
 *fill*         0x00000000080030de        0x2 
 .rodata.timer_config
                0x00000000080030e0       0x20 /Users/sokrat/Desktop/RIOT/miem/prog4.2/bin/unwd-range-l1-r3/stm32_common_periph.a(timer.o)
 .rodata.main.str1.1
                0x0000000008003100       0x28 /Users/sokrat/Desktop/RIOT/miem/prog4.2/bin/unwd-range-l1-r3/application_prog4.2.a(main.o)
 .rodata        0x0000000008003128       0x10 /Users/sokrat/Desktop/RIOT/miem/prog4.2/bin/unwd-range-l1-r3/application_prog4.2.a(main.o)
 .rodata._global_impure_ptr
                0x0000000008003138        0x4 /Applications/ARM/bin/../lib/gcc/arm-none-eabi/10.3.1/../../../../arm-none-eabi/lib/thumb/v7-m/nofp/libc_nano.a(lib_a-impure.o)
                0x0000000008003138                _global_impure_ptr
 .rodata.__sf_fake_stderr
                0x000000000800313c       0x20 /Applications/ARM/bin/../lib/gcc/arm-none-eabi/10.3.1/../../../../arm-none-eabi/lib/thumb/v7-m/nofp/libc_nano.a(lib_a-findfp.o)
                0x000000000800313c                __sf_fake_stderr
 .rodata.__sf_fake_stdin
                0x000000000800315c       0x20 /Applications/ARM/bin/../lib/gcc/arm-none-eabi/10.3.1/../../../../arm-none-eabi/lib/thumb/v7-m/nofp/libc_nano.a(lib_a-findfp.o)
                0x000000000800315c                __sf_fake_stdin
 .rodata.__sf_fake_stdout
                0x000000000800317c       0x20 /Applications/ARM/bin/../lib/gcc/arm-none-eabi/10.3.1/../../../../arm-none-eabi/lib/thumb/v7-m/nofp/libc_nano.a(lib_a-findfp.o)
                0x000000000800317c                __sf_fake_stdout
 .rodata._vfprintf_r.str1.1
                0x000000000800319c       0x11 /Applications/ARM/bin/../lib/gcc/arm-none-eabi/10.3.1/../../../../arm-none-eabi/lib/thumb/v7-m/nofp/libc_nano.a(lib_a-nano-vfprintf.o)
 .rodata._printf_i.str1.1
                0x00000000080031ad       0x22 /Applications/ARM/bin/../lib/gcc/arm-none-eabi/10.3.1/../../../../arm-none-eabi/lib/thumb/v7-m/nofp/libc_nano.a(lib_a-nano-vfprintf_i.o)
 *(.ARM.extab* .gnu.linkonce.armextab.*)
                0x00000000080031d0                . = ALIGN (0x4)
 *fill*         0x00000000080031cf        0x1 
 *(.init)
                0x00000000080031d0                . = ALIGN (0x4)
                0x00000000080031d0                __preinit_array_start = .
 *(.preinit_array)
                0x00000000080031d0                __preinit_array_end = .
                0x00000000080031d0                . = ALIGN (0x4)
                0x00000000080031d0                __init_array_start = .
 *(SORT_BY_NAME(.init_array.*))
 *(.init_array)
                0x00000000080031d0                __init_array_end = .
                0x00000000080031d0                . = ALIGN (0x4)
 *crtbegin.o(.ctors)
 *(EXCLUDE_FILE(*crtend.o) .ctors)
 *(SORT_BY_NAME(.ctors.*))
 *crtend.o(.ctors)
                0x00000000080031d0                . = ALIGN (0x4)
 *(.fini)
                0x00000000080031d0                . = ALIGN (0x4)
                0x00000000080031d0                __fini_array_start = .
 *(.fini_array)
 *(SORT_BY_NAME(.fini_array.*))
                0x00000000080031d0                __fini_array_end = .
 *crtbegin.o(.dtors)
 *(EXCLUDE_FILE(*crtend.o) .dtors)
 *(SORT_BY_NAME(.dtors.*))
 *crtend.o(.dtors)
                0x00000000080031d0                . = ALIGN (0x4)
                0x00000000080031d0                _efixed = .
                [!provide]                        PROVIDE (__exidx_start = .)

.vfp11_veneer   0x00000000080031d0        0x0
 .vfp11_veneer  0x00000000080031d0        0x0 linker stubs

.v4_bx          0x00000000080031d0        0x0
 .v4_bx         0x00000000080031d0        0x0 linker stubs

.iplt           0x00000000080031d0        0x0
 .iplt          0x00000000080031d0        0x0 /Users/sokrat/Desktop/RIOT/miem/prog4.2/bin/unwd-range-l1-r3/cpu/vectors.o

.igot.plt       0x00000000080031d0        0x0
 .igot.plt      0x00000000080031d0        0x0 /Users/sokrat/Desktop/RIOT/miem/prog4.2/bin/unwd-range-l1-r3/cpu/vectors.o

.rel.dyn        0x00000000080031d0        0x0
 .rel.iplt      0x00000000080031d0        0x0 /Users/sokrat/Desktop/RIOT/miem/prog4.2/bin/unwd-range-l1-r3/cpu/vectors.o

.ARM.exidx
 *(.ARM.exidx* .gnu.linkonce.armexidx.*)
                [!provide]                        PROVIDE (__exidx_end = .)
                0x00000000080031d0                . = ALIGN (0x4)

.eh_frame
 *(.eh_frame)
                0x00000000080031d0                . = ALIGN (0x4)
                0x00000000080031d0                _etext = .

.stack          0x0000000020000000      0x200
 *(.puf)
                0x0000000020000000                . = ALIGN (0x8)
                0x0000000020000000                _sstack = .
 *(.isr_stack)
 .isr_stack     0x0000000020000000      0x200 /Users/sokrat/Desktop/RIOT/miem/prog4.2/bin/unwd-range-l1-r3/cortexm_common.a(vectors_cortexm.o)
                0x0000000020000000                isr_stack
                0x0000000020000200                . = ALIGN (0x8)
                0x0000000020000200                _estack = .

.relocate       0x0000000020000200       0x9c load address 0x00000000080031d0
                0x0000000020000200                . = ALIGN (0x4)
                0x0000000020000200                _srelocate = .
 *(.ramfunc .ramfunc.*)
 *(.data .data.*)
 .data.heap_top
                0x0000000020000200        0x4 /Users/sokrat/Desktop/RIOT/miem/prog4.2/bin/unwd-range-l1-r3/newlib_syscalls_default/syscalls.o
                0x0000000020000200                heap_top
 .data.stdio_uart_isrpipe
                0x0000000020000204       0x14 /Users/sokrat/Desktop/RIOT/miem/prog4.2/bin/unwd-range-l1-r3/stdio_uart.a(stdio_uart.o)
                0x0000000020000204                stdio_uart_isrpipe
 .data.idle_name
                0x0000000020000218        0x4 /Users/sokrat/Desktop/RIOT/miem/prog4.2/bin/unwd-range-l1-r3/core.a(kernel_init.o)
                0x0000000020000218                idle_name
 .data.main_name
                0x000000002000021c        0x4 /Users/sokrat/Desktop/RIOT/miem/prog4.2/bin/unwd-range-l1-r3/core.a(kernel_init.o)
                0x000000002000021c                main_name
 .data.pm_blocker
                0x0000000020000220        0x4 /Users/sokrat/Desktop/RIOT/miem/prog4.2/bin/unwd-range-l1-r3/pm_layered.a(pm.o)
                0x0000000020000220                pm_blocker
 .data.n        0x0000000020000224       0x10 /Users/sokrat/Desktop/RIOT/miem/prog4.2/bin/unwd-range-l1-r3/application_prog4.2.a(main.o)
                0x0000000020000224                n
 .data._impure_ptr
                0x0000000020000234        0x4 /Applications/ARM/bin/../lib/gcc/arm-none-eabi/10.3.1/../../../../arm-none-eabi/lib/thumb/v7-m/nofp/libc_nano.a(lib_a-impure.o)
                0x0000000020000234                _impure_ptr
 .data.impure_data
                0x0000000020000238       0x60 /Applications/ARM/bin/../lib/gcc/arm-none-eabi/10.3.1/../../../../arm-none-eabi/lib/thumb/v7-m/nofp/libc_nano.a(lib_a-impure.o)
 *(.openocd .openocd.*)
 .openocd       0x0000000020000298        0x2 /Users/sokrat/Desktop/RIOT/miem/prog4.2/bin/unwd-range-l1-r3/core.a(sched.o)
                0x0000000020000298                _tcb_name_offset
                0x0000000020000299                max_threads
                0x000000002000029c                . = ALIGN (0x4)
 *fill*         0x000000002000029a        0x2 
                0x000000002000029c                _erelocate = .

.noinit         0x000000002000029c        0x0 load address 0x000000000800326c
                0x000000002000029c                __noinit_start = .
 *(.noinit)
                0x000000002000029c                . = ALIGN (0x4)
                0x000000002000029c                __noinit_end = .

.bss            0x000000002000029c      0xfb8 load address 0x000000000800326c
                0x000000002000029c                . = ALIGN (0x4)
                0x000000002000029c                _sbss = .
                0x000000002000029c                _szero = .
 *(.bss .bss.*)
 .bss.runqueue_bitcache
                0x000000002000029c        0x4 /Users/sokrat/Desktop/RIOT/miem/prog4.2/bin/unwd-range-l1-r3/core.a(sched.o)
 .bss.sched_active_pid
                0x00000000200002a0        0x2 /Users/sokrat/Desktop/RIOT/miem/prog4.2/bin/unwd-range-l1-r3/core.a(sched.o)
                0x00000000200002a0                sched_active_pid
 *fill*         0x00000000200002a2        0x2 
 .bss.sched_active_thread
                0x00000000200002a4        0x4 /Users/sokrat/Desktop/RIOT/miem/prog4.2/bin/unwd-range-l1-r3/core.a(sched.o)
                0x00000000200002a4                sched_active_thread
 .bss.sched_context_switch_request
                0x00000000200002a8        0x4 /Users/sokrat/Desktop/RIOT/miem/prog4.2/bin/unwd-range-l1-r3/core.a(sched.o)
                0x00000000200002a8                sched_context_switch_request
 .bss.sched_num_threads
                0x00000000200002ac        0x4 /Users/sokrat/Desktop/RIOT/miem/prog4.2/bin/unwd-range-l1-r3/core.a(sched.o)
                0x00000000200002ac                sched_num_threads
 .bss.sched_runqueues
                0x00000000200002b0       0x40 /Users/sokrat/Desktop/RIOT/miem/prog4.2/bin/unwd-range-l1-r3/core.a(sched.o)
                0x00000000200002b0                sched_runqueues
 .bss.sched_threads
                0x00000000200002f0       0x84 /Users/sokrat/Desktop/RIOT/miem/prog4.2/bin/unwd-range-l1-r3/core.a(sched.o)
                0x00000000200002f0                sched_threads
 .bss._rx_buf_mem
                0x0000000020000374       0x40 /Users/sokrat/Desktop/RIOT/miem/prog4.2/bin/unwd-range-l1-r3/stdio_uart.a(stdio_uart.o)
 .bss.lpm_gpio_brr
                0x00000000200003b4       0x10 /Users/sokrat/Desktop/RIOT/miem/prog4.2/bin/unwd-range-l1-r3/stm32_common_periph.a(pm.o)
 .bss.lpm_gpio_moder
                0x00000000200003c4       0x20 /Users/sokrat/Desktop/RIOT/miem/prog4.2/bin/unwd-range-l1-r3/stm32_common_periph.a(pm.o)
 .bss.lpm_gpio_otyper
                0x00000000200003e4       0x10 /Users/sokrat/Desktop/RIOT/miem/prog4.2/bin/unwd-range-l1-r3/stm32_common_periph.a(pm.o)
 .bss.lpm_gpio_pupdr
                0x00000000200003f4       0x20 /Users/sokrat/Desktop/RIOT/miem/prog4.2/bin/unwd-range-l1-r3/stm32_common_periph.a(pm.o)
 .bss.lpm_usart
                0x0000000020000414        0x3 /Users/sokrat/Desktop/RIOT/miem/prog4.2/bin/unwd-range-l1-r3/stm32_common_periph.a(pm.o)
 .bss.powermode
                0x0000000020000417        0x1 /Users/sokrat/Desktop/RIOT/miem/prog4.2/bin/unwd-range-l1-r3/stm32_common_periph.a(pm.o)
 .bss.isr_ctx   0x0000000020000418       0x24 /Users/sokrat/Desktop/RIOT/miem/prog4.2/bin/unwd-range-l1-r3/stm32_common_periph.a(uart.o)
 .bss.isr_ctx   0x000000002000043c       0x80 /Users/sokrat/Desktop/RIOT/miem/prog4.2/bin/unwd-range-l1-r3/stm32_common_periph.a(gpio.o)
 .bss._in_handler
                0x00000000200004bc        0x4 /Users/sokrat/Desktop/RIOT/miem/prog4.2/bin/unwd-range-l1-r3/xtimer.a(xtimer_core.o)
 .bss._long_cnt
                0x00000000200004c0        0x4 /Users/sokrat/Desktop/RIOT/miem/prog4.2/bin/unwd-range-l1-r3/xtimer.a(xtimer_core.o)
 .bss._xtimer_high_cnt
                0x00000000200004c4        0x4 /Users/sokrat/Desktop/RIOT/miem/prog4.2/bin/unwd-range-l1-r3/xtimer.a(xtimer_core.o)
                0x00000000200004c4                _xtimer_high_cnt
 .bss.long_list_head
                0x00000000200004c8        0x4 /Users/sokrat/Desktop/RIOT/miem/prog4.2/bin/unwd-range-l1-r3/xtimer.a(xtimer_core.o)
 .bss.overflow_list_head
                0x00000000200004cc        0x4 /Users/sokrat/Desktop/RIOT/miem/prog4.2/bin/unwd-range-l1-r3/xtimer.a(xtimer_core.o)
 .bss.timer_list_head
                0x00000000200004d0        0x4 /Users/sokrat/Desktop/RIOT/miem/prog4.2/bin/unwd-range-l1-r3/xtimer.a(xtimer_core.o)
 .bss.idle_stack
                0x00000000200004d4      0x100 /Users/sokrat/Desktop/RIOT/miem/prog4.2/bin/unwd-range-l1-r3/core.a(kernel_init.o)
 .bss.main_stack
                0x00000000200005d4      0xc00 /Users/sokrat/Desktop/RIOT/miem/prog4.2/bin/unwd-range-l1-r3/core.a(kernel_init.o)
 .bss.crashed   0x00000000200011d4        0x4 /Users/sokrat/Desktop/RIOT/miem/prog4.2/bin/unwd-range-l1-r3/core.a(panic.o)
 .bss.cpu_status
                0x00000000200011d8       0x28 /Users/sokrat/Desktop/RIOT/miem/prog4.2/bin/unwd-range-l1-r3/stm32_common.a(stm_status.o)
                0x00000000200011d8                cpu_status
 .bss.clock_source_rdy
                0x0000000020001200        0x4 /Users/sokrat/Desktop/RIOT/miem/prog4.2/bin/unwd-range-l1-r3/stm32_common.a(stmclk_l0l1.o)
 .bss.isr_ctx   0x0000000020001204       0x10 /Users/sokrat/Desktop/RIOT/miem/prog4.2/bin/unwd-range-l1-r3/stm32_common_periph.a(timer.o)
 .bss.btn_timer
                0x0000000020001214       0x14 /Users/sokrat/Desktop/RIOT/miem/prog4.2/bin/unwd-range-l1-r3/application_prog4.2.a(main.o)
                0x0000000020001214                btn_timer
 .bss.i         0x0000000020001228        0x4 /Users/sokrat/Desktop/RIOT/miem/prog4.2/bin/unwd-range-l1-r3/application_prog4.2.a(main.o)
                0x0000000020001228                i
 .bss.k         0x000000002000122c        0x4 /Users/sokrat/Desktop/RIOT/miem/prog4.2/bin/unwd-range-l1-r3/application_prog4.2.a(main.o)
                0x000000002000122c                k
 .bss.r         0x0000000020001230        0x4 /Users/sokrat/Desktop/RIOT/miem/prog4.2/bin/unwd-range-l1-r3/application_prog4.2.a(main.o)
                0x0000000020001230                r
 .bss.v         0x0000000020001234        0x4 /Users/sokrat/Desktop/RIOT/miem/prog4.2/bin/unwd-range-l1-r3/application_prog4.2.a(main.o)
                0x0000000020001234                v
 .bss.z         0x0000000020001238       0x10 /Users/sokrat/Desktop/RIOT/miem/prog4.2/bin/unwd-range-l1-r3/application_prog4.2.a(main.o)
                0x0000000020001238                z
 .bss.__lock___malloc_recursive_mutex
                0x0000000020001248        0x1 /Applications/ARM/bin/../lib/gcc/arm-none-eabi/10.3.1/../../../../arm-none-eabi/lib/thumb/v7-m/nofp/libc_nano.a(lib_a-lock.o)
                0x0000000020001248                __lock___malloc_recursive_mutex
 .bss.__lock___sfp_recursive_mutex
                0x0000000020001249        0x1 /Applications/ARM/bin/../lib/gcc/arm-none-eabi/10.3.1/../../../../arm-none-eabi/lib/thumb/v7-m/nofp/libc_nano.a(lib_a-lock.o)
                0x0000000020001249                __lock___sfp_recursive_mutex
 .bss.__lock___sinit_recursive_mutex
                0x000000002000124a        0x1 /Applications/ARM/bin/../lib/gcc/arm-none-eabi/10.3.1/../../../../arm-none-eabi/lib/thumb/v7-m/nofp/libc_nano.a(lib_a-lock.o)
                0x000000002000124a                __lock___sinit_recursive_mutex
 *fill*         0x000000002000124b        0x1 
 .bss.__malloc_free_list
                0x000000002000124c        0x4 /Applications/ARM/bin/../lib/gcc/arm-none-eabi/10.3.1/../../../../arm-none-eabi/lib/thumb/v7-m/nofp/libc_nano.a(lib_a-nano-mallocr.o)
                0x000000002000124c                __malloc_free_list
 .bss.__malloc_sbrk_start
                0x0000000020001250        0x4 /Applications/ARM/bin/../lib/gcc/arm-none-eabi/10.3.1/../../../../arm-none-eabi/lib/thumb/v7-m/nofp/libc_nano.a(lib_a-nano-mallocr.o)
                0x0000000020001250                __malloc_sbrk_start
 *(COMMON)
                0x0000000020001254                . = ALIGN (0x4)
                0x0000000020001254                _ebss = .
                0x0000000020001254                _ezero = .
                0x0000000020001254                . = ALIGN (0x4)
                0x0000000020001254                _sheap = .
                0x0000000020014000                _eheap = (ORIGIN (ram) + LENGTH (ram))
                0x0000000020000000                _sram = ORIGIN (ram)
                0x0000000020014000                _eram = (ORIGIN (ram) + LENGTH (ram))
OUTPUT(/Users/sokrat/Desktop/RIOT/miem/prog4.2/bin/unwd-range-l1-r3/prog4.2.elf elf32-littlearm)
LOAD linker stubs

.debug_info     0x0000000000000000    0x17e78
 .debug_info    0x0000000000000000       0xdb /Users/sokrat/Desktop/RIOT/miem/prog4.2/bin/unwd-range-l1-r3/cpu/vectors.o
 .debug_info    0x00000000000000db     0x1f90 /Users/sokrat/Desktop/RIOT/miem/prog4.2/bin/unwd-range-l1-r3/newlib_syscalls_default/syscalls.o
 .debug_info    0x000000000000206b      0x717 /Users/sokrat/Desktop/RIOT/miem/prog4.2/bin/unwd-range-l1-r3/core.a(sched.o)
 .debug_info    0x0000000000002782      0x7df /Users/sokrat/Desktop/RIOT/miem/prog4.2/bin/unwd-range-l1-r3/cortexm_common.a(thread_arch.o)
 .debug_info    0x0000000000002f61      0xa3f /Users/sokrat/Desktop/RIOT/miem/prog4.2/bin/unwd-range-l1-r3/cortexm_common.a(vectors_cortexm.o)
 .debug_info    0x00000000000039a0      0x23f /Users/sokrat/Desktop/RIOT/miem/prog4.2/bin/unwd-range-l1-r3/cortexm_common.a(irq_arch.o)
 .debug_info    0x0000000000003bdf      0xfb1 /Users/sokrat/Desktop/RIOT/miem/prog4.2/bin/unwd-range-l1-r3/stdio_uart.a(stdio_uart.o)
 .debug_info    0x0000000000004b90     0x16c0 /Users/sokrat/Desktop/RIOT/miem/prog4.2/bin/unwd-range-l1-r3/stm32_common_periph.a(pm.o)
 .debug_info    0x0000000000006250     0x1a0b /Users/sokrat/Desktop/RIOT/miem/prog4.2/bin/unwd-range-l1-r3/stm32_common_periph.a(uart.o)
 .debug_info    0x0000000000007c5b     0x1d38 /Users/sokrat/Desktop/RIOT/miem/prog4.2/bin/unwd-range-l1-r3/stm32_common_periph.a(gpio.o)
 .debug_info    0x0000000000009993     0x1dd6 /Users/sokrat/Desktop/RIOT/miem/prog4.2/bin/unwd-range-l1-r3/xtimer.a(xtimer_core.o)
 .debug_info    0x000000000000b769      0xdff /Users/sokrat/Desktop/RIOT/miem/prog4.2/bin/unwd-range-l1-r3/boards_common_unwd.a(board.o)
 .debug_info    0x000000000000c568      0x2b8 /Users/sokrat/Desktop/RIOT/miem/prog4.2/bin/unwd-range-l1-r3/core.a(kernel_init.o)
 .debug_info    0x000000000000c820      0x2a6 /Users/sokrat/Desktop/RIOT/miem/prog4.2/bin/unwd-range-l1-r3/core.a(panic.o)
 .debug_info    0x000000000000cac6      0xac9 /Users/sokrat/Desktop/RIOT/miem/prog4.2/bin/unwd-range-l1-r3/core.a(thread.o)
 .debug_info    0x000000000000d58f      0x8e4 /Users/sokrat/Desktop/RIOT/miem/prog4.2/bin/unwd-range-l1-r3/cortexm_common.a(cortexm_init.o)
 .debug_info    0x000000000000de73     0x14b3 /Users/sokrat/Desktop/RIOT/miem/prog4.2/bin/unwd-range-l1-r3/isrpipe.a(isrpipe.o)
 .debug_info    0x000000000000f326      0x2a5 /Users/sokrat/Desktop/RIOT/miem/prog4.2/bin/unwd-range-l1-r3/pm_layered.a(pm.o)
 .debug_info    0x000000000000f5cb     0x115f /Users/sokrat/Desktop/RIOT/miem/prog4.2/bin/unwd-range-l1-r3/stm32_common.a(cpu_common.o)
 .debug_info    0x000000000001072a     0x1057 /Users/sokrat/Desktop/RIOT/miem/prog4.2/bin/unwd-range-l1-r3/stm32_common.a(cpu_init.o)
 .debug_info    0x0000000000011781     0x1099 /Users/sokrat/Desktop/RIOT/miem/prog4.2/bin/unwd-range-l1-r3/stm32_common.a(stm_status.o)
 .debug_info    0x000000000001281a     0x11ca /Users/sokrat/Desktop/RIOT/miem/prog4.2/bin/unwd-range-l1-r3/stm32_common.a(stmclk_l0l1.o)
 .debug_info    0x00000000000139e4     0x198e /Users/sokrat/Desktop/RIOT/miem/prog4.2/bin/unwd-range-l1-r3/stm32_common_periph.a(timer.o)
 .debug_info    0x0000000000015372      0x418 /Users/sokrat/Desktop/RIOT/miem/prog4.2/bin/unwd-range-l1-r3/tsrb.a(tsrb.o)
 .debug_info    0x000000000001578a       0x3c /Users/sokrat/Desktop/RIOT/miem/prog4.2/bin/unwd-range-l1-r3/periph_common.a(init.o)
 .debug_info    0x00000000000157c6     0x1206 /Users/sokrat/Desktop/RIOT/miem/prog4.2/bin/unwd-range-l1-r3/application_prog4.2.a(main.o)
 .debug_info    0x00000000000169cc      0xd86 /Users/sokrat/Desktop/RIOT/miem/prog4.2/bin/unwd-range-l1-r3/auto_init.a(auto_init.o)
 .debug_info    0x0000000000017752      0x726 /Users/sokrat/Desktop/RIOT/miem/prog4.2/bin/unwd-range-l1-r3/core.a(mutex.o)

.debug_abbrev   0x0000000000000000     0x46e9
 .debug_abbrev  0x0000000000000000       0xb5 /Users/sokrat/Desktop/RIOT/miem/prog4.2/bin/unwd-range-l1-r3/cpu/vectors.o
 .debug_abbrev  0x00000000000000b5      0x470 /Users/sokrat/Desktop/RIOT/miem/prog4.2/bin/unwd-range-l1-r3/newlib_syscalls_default/syscalls.o
 .debug_abbrev  0x0000000000000525      0x2f8 /Users/sokrat/Desktop/RIOT/miem/prog4.2/bin/unwd-range-l1-r3/core.a(sched.o)
 .debug_abbrev  0x000000000000081d      0x31b /Users/sokrat/Desktop/RIOT/miem/prog4.2/bin/unwd-range-l1-r3/cortexm_common.a(thread_arch.o)
 .debug_abbrev  0x0000000000000b38      0x333 /Users/sokrat/Desktop/RIOT/miem/prog4.2/bin/unwd-range-l1-r3/cortexm_common.a(vectors_cortexm.o)
 .debug_abbrev  0x0000000000000e6b      0x172 /Users/sokrat/Desktop/RIOT/miem/prog4.2/bin/unwd-range-l1-r3/cortexm_common.a(irq_arch.o)
 .debug_abbrev  0x0000000000000fdd      0x212 /Users/sokrat/Desktop/RIOT/miem/prog4.2/bin/unwd-range-l1-r3/stdio_uart.a(stdio_uart.o)
 .debug_abbrev  0x00000000000011ef      0x374 /Users/sokrat/Desktop/RIOT/miem/prog4.2/bin/unwd-range-l1-r3/stm32_common_periph.a(pm.o)
 .debug_abbrev  0x0000000000001563      0x43c /Users/sokrat/Desktop/RIOT/miem/prog4.2/bin/unwd-range-l1-r3/stm32_common_periph.a(uart.o)
 .debug_abbrev  0x000000000000199f      0x4a5 /Users/sokrat/Desktop/RIOT/miem/prog4.2/bin/unwd-range-l1-r3/stm32_common_periph.a(gpio.o)
 .debug_abbrev  0x0000000000001e44      0x5a0 /Users/sokrat/Desktop/RIOT/miem/prog4.2/bin/unwd-range-l1-r3/xtimer.a(xtimer_core.o)
 .debug_abbrev  0x00000000000023e4      0x17b /Users/sokrat/Desktop/RIOT/miem/prog4.2/bin/unwd-range-l1-r3/boards_common_unwd.a(board.o)
 .debug_abbrev  0x000000000000255f      0x144 /Users/sokrat/Desktop/RIOT/miem/prog4.2/bin/unwd-range-l1-r3/core.a(kernel_init.o)
 .debug_abbrev  0x00000000000026a3      0x183 /Users/sokrat/Desktop/RIOT/miem/prog4.2/bin/unwd-range-l1-r3/core.a(panic.o)
 .debug_abbrev  0x0000000000002826      0x304 /Users/sokrat/Desktop/RIOT/miem/prog4.2/bin/unwd-range-l1-r3/core.a(thread.o)
 .debug_abbrev  0x0000000000002b2a      0x2c8 /Users/sokrat/Desktop/RIOT/miem/prog4.2/bin/unwd-range-l1-r3/cortexm_common.a(cortexm_init.o)
 .debug_abbrev  0x0000000000002df2      0x31a /Users/sokrat/Desktop/RIOT/miem/prog4.2/bin/unwd-range-l1-r3/isrpipe.a(isrpipe.o)
 .debug_abbrev  0x000000000000310c      0x13b /Users/sokrat/Desktop/RIOT/miem/prog4.2/bin/unwd-range-l1-r3/pm_layered.a(pm.o)
 .debug_abbrev  0x0000000000003247      0x27a /Users/sokrat/Desktop/RIOT/miem/prog4.2/bin/unwd-range-l1-r3/stm32_common.a(cpu_common.o)
 .debug_abbrev  0x00000000000034c1      0x1cc /Users/sokrat/Desktop/RIOT/miem/prog4.2/bin/unwd-range-l1-r3/stm32_common.a(cpu_init.o)
 .debug_abbrev  0x000000000000368d      0x20e /Users/sokrat/Desktop/RIOT/miem/prog4.2/bin/unwd-range-l1-r3/stm32_common.a(stm_status.o)
 .debug_abbrev  0x000000000000389b      0x203 /Users/sokrat/Desktop/RIOT/miem/prog4.2/bin/unwd-range-l1-r3/stm32_common.a(stmclk_l0l1.o)
 .debug_abbrev  0x0000000000003a9e      0x3dc /Users/sokrat/Desktop/RIOT/miem/prog4.2/bin/unwd-range-l1-r3/stm32_common_periph.a(timer.o)
 .debug_abbrev  0x0000000000003e7a      0x1a8 /Users/sokrat/Desktop/RIOT/miem/prog4.2/bin/unwd-range-l1-r3/tsrb.a(tsrb.o)
 .debug_abbrev  0x0000000000004022       0x31 /Users/sokrat/Desktop/RIOT/miem/prog4.2/bin/unwd-range-l1-r3/periph_common.a(init.o)
 .debug_abbrev  0x0000000000004053      0x2bd /Users/sokrat/Desktop/RIOT/miem/prog4.2/bin/unwd-range-l1-r3/application_prog4.2.a(main.o)
 .debug_abbrev  0x0000000000004310      0x16f /Users/sokrat/Desktop/RIOT/miem/prog4.2/bin/unwd-range-l1-r3/auto_init.a(auto_init.o)
 .debug_abbrev  0x000000000000447f      0x26a /Users/sokrat/Desktop/RIOT/miem/prog4.2/bin/unwd-range-l1-r3/core.a(mutex.o)

.debug_aranges  0x0000000000000000      0x788
 .debug_aranges
                0x0000000000000000       0x20 /Users/sokrat/Desktop/RIOT/miem/prog4.2/bin/unwd-range-l1-r3/cpu/vectors.o
 .debug_aranges
                0x0000000000000020       0xb8 /Users/sokrat/Desktop/RIOT/miem/prog4.2/bin/unwd-range-l1-r3/newlib_syscalls_default/syscalls.o
 .debug_aranges
                0x00000000000000d8       0x38 /Users/sokrat/Desktop/RIOT/miem/prog4.2/bin/unwd-range-l1-r3/core.a(sched.o)
 .debug_aranges
                0x0000000000000110       0x60 /Users/sokrat/Desktop/RIOT/miem/prog4.2/bin/unwd-range-l1-r3/cortexm_common.a(thread_arch.o)
 .debug_aranges
                0x0000000000000170       0x68 /Users/sokrat/Desktop/RIOT/miem/prog4.2/bin/unwd-range-l1-r3/cortexm_common.a(vectors_cortexm.o)
 .debug_aranges
                0x00000000000001d8       0x38 /Users/sokrat/Desktop/RIOT/miem/prog4.2/bin/unwd-range-l1-r3/cortexm_common.a(irq_arch.o)
 .debug_aranges
                0x0000000000000210       0x30 /Users/sokrat/Desktop/RIOT/miem/prog4.2/bin/unwd-range-l1-r3/stdio_uart.a(stdio_uart.o)
 .debug_aranges
                0x0000000000000240       0x38 /Users/sokrat/Desktop/RIOT/miem/prog4.2/bin/unwd-range-l1-r3/stm32_common_periph.a(pm.o)
 .debug_aranges
                0x0000000000000278       0x68 /Users/sokrat/Desktop/RIOT/miem/prog4.2/bin/unwd-range-l1-r3/stm32_common_periph.a(uart.o)
 .debug_aranges
                0x00000000000002e0       0x80 /Users/sokrat/Desktop/RIOT/miem/prog4.2/bin/unwd-range-l1-r3/stm32_common_periph.a(gpio.o)
 .debug_aranges
                0x0000000000000360       0x80 /Users/sokrat/Desktop/RIOT/miem/prog4.2/bin/unwd-range-l1-r3/xtimer.a(xtimer_core.o)
 .debug_aranges
                0x00000000000003e0       0x20 /Users/sokrat/Desktop/RIOT/miem/prog4.2/bin/unwd-range-l1-r3/boards_common_unwd.a(board.o)
 .debug_aranges
                0x0000000000000400       0x30 /Users/sokrat/Desktop/RIOT/miem/prog4.2/bin/unwd-range-l1-r3/core.a(kernel_init.o)
 .debug_aranges
                0x0000000000000430       0x28 /Users/sokrat/Desktop/RIOT/miem/prog4.2/bin/unwd-range-l1-r3/core.a(panic.o)
 .debug_aranges
                0x0000000000000458       0x60 /Users/sokrat/Desktop/RIOT/miem/prog4.2/bin/unwd-range-l1-r3/core.a(thread.o)
 .debug_aranges
                0x00000000000004b8       0x38 /Users/sokrat/Desktop/RIOT/miem/prog4.2/bin/unwd-range-l1-r3/cortexm_common.a(cortexm_init.o)
 .debug_aranges
                0x00000000000004f0       0x48 /Users/sokrat/Desktop/RIOT/miem/prog4.2/bin/unwd-range-l1-r3/isrpipe.a(isrpipe.o)
 .debug_aranges
                0x0000000000000538       0x30 /Users/sokrat/Desktop/RIOT/miem/prog4.2/bin/unwd-range-l1-r3/pm_layered.a(pm.o)
 .debug_aranges
                0x0000000000000568       0x40 /Users/sokrat/Desktop/RIOT/miem/prog4.2/bin/unwd-range-l1-r3/stm32_common.a(cpu_common.o)
 .debug_aranges
                0x00000000000005a8       0x20 /Users/sokrat/Desktop/RIOT/miem/prog4.2/bin/unwd-range-l1-r3/stm32_common.a(cpu_init.o)
 .debug_aranges
                0x00000000000005c8       0x20 /Users/sokrat/Desktop/RIOT/miem/prog4.2/bin/unwd-range-l1-r3/stm32_common.a(stm_status.o)
 .debug_aranges
                0x00000000000005e8       0x30 /Users/sokrat/Desktop/RIOT/miem/prog4.2/bin/unwd-range-l1-r3/stm32_common.a(stmclk_l0l1.o)
 .debug_aranges
                0x0000000000000618       0x80 /Users/sokrat/Desktop/RIOT/miem/prog4.2/bin/unwd-range-l1-r3/stm32_common_periph.a(timer.o)
 .debug_aranges
                0x0000000000000698       0x48 /Users/sokrat/Desktop/RIOT/miem/prog4.2/bin/unwd-range-l1-r3/tsrb.a(tsrb.o)
 .debug_aranges
                0x00000000000006e0       0x20 /Users/sokrat/Desktop/RIOT/miem/prog4.2/bin/unwd-range-l1-r3/periph_common.a(init.o)
 .debug_aranges
                0x0000000000000700       0x38 /Users/sokrat/Desktop/RIOT/miem/prog4.2/bin/unwd-range-l1-r3/application_prog4.2.a(main.o)
 .debug_aranges
                0x0000000000000738       0x20 /Users/sokrat/Desktop/RIOT/miem/prog4.2/bin/unwd-range-l1-r3/auto_init.a(auto_init.o)
 .debug_aranges
                0x0000000000000758       0x30 /Users/sokrat/Desktop/RIOT/miem/prog4.2/bin/unwd-range-l1-r3/core.a(mutex.o)

.debug_ranges   0x0000000000000000     0x11b0
 .debug_ranges  0x0000000000000000       0x10 /Users/sokrat/Desktop/RIOT/miem/prog4.2/bin/unwd-range-l1-r3/cpu/vectors.o
 .debug_ranges  0x0000000000000010      0x130 /Users/sokrat/Desktop/RIOT/miem/prog4.2/bin/unwd-range-l1-r3/newlib_syscalls_default/syscalls.o
 .debug_ranges  0x0000000000000140       0x90 /Users/sokrat/Desktop/RIOT/miem/prog4.2/bin/unwd-range-l1-r3/core.a(sched.o)
 .debug_ranges  0x00000000000001d0       0xa0 /Users/sokrat/Desktop/RIOT/miem/prog4.2/bin/unwd-range-l1-r3/cortexm_common.a(thread_arch.o)
 .debug_ranges  0x0000000000000270       0x58 /Users/sokrat/Desktop/RIOT/miem/prog4.2/bin/unwd-range-l1-r3/cortexm_common.a(vectors_cortexm.o)
 .debug_ranges  0x00000000000002c8       0x28 /Users/sokrat/Desktop/RIOT/miem/prog4.2/bin/unwd-range-l1-r3/cortexm_common.a(irq_arch.o)
 .debug_ranges  0x00000000000002f0       0x20 /Users/sokrat/Desktop/RIOT/miem/prog4.2/bin/unwd-range-l1-r3/stdio_uart.a(stdio_uart.o)
 .debug_ranges  0x0000000000000310       0xa0 /Users/sokrat/Desktop/RIOT/miem/prog4.2/bin/unwd-range-l1-r3/stm32_common_periph.a(pm.o)
 .debug_ranges  0x00000000000003b0      0x160 /Users/sokrat/Desktop/RIOT/miem/prog4.2/bin/unwd-range-l1-r3/stm32_common_periph.a(uart.o)
 .debug_ranges  0x0000000000000510      0x288 /Users/sokrat/Desktop/RIOT/miem/prog4.2/bin/unwd-range-l1-r3/stm32_common_periph.a(gpio.o)
 .debug_ranges  0x0000000000000798      0x308 /Users/sokrat/Desktop/RIOT/miem/prog4.2/bin/unwd-range-l1-r3/xtimer.a(xtimer_core.o)
 .debug_ranges  0x0000000000000aa0       0x10 /Users/sokrat/Desktop/RIOT/miem/prog4.2/bin/unwd-range-l1-r3/boards_common_unwd.a(board.o)
 .debug_ranges  0x0000000000000ab0       0x20 /Users/sokrat/Desktop/RIOT/miem/prog4.2/bin/unwd-range-l1-r3/core.a(kernel_init.o)
 .debug_ranges  0x0000000000000ad0       0x18 /Users/sokrat/Desktop/RIOT/miem/prog4.2/bin/unwd-range-l1-r3/core.a(panic.o)
 .debug_ranges  0x0000000000000ae8       0xc0 /Users/sokrat/Desktop/RIOT/miem/prog4.2/bin/unwd-range-l1-r3/core.a(thread.o)
 .debug_ranges  0x0000000000000ba8       0xb0 /Users/sokrat/Desktop/RIOT/miem/prog4.2/bin/unwd-range-l1-r3/cortexm_common.a(cortexm_init.o)
 .debug_ranges  0x0000000000000c58       0x78 /Users/sokrat/Desktop/RIOT/miem/prog4.2/bin/unwd-range-l1-r3/isrpipe.a(isrpipe.o)
 .debug_ranges  0x0000000000000cd0       0x20 /Users/sokrat/Desktop/RIOT/miem/prog4.2/bin/unwd-range-l1-r3/pm_layered.a(pm.o)
 .debug_ranges  0x0000000000000cf0       0x30 /Users/sokrat/Desktop/RIOT/miem/prog4.2/bin/unwd-range-l1-r3/stm32_common.a(cpu_common.o)
 .debug_ranges  0x0000000000000d20       0x10 /Users/sokrat/Desktop/RIOT/miem/prog4.2/bin/unwd-range-l1-r3/stm32_common.a(cpu_init.o)
 .debug_ranges  0x0000000000000d30      0x110 /Users/sokrat/Desktop/RIOT/miem/prog4.2/bin/unwd-range-l1-r3/stm32_common.a(stm_status.o)
 .debug_ranges  0x0000000000000e40       0x38 /Users/sokrat/Desktop/RIOT/miem/prog4.2/bin/unwd-range-l1-r3/stm32_common.a(stmclk_l0l1.o)
 .debug_ranges  0x0000000000000e78      0x1a0 /Users/sokrat/Desktop/RIOT/miem/prog4.2/bin/unwd-range-l1-r3/stm32_common_periph.a(timer.o)
 .debug_ranges  0x0000000000001018       0x98 /Users/sokrat/Desktop/RIOT/miem/prog4.2/bin/unwd-range-l1-r3/tsrb.a(tsrb.o)
 .debug_ranges  0x00000000000010b0       0x10 /Users/sokrat/Desktop/RIOT/miem/prog4.2/bin/unwd-range-l1-r3/periph_common.a(init.o)
 .debug_ranges  0x00000000000010c0       0x60 /Users/sokrat/Desktop/RIOT/miem/prog4.2/bin/unwd-range-l1-r3/application_prog4.2.a(main.o)
 .debug_ranges  0x0000000000001120       0x10 /Users/sokrat/Desktop/RIOT/miem/prog4.2/bin/unwd-range-l1-r3/auto_init.a(auto_init.o)
 .debug_ranges  0x0000000000001130       0x80 /Users/sokrat/Desktop/RIOT/miem/prog4.2/bin/unwd-range-l1-r3/core.a(mutex.o)

.debug_macro    0x0000000000000000    0x23209
 .debug_macro   0x0000000000000000       0xe2 /Users/sokrat/Desktop/RIOT/miem/prog4.2/bin/unwd-range-l1-r3/cpu/vectors.o
 .debug_macro   0x00000000000000e2      0xa60 /Users/sokrat/Desktop/RIOT/miem/prog4.2/bin/unwd-range-l1-r3/cpu/vectors.o
 .debug_macro   0x0000000000000b42      0x10c /Users/sokrat/Desktop/RIOT/miem/prog4.2/bin/unwd-range-l1-r3/cpu/vectors.o
 .debug_macro   0x0000000000000c4e       0x22 /Users/sokrat/Desktop/RIOT/miem/prog4.2/bin/unwd-range-l1-r3/cpu/vectors.o
 .debug_macro   0x0000000000000c70       0x56 /Users/sokrat/Desktop/RIOT/miem/prog4.2/bin/unwd-range-l1-r3/cpu/vectors.o
 .debug_macro   0x0000000000000cc6       0x51 /Users/sokrat/Desktop/RIOT/miem/prog4.2/bin/unwd-range-l1-r3/cpu/vectors.o
 .debug_macro   0x0000000000000d17      0x103 /Users/sokrat/Desktop/RIOT/miem/prog4.2/bin/unwd-range-l1-r3/cpu/vectors.o
 .debug_macro   0x0000000000000e1a       0x6a /Users/sokrat/Desktop/RIOT/miem/prog4.2/bin/unwd-range-l1-r3/cpu/vectors.o
 .debug_macro   0x0000000000000e84      0x1df /Users/sokrat/Desktop/RIOT/miem/prog4.2/bin/unwd-range-l1-r3/cpu/vectors.o
 .debug_macro   0x0000000000001063       0x10 /Users/sokrat/Desktop/RIOT/miem/prog4.2/bin/unwd-range-l1-r3/cpu/vectors.o
 .debug_macro   0x0000000000001073       0x2e /Users/sokrat/Desktop/RIOT/miem/prog4.2/bin/unwd-range-l1-r3/cpu/vectors.o
 .debug_macro   0x00000000000010a1       0x70 /Users/sokrat/Desktop/RIOT/miem/prog4.2/bin/unwd-range-l1-r3/cpu/vectors.o
 .debug_macro   0x0000000000001111       0x1c /Users/sokrat/Desktop/RIOT/miem/prog4.2/bin/unwd-range-l1-r3/cpu/vectors.o
 .debug_macro   0x000000000000112d       0x22 /Users/sokrat/Desktop/RIOT/miem/prog4.2/bin/unwd-range-l1-r3/cpu/vectors.o
 .debug_macro   0x000000000000114f       0xbd /Users/sokrat/Desktop/RIOT/miem/prog4.2/bin/unwd-range-l1-r3/cpu/vectors.o
 .debug_macro   0x000000000000120c      0xe49 /Users/sokrat/Desktop/RIOT/miem/prog4.2/bin/unwd-range-l1-r3/cpu/vectors.o
 .debug_macro   0x0000000000002055      0x11f /Users/sokrat/Desktop/RIOT/miem/prog4.2/bin/unwd-range-l1-r3/cpu/vectors.o
 .debug_macro   0x0000000000002174     0x72f1 /Users/sokrat/Desktop/RIOT/miem/prog4.2/bin/unwd-range-l1-r3/cpu/vectors.o
 .debug_macro   0x0000000000009465       0x6a /Users/sokrat/Desktop/RIOT/miem/prog4.2/bin/unwd-range-l1-r3/cpu/vectors.o
 .debug_macro   0x00000000000094cf       0x16 /Users/sokrat/Desktop/RIOT/miem/prog4.2/bin/unwd-range-l1-r3/cpu/vectors.o
 .debug_macro   0x00000000000094e5      0x4bb /Users/sokrat/Desktop/RIOT/miem/prog4.2/bin/unwd-range-l1-r3/newlib_syscalls_default/syscalls.o
 .debug_macro   0x00000000000099a0      0xa60 /Users/sokrat/Desktop/RIOT/miem/prog4.2/bin/unwd-range-l1-r3/newlib_syscalls_default/syscalls.o
 .debug_macro   0x000000000000a400       0x4c /Users/sokrat/Desktop/RIOT/miem/prog4.2/bin/unwd-range-l1-r3/newlib_syscalls_default/syscalls.o
 .debug_macro   0x000000000000a44c       0x18 /Users/sokrat/Desktop/RIOT/miem/prog4.2/bin/unwd-range-l1-r3/newlib_syscalls_default/syscalls.o
 .debug_macro   0x000000000000a464       0x5c /Users/sokrat/Desktop/RIOT/miem/prog4.2/bin/unwd-range-l1-r3/newlib_syscalls_default/syscalls.o
 .debug_macro   0x000000000000a4c0       0x3c /Users/sokrat/Desktop/RIOT/miem/prog4.2/bin/unwd-range-l1-r3/newlib_syscalls_default/syscalls.o
 .debug_macro   0x000000000000a4fc       0x34 /Users/sokrat/Desktop/RIOT/miem/prog4.2/bin/unwd-range-l1-r3/newlib_syscalls_default/syscalls.o
 .debug_macro   0x000000000000a530       0x10 /Users/sokrat/Desktop/RIOT/miem/prog4.2/bin/unwd-range-l1-r3/newlib_syscalls_default/syscalls.o
 .debug_macro   0x000000000000a540       0x57 /Users/sokrat/Desktop/RIOT/miem/prog4.2/bin/unwd-range-l1-r3/newlib_syscalls_default/syscalls.o
 .debug_macro   0x000000000000a597       0xcf /Users/sokrat/Desktop/RIOT/miem/prog4.2/bin/unwd-range-l1-r3/newlib_syscalls_default/syscalls.o
 .debug_macro   0x000000000000a666      0x35d /Users/sokrat/Desktop/RIOT/miem/prog4.2/bin/unwd-range-l1-r3/newlib_syscalls_default/syscalls.o
 .debug_macro   0x000000000000a9c3       0x10 /Users/sokrat/Desktop/RIOT/miem/prog4.2/bin/unwd-range-l1-r3/newlib_syscalls_default/syscalls.o
 .debug_macro   0x000000000000a9d3       0x16 /Users/sokrat/Desktop/RIOT/miem/prog4.2/bin/unwd-range-l1-r3/newlib_syscalls_default/syscalls.o
 .debug_macro   0x000000000000a9e9       0x20 /Users/sokrat/Desktop/RIOT/miem/prog4.2/bin/unwd-range-l1-r3/newlib_syscalls_default/syscalls.o
 .debug_macro   0x000000000000aa09       0x34 /Users/sokrat/Desktop/RIOT/miem/prog4.2/bin/unwd-range-l1-r3/newlib_syscalls_default/syscalls.o
 .debug_macro   0x000000000000aa3d       0xb2 /Users/sokrat/Desktop/RIOT/miem/prog4.2/bin/unwd-range-l1-r3/newlib_syscalls_default/syscalls.o
 .debug_macro   0x000000000000aaef       0xb7 /Users/sokrat/Desktop/RIOT/miem/prog4.2/bin/unwd-range-l1-r3/newlib_syscalls_default/syscalls.o
 .debug_macro   0x000000000000aba6      0x4fe /Users/sokrat/Desktop/RIOT/miem/prog4.2/bin/unwd-range-l1-r3/newlib_syscalls_default/syscalls.o
 .debug_macro   0x000000000000b0a4       0x10 /Users/sokrat/Desktop/RIOT/miem/prog4.2/bin/unwd-range-l1-r3/newlib_syscalls_default/syscalls.o
 .debug_macro   0x000000000000b0b4       0x58 /Users/sokrat/Desktop/RIOT/miem/prog4.2/bin/unwd-range-l1-r3/newlib_syscalls_default/syscalls.o
 .debug_macro   0x000000000000b10c       0x71 /Users/sokrat/Desktop/RIOT/miem/prog4.2/bin/unwd-range-l1-r3/newlib_syscalls_default/syscalls.o
 .debug_macro   0x000000000000b17d       0x35 /Users/sokrat/Desktop/RIOT/miem/prog4.2/bin/unwd-range-l1-r3/newlib_syscalls_default/syscalls.o
 .debug_macro   0x000000000000b1b2       0x10 /Users/sokrat/Desktop/RIOT/miem/prog4.2/bin/unwd-range-l1-r3/newlib_syscalls_default/syscalls.o
 .debug_macro   0x000000000000b1c2      0x12a /Users/sokrat/Desktop/RIOT/miem/prog4.2/bin/unwd-range-l1-r3/newlib_syscalls_default/syscalls.o
 .debug_macro   0x000000000000b2ec       0x10 /Users/sokrat/Desktop/RIOT/miem/prog4.2/bin/unwd-range-l1-r3/newlib_syscalls_default/syscalls.o
 .debug_macro   0x000000000000b2fc       0x35 /Users/sokrat/Desktop/RIOT/miem/prog4.2/bin/unwd-range-l1-r3/newlib_syscalls_default/syscalls.o
 .debug_macro   0x000000000000b331       0x10 /Users/sokrat/Desktop/RIOT/miem/prog4.2/bin/unwd-range-l1-r3/newlib_syscalls_default/syscalls.o
 .debug_macro   0x000000000000b341      0x241 /Users/sokrat/Desktop/RIOT/miem/prog4.2/bin/unwd-range-l1-r3/newlib_syscalls_default/syscalls.o
 .debug_macro   0x000000000000b582       0x16 /Users/sokrat/Desktop/RIOT/miem/prog4.2/bin/unwd-range-l1-r3/newlib_syscalls_default/syscalls.o
 .debug_macro   0x000000000000b598       0x10 /Users/sokrat/Desktop/RIOT/miem/prog4.2/bin/unwd-range-l1-r3/newlib_syscalls_default/syscalls.o
 .debug_macro   0x000000000000b5a8       0x16 /Users/sokrat/Desktop/RIOT/miem/prog4.2/bin/unwd-range-l1-r3/newlib_syscalls_default/syscalls.o
 .debug_macro   0x000000000000b5be       0xff /Users/sokrat/Desktop/RIOT/miem/prog4.2/bin/unwd-range-l1-r3/newlib_syscalls_default/syscalls.o
 .debug_macro   0x000000000000b6bd       0x16 /Users/sokrat/Desktop/RIOT/miem/prog4.2/bin/unwd-range-l1-r3/newlib_syscalls_default/syscalls.o
 .debug_macro   0x000000000000b6d3       0x22 /Users/sokrat/Desktop/RIOT/miem/prog4.2/bin/unwd-range-l1-r3/newlib_syscalls_default/syscalls.o
 .debug_macro   0x000000000000b6f5       0x16 /Users/sokrat/Desktop/RIOT/miem/prog4.2/bin/unwd-range-l1-r3/newlib_syscalls_default/syscalls.o
 .debug_macro   0x000000000000b70b       0x16 /Users/sokrat/Desktop/RIOT/miem/prog4.2/bin/unwd-range-l1-r3/newlib_syscalls_default/syscalls.o
 .debug_macro   0x000000000000b721       0x10 /Users/sokrat/Desktop/RIOT/miem/prog4.2/bin/unwd-range-l1-r3/newlib_syscalls_default/syscalls.o
 .debug_macro   0x000000000000b731       0x10 /Users/sokrat/Desktop/RIOT/miem/prog4.2/bin/unwd-range-l1-r3/newlib_syscalls_default/syscalls.o
 .debug_macro   0x000000000000b741       0x2e /Users/sokrat/Desktop/RIOT/miem/prog4.2/bin/unwd-range-l1-r3/newlib_syscalls_default/syscalls.o
 .debug_macro   0x000000000000b76f      0x102 /Users/sokrat/Desktop/RIOT/miem/prog4.2/bin/unwd-range-l1-r3/newlib_syscalls_default/syscalls.o
 .debug_macro   0x000000000000b871       0x22 /Users/sokrat/Desktop/RIOT/miem/prog4.2/bin/unwd-range-l1-r3/newlib_syscalls_default/syscalls.o
 .debug_macro   0x000000000000b893       0xd6 /Users/sokrat/Desktop/RIOT/miem/prog4.2/bin/unwd-range-l1-r3/newlib_syscalls_default/syscalls.o
 .debug_macro   0x000000000000b969       0x10 /Users/sokrat/Desktop/RIOT/miem/prog4.2/bin/unwd-range-l1-r3/newlib_syscalls_default/syscalls.o
 .debug_macro   0x000000000000b979      0x460 /Users/sokrat/Desktop/RIOT/miem/prog4.2/bin/unwd-range-l1-r3/newlib_syscalls_default/syscalls.o
 .debug_macro   0x000000000000bdd9       0x7c /Users/sokrat/Desktop/RIOT/miem/prog4.2/bin/unwd-range-l1-r3/newlib_syscalls_default/syscalls.o
 .debug_macro   0x000000000000be55       0x17 /Users/sokrat/Desktop/RIOT/miem/prog4.2/bin/unwd-range-l1-r3/newlib_syscalls_default/syscalls.o
 .debug_macro   0x000000000000be6c       0xee /Users/sokrat/Desktop/RIOT/miem/prog4.2/bin/unwd-range-l1-r3/newlib_syscalls_default/syscalls.o
 .debug_macro   0x000000000000bf5a       0x28 /Users/sokrat/Desktop/RIOT/miem/prog4.2/bin/unwd-range-l1-r3/newlib_syscalls_default/syscalls.o
 .debug_macro   0x000000000000bf82       0x17 /Users/sokrat/Desktop/RIOT/miem/prog4.2/bin/unwd-range-l1-r3/newlib_syscalls_default/syscalls.o
 .debug_macro   0x000000000000bf99       0x12 /Users/sokrat/Desktop/RIOT/miem/prog4.2/bin/unwd-range-l1-r3/newlib_syscalls_default/syscalls.o
 .debug_macro   0x000000000000bfab       0x5f /Users/sokrat/Desktop/RIOT/miem/prog4.2/bin/unwd-range-l1-r3/newlib_syscalls_default/syscalls.o
 .debug_macro   0x000000000000c00a       0x17 /Users/sokrat/Desktop/RIOT/miem/prog4.2/bin/unwd-range-l1-r3/newlib_syscalls_default/syscalls.o
 .debug_macro   0x000000000000c021      0x130 /Users/sokrat/Desktop/RIOT/miem/prog4.2/bin/unwd-range-l1-r3/newlib_syscalls_default/syscalls.o
 .debug_macro   0x000000000000c151       0x34 /Users/sokrat/Desktop/RIOT/miem/prog4.2/bin/unwd-range-l1-r3/newlib_syscalls_default/syscalls.o
 .debug_macro   0x000000000000c185       0x98 /Users/sokrat/Desktop/RIOT/miem/prog4.2/bin/unwd-range-l1-r3/newlib_syscalls_default/syscalls.o
 .debug_macro   0x000000000000c21d       0x1c /Users/sokrat/Desktop/RIOT/miem/prog4.2/bin/unwd-range-l1-r3/newlib_syscalls_default/syscalls.o
 .debug_macro   0x000000000000c239       0x1c /Users/sokrat/Desktop/RIOT/miem/prog4.2/bin/unwd-range-l1-r3/newlib_syscalls_default/syscalls.o
 .debug_macro   0x000000000000c255       0x10 /Users/sokrat/Desktop/RIOT/miem/prog4.2/bin/unwd-range-l1-r3/newlib_syscalls_default/syscalls.o
 .debug_macro   0x000000000000c265       0x43 /Users/sokrat/Desktop/RIOT/miem/prog4.2/bin/unwd-range-l1-r3/newlib_syscalls_default/syscalls.o
 .debug_macro   0x000000000000c2a8       0x1c /Users/sokrat/Desktop/RIOT/miem/prog4.2/bin/unwd-range-l1-r3/newlib_syscalls_default/syscalls.o
 .debug_macro   0x000000000000c2c4       0x34 /Users/sokrat/Desktop/RIOT/miem/prog4.2/bin/unwd-range-l1-r3/newlib_syscalls_default/syscalls.o
 .debug_macro   0x000000000000c2f8       0x16 /Users/sokrat/Desktop/RIOT/miem/prog4.2/bin/unwd-range-l1-r3/newlib_syscalls_default/syscalls.o
 .debug_macro   0x000000000000c30e      0x122 /Users/sokrat/Desktop/RIOT/miem/prog4.2/bin/unwd-range-l1-r3/newlib_syscalls_default/syscalls.o
 .debug_macro   0x000000000000c430       0x35 /Users/sokrat/Desktop/RIOT/miem/prog4.2/bin/unwd-range-l1-r3/newlib_syscalls_default/syscalls.o
 .debug_macro   0x000000000000c465       0x10 /Users/sokrat/Desktop/RIOT/miem/prog4.2/bin/unwd-range-l1-r3/newlib_syscalls_default/syscalls.o
 .debug_macro   0x000000000000c475       0x10 /Users/sokrat/Desktop/RIOT/miem/prog4.2/bin/unwd-range-l1-r3/newlib_syscalls_default/syscalls.o
 .debug_macro   0x000000000000c485      0x311 /Users/sokrat/Desktop/RIOT/miem/prog4.2/bin/unwd-range-l1-r3/core.a(sched.o)
 .debug_macro   0x000000000000c796      0xa60 /Users/sokrat/Desktop/RIOT/miem/prog4.2/bin/unwd-range-l1-r3/core.a(sched.o)
 .debug_macro   0x000000000000d1f6      0x16d /Users/sokrat/Desktop/RIOT/miem/prog4.2/bin/unwd-range-l1-r3/core.a(sched.o)
 .debug_macro   0x000000000000d363       0x52 /Users/sokrat/Desktop/RIOT/miem/prog4.2/bin/unwd-range-l1-r3/core.a(sched.o)
 .debug_macro   0x000000000000d3b5       0x3a /Users/sokrat/Desktop/RIOT/miem/prog4.2/bin/unwd-range-l1-r3/core.a(sched.o)
 .debug_macro   0x000000000000d3ef       0x43 /Users/sokrat/Desktop/RIOT/miem/prog4.2/bin/unwd-range-l1-r3/core.a(sched.o)
 .debug_macro   0x000000000000d432       0x2e /Users/sokrat/Desktop/RIOT/miem/prog4.2/bin/unwd-range-l1-r3/core.a(sched.o)
 .debug_macro   0x000000000000d460       0x1c /Users/sokrat/Desktop/RIOT/miem/prog4.2/bin/unwd-range-l1-r3/core.a(sched.o)
 .debug_macro   0x000000000000d47c      0x114 /Users/sokrat/Desktop/RIOT/miem/prog4.2/bin/unwd-range-l1-r3/core.a(sched.o)
 .debug_macro   0x000000000000d590       0x1c /Users/sokrat/Desktop/RIOT/miem/prog4.2/bin/unwd-range-l1-r3/core.a(sched.o)
 .debug_macro   0x000000000000d5ac      0x2ff /Users/sokrat/Desktop/RIOT/miem/prog4.2/bin/unwd-range-l1-r3/cortexm_common.a(thread_arch.o)
 .debug_macro   0x000000000000d8ab      0xa60 /Users/sokrat/Desktop/RIOT/miem/prog4.2/bin/unwd-range-l1-r3/cortexm_common.a(thread_arch.o)
 .debug_macro   0x000000000000e30b       0x97 /Users/sokrat/Desktop/RIOT/miem/prog4.2/bin/unwd-range-l1-r3/cortexm_common.a(thread_arch.o)
 .debug_macro   0x000000000000e3a2       0xf6 /Users/sokrat/Desktop/RIOT/miem/prog4.2/bin/unwd-range-l1-r3/cortexm_common.a(thread_arch.o)
 .debug_macro   0x000000000000e498       0x1d /Users/sokrat/Desktop/RIOT/miem/prog4.2/bin/unwd-range-l1-r3/cortexm_common.a(thread_arch.o)
 .debug_macro   0x000000000000e4b5      0x331 /Users/sokrat/Desktop/RIOT/miem/prog4.2/bin/unwd-range-l1-r3/cortexm_common.a(vectors_cortexm.o)
 .debug_macro   0x000000000000e7e6      0xa60 /Users/sokrat/Desktop/RIOT/miem/prog4.2/bin/unwd-range-l1-r3/cortexm_common.a(vectors_cortexm.o)
 .debug_macro   0x000000000000f246       0xbe /Users/sokrat/Desktop/RIOT/miem/prog4.2/bin/unwd-range-l1-r3/cortexm_common.a(vectors_cortexm.o)
 .debug_macro   0x000000000000f304       0x16 /Users/sokrat/Desktop/RIOT/miem/prog4.2/bin/unwd-range-l1-r3/cortexm_common.a(vectors_cortexm.o)
 .debug_macro   0x000000000000f31a       0x1c /Users/sokrat/Desktop/RIOT/miem/prog4.2/bin/unwd-range-l1-r3/cortexm_common.a(vectors_cortexm.o)
 .debug_macro   0x000000000000f336      0x2ea /Users/sokrat/Desktop/RIOT/miem/prog4.2/bin/unwd-range-l1-r3/cortexm_common.a(irq_arch.o)
 .debug_macro   0x000000000000f620      0xa60 /Users/sokrat/Desktop/RIOT/miem/prog4.2/bin/unwd-range-l1-r3/cortexm_common.a(irq_arch.o)
 .debug_macro   0x0000000000010080      0x3da /Users/sokrat/Desktop/RIOT/miem/prog4.2/bin/unwd-range-l1-r3/stdio_uart.a(stdio_uart.o)
 .debug_macro   0x000000000001045a      0xa60 /Users/sokrat/Desktop/RIOT/miem/prog4.2/bin/unwd-range-l1-r3/stdio_uart.a(stdio_uart.o)
 .debug_macro   0x0000000000010eba       0x16 /Users/sokrat/Desktop/RIOT/miem/prog4.2/bin/unwd-range-l1-r3/stdio_uart.a(stdio_uart.o)
 .debug_macro   0x0000000000010ed0       0x92 /Users/sokrat/Desktop/RIOT/miem/prog4.2/bin/unwd-range-l1-r3/stdio_uart.a(stdio_uart.o)
 .debug_macro   0x0000000000010f62       0x16 /Users/sokrat/Desktop/RIOT/miem/prog4.2/bin/unwd-range-l1-r3/stdio_uart.a(stdio_uart.o)
 .debug_macro   0x0000000000010f78      0x375 /Users/sokrat/Desktop/RIOT/miem/prog4.2/bin/unwd-range-l1-r3/stm32_common_periph.a(pm.o)
 .debug_macro   0x00000000000112ed      0xa60 /Users/sokrat/Desktop/RIOT/miem/prog4.2/bin/unwd-range-l1-r3/stm32_common_periph.a(pm.o)
 .debug_macro   0x0000000000011d4d       0x22 /Users/sokrat/Desktop/RIOT/miem/prog4.2/bin/unwd-range-l1-r3/stm32_common_periph.a(pm.o)
 .debug_macro   0x0000000000011d6f      0x360 /Users/sokrat/Desktop/RIOT/miem/prog4.2/bin/unwd-range-l1-r3/stm32_common_periph.a(uart.o)
 .debug_macro   0x00000000000120cf      0xa60 /Users/sokrat/Desktop/RIOT/miem/prog4.2/bin/unwd-range-l1-r3/stm32_common_periph.a(uart.o)
 .debug_macro   0x0000000000012b2f      0x31e /Users/sokrat/Desktop/RIOT/miem/prog4.2/bin/unwd-range-l1-r3/stm32_common_periph.a(gpio.o)
 .debug_macro   0x0000000000012e4d      0xa60 /Users/sokrat/Desktop/RIOT/miem/prog4.2/bin/unwd-range-l1-r3/stm32_common_periph.a(gpio.o)
 .debug_macro   0x00000000000138ad      0x3c4 /Users/sokrat/Desktop/RIOT/miem/prog4.2/bin/unwd-range-l1-r3/xtimer.a(xtimer_core.o)
 .debug_macro   0x0000000000013c71      0xa60 /Users/sokrat/Desktop/RIOT/miem/prog4.2/bin/unwd-range-l1-r3/xtimer.a(xtimer_core.o)
 .debug_macro   0x00000000000146d1       0x10 /Users/sokrat/Desktop/RIOT/miem/prog4.2/bin/unwd-range-l1-r3/xtimer.a(xtimer_core.o)
 .debug_macro   0x00000000000146e1       0x16 /Users/sokrat/Desktop/RIOT/miem/prog4.2/bin/unwd-range-l1-r3/xtimer.a(xtimer_core.o)
 .debug_macro   0x00000000000146f7      0x350 /Users/sokrat/Desktop/RIOT/miem/prog4.2/bin/unwd-range-l1-r3/boards_common_unwd.a(board.o)
 .debug_macro   0x0000000000014a47      0xa60 /Users/sokrat/Desktop/RIOT/miem/prog4.2/bin/unwd-range-l1-r3/boards_common_unwd.a(board.o)
 .debug_macro   0x00000000000154a7      0x374 /Users/sokrat/Desktop/RIOT/miem/prog4.2/bin/unwd-range-l1-r3/core.a(kernel_init.o)
 .debug_macro   0x000000000001581b      0xa60 /Users/sokrat/Desktop/RIOT/miem/prog4.2/bin/unwd-range-l1-r3/core.a(kernel_init.o)
 .debug_macro   0x000000000001627b      0x23b /Users/sokrat/Desktop/RIOT/miem/prog4.2/bin/unwd-range-l1-r3/core.a(kernel_init.o)
 .debug_macro   0x00000000000164b6       0xdc /Users/sokrat/Desktop/RIOT/miem/prog4.2/bin/unwd-range-l1-r3/core.a(kernel_init.o)
 .debug_macro   0x0000000000016592      0x33c /Users/sokrat/Desktop/RIOT/miem/prog4.2/bin/unwd-range-l1-r3/core.a(panic.o)
 .debug_macro   0x00000000000168ce      0xa60 /Users/sokrat/Desktop/RIOT/miem/prog4.2/bin/unwd-range-l1-r3/core.a(panic.o)
 .debug_macro   0x000000000001732e      0x315 /Users/sokrat/Desktop/RIOT/miem/prog4.2/bin/unwd-range-l1-r3/core.a(thread.o)
 .debug_macro   0x0000000000017643      0xa60 /Users/sokrat/Desktop/RIOT/miem/prog4.2/bin/unwd-range-l1-r3/core.a(thread.o)
 .debug_macro   0x00000000000180a3      0x31a /Users/sokrat/Desktop/RIOT/miem/prog4.2/bin/unwd-range-l1-r3/cortexm_common.a(cortexm_init.o)
 .debug_macro   0x00000000000183bd      0xa60 /Users/sokrat/Desktop/RIOT/miem/prog4.2/bin/unwd-range-l1-r3/cortexm_common.a(cortexm_init.o)
 .debug_macro   0x0000000000018e1d      0x3e8 /Users/sokrat/Desktop/RIOT/miem/prog4.2/bin/unwd-range-l1-r3/isrpipe.a(isrpipe.o)
 .debug_macro   0x0000000000019205      0xa60 /Users/sokrat/Desktop/RIOT/miem/prog4.2/bin/unwd-range-l1-r3/isrpipe.a(isrpipe.o)
 .debug_macro   0x0000000000019c65       0x2e /Users/sokrat/Desktop/RIOT/miem/prog4.2/bin/unwd-range-l1-r3/isrpipe.a(isrpipe.o)
 .debug_macro   0x0000000000019c93      0x11c /Users/sokrat/Desktop/RIOT/miem/prog4.2/bin/unwd-range-l1-r3/isrpipe.a(isrpipe.o)
 .debug_macro   0x0000000000019daf      0x333 /Users/sokrat/Desktop/RIOT/miem/prog4.2/bin/unwd-range-l1-r3/pm_layered.a(pm.o)
 .debug_macro   0x000000000001a0e2      0xa60 /Users/sokrat/Desktop/RIOT/miem/prog4.2/bin/unwd-range-l1-r3/pm_layered.a(pm.o)
 .debug_macro   0x000000000001ab42      0x197 /Users/sokrat/Desktop/RIOT/miem/prog4.2/bin/unwd-range-l1-r3/pm_layered.a(pm.o)
 .debug_macro   0x000000000001acd9      0x32f /Users/sokrat/Desktop/RIOT/miem/prog4.2/bin/unwd-range-l1-r3/stm32_common.a(cpu_common.o)
 .debug_macro   0x000000000001b008      0xa60 /Users/sokrat/Desktop/RIOT/miem/prog4.2/bin/unwd-range-l1-r3/stm32_common.a(cpu_common.o)
 .debug_macro   0x000000000001ba68      0x394 /Users/sokrat/Desktop/RIOT/miem/prog4.2/bin/unwd-range-l1-r3/stm32_common.a(cpu_init.o)
 .debug_macro   0x000000000001bdfc      0xa60 /Users/sokrat/Desktop/RIOT/miem/prog4.2/bin/unwd-range-l1-r3/stm32_common.a(cpu_init.o)