Archive member included to satisfy reference by file (symbol)

/Users/sokrat/Desktop/RIOT/miem/sensors/bin/unwd-range-l1-r3/core.a(sched.o)
                              /Users/sokrat/Desktop/RIOT/miem/sensors/bin/unwd-range-l1-r3/newlib_syscalls_default/syscalls.o (sched_active_pid)
/Users/sokrat/Desktop/RIOT/miem/sensors/bin/unwd-range-l1-r3/cortexm_common.a(thread_arch.o)
                              /Users/sokrat/Desktop/RIOT/miem/sensors/bin/unwd-range-l1-r3/core.a(sched.o) (cpu_switch_context_exit)
/Users/sokrat/Desktop/RIOT/miem/sensors/bin/unwd-range-l1-r3/cortexm_common.a(vectors_cortexm.o)
                              /Users/sokrat/Desktop/RIOT/miem/sensors/bin/unwd-range-l1-r3/cpu/vectors.o (dummy_handler_default)
/Users/sokrat/Desktop/RIOT/miem/sensors/bin/unwd-range-l1-r3/cortexm_common.a(irq_arch.o)
                              /Users/sokrat/Desktop/RIOT/miem/sensors/bin/unwd-range-l1-r3/newlib_syscalls_default/syscalls.o (irq_disable)
/Users/sokrat/Desktop/RIOT/miem/sensors/bin/unwd-range-l1-r3/div.a(div.o)
                              /Users/sokrat/Desktop/RIOT/miem/sensors/bin/unwd-range-l1-r3/newlib_syscalls_default/syscalls.o (_div_mulhi64)
/Users/sokrat/Desktop/RIOT/miem/sensors/bin/unwd-range-l1-r3/stdio_uart.a(stdio_uart.o)
                              /Users/sokrat/Desktop/RIOT/miem/sensors/bin/unwd-range-l1-r3/newlib_syscalls_default/syscalls.o (stdio_init)
/Users/sokrat/Desktop/RIOT/miem/sensors/bin/unwd-range-l1-r3/stm32_common_periph.a(pm.o)
                              /Users/sokrat/Desktop/RIOT/miem/sensors/bin/unwd-range-l1-r3/newlib_syscalls_default/syscalls.o (pm_off)
/Users/sokrat/Desktop/RIOT/miem/sensors/bin/unwd-range-l1-r3/stm32_common_periph.a(uart.o)
                              /Users/sokrat/Desktop/RIOT/miem/sensors/bin/unwd-range-l1-r3/stdio_uart.a(stdio_uart.o) (uart_write)
/Users/sokrat/Desktop/RIOT/miem/sensors/bin/unwd-range-l1-r3/stm32_common_periph.a(gpio.o)
                              /Users/sokrat/Desktop/RIOT/miem/sensors/bin/unwd-range-l1-r3/stm32_common_periph.a(pm.o) (gpio_init)
/Users/sokrat/Desktop/RIOT/miem/sensors/bin/unwd-range-l1-r3/xtimer.a(xtimer_core.o)
                              /Users/sokrat/Desktop/RIOT/miem/sensors/bin/unwd-range-l1-r3/newlib_syscalls_default/syscalls.o (_xtimer_now64)
/Users/sokrat/Desktop/RIOT/miem/sensors/bin/unwd-range-l1-r3/boards_common_unwd.a(board.o)
                              /Users/sokrat/Desktop/RIOT/miem/sensors/bin/unwd-range-l1-r3/cortexm_common.a(vectors_cortexm.o) (board_init)
/Users/sokrat/Desktop/RIOT/miem/sensors/bin/unwd-range-l1-r3/core.a(kernel_init.o)
                              /Users/sokrat/Desktop/RIOT/miem/sensors/bin/unwd-range-l1-r3/cortexm_common.a(vectors_cortexm.o) (kernel_init)
/Users/sokrat/Desktop/RIOT/miem/sensors/bin/unwd-range-l1-r3/core.a(panic.o)
                              /Users/sokrat/Desktop/RIOT/miem/sensors/bin/unwd-range-l1-r3/cortexm_common.a(vectors_cortexm.o) (core_panic)
/Users/sokrat/Desktop/RIOT/miem/sensors/bin/unwd-range-l1-r3/core.a(thread.o)
                              /Users/sokrat/Desktop/RIOT/miem/sensors/bin/unwd-range-l1-r3/core.a(kernel_init.o) (thread_create)
/Users/sokrat/Desktop/RIOT/miem/sensors/bin/unwd-range-l1-r3/cortexm_common.a(cortexm_init.o)
                              /Users/sokrat/Desktop/RIOT/miem/sensors/bin/unwd-range-l1-r3/stm32_common_periph.a(pm.o) (cpu_check_address)
/Users/sokrat/Desktop/RIOT/miem/sensors/bin/unwd-range-l1-r3/isrpipe.a(isrpipe.o)
                              /Users/sokrat/Desktop/RIOT/miem/sensors/bin/unwd-range-l1-r3/stdio_uart.a(stdio_uart.o) (isrpipe_write_one)
/Users/sokrat/Desktop/RIOT/miem/sensors/bin/unwd-range-l1-r3/pm_layered.a(pm.o)
                              /Users/sokrat/Desktop/RIOT/miem/sensors/bin/unwd-range-l1-r3/core.a(kernel_init.o) (pm_set_lowest)
/Users/sokrat/Desktop/RIOT/miem/sensors/bin/unwd-range-l1-r3/stm32_common.a(cpu_common.o)
                              /Users/sokrat/Desktop/RIOT/miem/sensors/bin/unwd-range-l1-r3/stm32_common_periph.a(uart.o) (periph_apb_clk)
/Users/sokrat/Desktop/RIOT/miem/sensors/bin/unwd-range-l1-r3/stm32_common.a(cpu_init.o)
                              /Users/sokrat/Desktop/RIOT/miem/sensors/bin/unwd-range-l1-r3/boards_common_unwd.a(board.o) (cpu_init)
/Users/sokrat/Desktop/RIOT/miem/sensors/bin/unwd-range-l1-r3/stm32_common.a(stm_status.o)
                              /Users/sokrat/Desktop/RIOT/miem/sensors/bin/unwd-range-l1-r3/stm32_common.a(cpu_init.o) (cpu_init_status)
/Users/sokrat/Desktop/RIOT/miem/sensors/bin/unwd-range-l1-r3/stm32_common.a(stmclk_l0l1.o)
                              /Users/sokrat/Desktop/RIOT/miem/sensors/bin/unwd-range-l1-r3/stm32_common_periph.a(pm.o) (stmclk_init_sysclk)
/Users/sokrat/Desktop/RIOT/miem/sensors/bin/unwd-range-l1-r3/stm32_common_periph.a(timer.o)
                              /Users/sokrat/Desktop/RIOT/miem/sensors/bin/unwd-range-l1-r3/xtimer.a(xtimer_core.o) (timer_set_absolute)
[...]
Memory Configuration

Name             Origin             Length             Attributes
ccmram           0x0000000010000000 0x0000000000000000
rom              0x0000000008000000 0x0000000000080000 xr
ram              0x0000000020000000 0x0000000000014000 w !xr
*default*        0x0000000000000000 0xffffffffffffffff

Linker script and memory map

LOAD /Users/sokrat/Desktop/RIOT/miem/sensors/bin/unwd-range-l1-r3/cpu/vectors.o
LOAD /Users/sokrat/Desktop/RIOT/miem/sensors/bin/unwd-range-l1-r3/newlib_syscalls_default/syscalls.o
START GROUP
LOAD /Users/sokrat/Desktop/RIOT/miem/sensors/bin/unwd-range-l1-r3/application_sensors.a
LOAD /Users/sokrat/Desktop/RIOT/miem/sensors/bin/unwd-range-l1-r3/auto_init.a
LOAD /Users/sokrat/Desktop/RIOT/miem/sensors/bin/unwd-range-l1-r3/bmx280.a
LOAD /Users/sokrat/Desktop/RIOT/miem/sensors/bin/unwd-range-l1-r3/board.a
LOAD /Users/sokrat/Desktop/RIOT/miem/sensors/bin/unwd-range-l1-r3/boards_common_unwd.a
LOAD /Users/sokrat/Desktop/RIOT/miem/sensors/bin/unwd-range-l1-r3/core.a
LOAD /Users/sokrat/Desktop/RIOT/miem/sensors/bin/unwd-range-l1-r3/cortexm_common.a
LOAD /Users/sokrat/Desktop/RIOT/miem/sensors/bin/unwd-range-l1-r3/cortexm_common_periph.a
LOAD /Users/sokrat/Desktop/RIOT/miem/sensors/bin/unwd-range-l1-r3/cpu.a
LOAD /Users/sokrat/Desktop/RIOT/miem/sensors/bin/unwd-range-l1-r3/div.a
LOAD /Users/sokrat/Desktop/RIOT/miem/sensors/bin/unwd-range-l1-r3/isrpipe.a
LOAD /Users/sokrat/Desktop/RIOT/miem/sensors/bin/unwd-range-l1-r3/lptimer.a
LOAD /Users/sokrat/Desktop/RIOT/miem/sensors/bin/unwd-range-l1-r3/newlib_syscalls_default.a
LOAD /Users/sokrat/Desktop/RIOT/miem/sensors/bin/unwd-range-l1-r3/opt3001.a
LOAD /Users/sokrat/Desktop/RIOT/miem/sensors/bin/unwd-range-l1-r3/periph.a
LOAD /Users/sokrat/Desktop/RIOT/miem/sensors/bin/unwd-range-l1-r3/pm_layered.a
LOAD /Users/sokrat/Desktop/RIOT/miem/sensors/bin/unwd-range-l1-r3/stdio_uart.a
LOAD /Users/sokrat/Desktop/RIOT/miem/sensors/bin/unwd-range-l1-r3/stm32_common.a
LOAD /Users/sokrat/Desktop/RIOT/miem/sensors/bin/unwd-range-l1-r3/stm32_common_periph.a
LOAD /Users/sokrat/Desktop/RIOT/miem/sensors/bin/unwd-range-l1-r3/sys.a
LOAD /Users/sokrat/Desktop/RIOT/miem/sensors/bin/unwd-range-l1-r3/tsrb.a
LOAD /Users/sokrat/Desktop/RIOT/miem/sensors/bin/unwd-range-l1-r3/xtimer.a
LOAD /Users/sokrat/Desktop/RIOT/miem/sensors/bin/unwd-range-l1-r3/periph_common.a
LOAD /Applications/ARM/bin/../lib/gcc/arm-none-eabi/10.3.1/../../../../arm-none-eabi/lib/thumb/v7-m/nofp/libm.a
END GROUP
LOAD /Applications/ARM/bin/../lib/gcc/arm-none-eabi/10.3.1/thumb/v7-m/nofp/libgcc.a
                0x0000000008000000                _rom_start_addr = 0x8000000
                0x0000000020000000                _ram_start_addr = 0x20000000
                0x0000000000080000                _rom_length = 0x80000
                0x0000000000014000                _ram_length = 0x14000
LOAD /Applications/ARM/bin/../lib/gcc/arm-none-eabi/10.3.1/../../../../arm-none-eabi/lib/thumb/v7-m/nofp/libc_nano.a
START GROUP
LOAD /Applications/ARM/bin/../lib/gcc/arm-none-eabi/10.3.1/thumb/v7-m/nofp/libgcc.a
LOAD /Applications/ARM/bin/../lib/gcc/arm-none-eabi/10.3.1/../../../../arm-none-eabi/lib/thumb/v7-m/nofp/libg_nano.a
LOAD /Applications/ARM/bin/../lib/gcc/arm-none-eabi/10.3.1/../../../../arm-none-eabi/lib/thumb/v7-m/nofp/libc_nano.a
END GROUP
START GROUP
LOAD /Applications/ARM/bin/../lib/gcc/arm-none-eabi/10.3.1/thumb/v7-m/nofp/libgcc.a
LOAD /Applications/ARM/bin/../lib/gcc/arm-none-eabi/10.3.1/../../../../arm-none-eabi/lib/thumb/v7-m/nofp/libc_nano.a
END GROUP
                0x0000000000000000                ccmram_length = DEFINED (ccmram_len)?ccmram_len:0x0
                0x0000000000000000                _rom_offset = DEFINED (_rom_offset)?_rom_offset:0x0
                0x0000000000080000                _fw_rom_length = DEFINED (_fw_rom_length)?_fw_rom_length:(_rom_length - _rom_offset)
                0x0000000000000001                ASSERT ((_fw_rom_length <= (_rom_length - _rom_offset)), Specified firmware size does not fit in ROM)

.text           0x0000000008000000     0x4550
                0x0000000008000000                . = ALIGN (0x4)
                0x0000000008000000                _sfixed = .
                0x0000000008000000                _isr_vectors = DEFINED (_isr_vectors)?_isr_vectors:.
 *(SORT_BY_NAME(.vectors*))
 .vectors.0     0x0000000008000000       0x40 /Users/sokrat/Desktop/RIOT/miem/sensors/bin/unwd-range-l1-r3/cortexm_common.a(vectors_cortexm.o)
                0x0000000008000000                cortex_vector_base
 .vectors.1     0x0000000008000040       0xe4 /Users/sokrat/Desktop/RIOT/miem/sensors/bin/unwd-range-l1-r3/cpu/vectors.o
                0x0000000008000040                vector_cpu
 *(.text .text.* .gnu.linkonce.t.*)
 .text.dummy_handler
                0x0000000008000124        0x4 /Users/sokrat/Desktop/RIOT/miem/sensors/bin/unwd-range-l1-r3/cpu/vectors.o
                0x0000000008000124                isr_wwdg
                0x0000000008000124                isr_rtc_wkup
                0x0000000008000124                isr_comp_acq
                0x0000000008000124                isr_tim10
                0x0000000008000124                isr_dac
                0x0000000008000124                isr_exti
                0x0000000008000124                isr_dma2_ch5
                0x0000000008000124                isr_dma1_ch2
                0x0000000008000124                isr_tim7
                0x0000000008000124                isr_tim5
                0x0000000008000124                isr_i2c1_ev
                0x0000000008000124                isr_dma1_ch7
                0x0000000008000124                isr_tim4
                0x0000000008000124                isr_dma1_ch3
                0x0000000008000124                isr_dma2_ch3
                0x0000000008000124                isr_tim2
                0x0000000008000124                isr_sdio
                0x0000000008000124                isr_spi2
                0x0000000008000124                dummy_handler
                0x0000000008000124                isr_usb_hp
                0x0000000008000124                isr_aes
                0x0000000008000124                isr_dma2_ch4
                0x0000000008000124                isr_dma1_ch1
                0x0000000008000124                isr_comp
                0x0000000008000124                isr_dma1_ch6
                0x0000000008000124                isr_spi1
                0x0000000008000124                isr_tim6
                0x0000000008000124                isr_usb_lp
                0x0000000008000124                isr_rcc
                0x0000000008000124                isr_flash
                0x0000000008000124                isr_uart5
                0x0000000008000124                isr_dma2_ch2
                0x0000000008000124                isr_adc1
                0x0000000008000124                isr_uart4
                0x0000000008000124                isr_i2c2_er
                0x0000000008000124                isr_usb_fs_wkup
                0x0000000008000124                isr_dma2_ch1
                0x0000000008000124                isr_spi3
                0x0000000008000124                isr_lcd
                0x0000000008000124                isr_tim3
                0x0000000008000124                isr_dma1_ch5
                0x0000000008000124                isr_dma1_ch4
                0x0000000008000124                isr_i2c2_ev
                0x0000000008000124                isr_tamper_stamp
                0x0000000008000124                isr_i2c1_er
                0x0000000008000124                isr_pvd
 .text._init    0x0000000008000128        0x4 /Users/sokrat/Desktop/RIOT/miem/sensors/bin/unwd-range-l1-r3/newlib_syscalls_default/syscalls.o
                0x0000000008000128                _init
 .text._fini    0x000000000800012c        0x2 /Users/sokrat/Desktop/RIOT/miem/sensors/bin/unwd-range-l1-r3/newlib_syscalls_default/syscalls.o
                0x000000000800012c                _fini
 *fill*         0x000000000800012e        0x2 
 .text._sbrk_r  0x0000000008000130       0x3c /Users/sokrat/Desktop/RIOT/miem/sensors/bin/unwd-range-l1-r3/newlib_syscalls_default/syscalls.o
                0x0000000008000130                _sbrk_r
 .text._read_r  0x000000000800016c        0x8 /Users/sokrat/Desktop/RIOT/miem/sensors/bin/unwd-range-l1-r3/newlib_syscalls_default/syscalls.o
                0x000000000800016c                _read_r
 .text._write_r
                0x0000000008000174        0x8 /Users/sokrat/Desktop/RIOT/miem/sensors/bin/unwd-range-l1-r3/newlib_syscalls_default/syscalls.o
                0x0000000008000174                _write_r
 .text._close_r
                0x000000000800017c        0xa /Users/sokrat/Desktop/RIOT/miem/sensors/bin/unwd-range-l1-r3/newlib_syscalls_default/syscalls.o
                0x000000000800017c                _close_r
 .text._lseek_r
                0x0000000008000186        0xa /Users/sokrat/Desktop/RIOT/miem/sensors/bin/unwd-range-l1-r3/newlib_syscalls_default/syscalls.o
                0x0000000008000186                _lseek_r
 .text._fstat_r
                0x0000000008000190        0xa /Users/sokrat/Desktop/RIOT/miem/sensors/bin/unwd-range-l1-r3/newlib_syscalls_default/syscalls.o
                0x0000000008000190                _fstat_r
 .text._isatty_r
                0x000000000800019a        0xe /Users/sokrat/Desktop/RIOT/miem/sensors/bin/unwd-range-l1-r3/newlib_syscalls_default/syscalls.o
                0x000000000800019a                _isatty_r
 .text.sched_run
                0x00000000080001a8       0x64 /Users/sokrat/Desktop/RIOT/miem/sensors/bin/unwd-range-l1-r3/core.a(sched.o)
                0x00000000080001a8                sched_run
 .text.sched_set_status
                0x000000000800020c       0x80 /Users/sokrat/Desktop/RIOT/miem/sensors/bin/unwd-range-l1-r3/core.a(sched.o)
                0x000000000800020c                sched_set_status
 .text.sched_switch
                0x000000000800028c       0x30 /Users/sokrat/Desktop/RIOT/miem/sensors/bin/unwd-range-l1-r3/core.a(sched.o)
                0x000000000800028c                sched_switch
 .text.sched_task_exit
                0x00000000080002bc       0x3c /Users/sokrat/Desktop/RIOT/miem/sensors/bin/unwd-range-l1-r3/core.a(sched.o)
                0x00000000080002bc                sched_task_exit
 .text.thread_stack_init
                0x00000000080002f8       0x68 /Users/sokrat/Desktop/RIOT/miem/sensors/bin/unwd-range-l1-r3/cortexm_common.a(thread_arch.o)
                0x00000000080002f8                thread_stack_init
 .text.cpu_switch_context_exit
                0x0000000008000360        0x8 /Users/sokrat/Desktop/RIOT/miem/sensors/bin/unwd-range-l1-r3/cortexm_common.a(thread_arch.o)
                0x0000000008000360                cpu_switch_context_exit
 .text.thread_yield_higher
                0x0000000008000368       0x10 /Users/sokrat/Desktop/RIOT/miem/sensors/bin/unwd-range-l1-r3/cortexm_common.a(thread_arch.o)
                0x0000000008000368                thread_yield_higher
 .text.isr_pendsv
                0x0000000008000378       0x1c /Users/sokrat/Desktop/RIOT/miem/sensors/bin/unwd-range-l1-r3/cortexm_common.a(thread_arch.o)
                0x0000000008000378                isr_pendsv
 .text.isr_svc  0x0000000008000394       0x1c /Users/sokrat/Desktop/RIOT/miem/sensors/bin/unwd-range-l1-r3/cortexm_common.a(thread_arch.o)
                0x0000000008000394                isr_svc
 .text.hard_fault_default
                0x00000000080003b0       0x44 /Users/sokrat/Desktop/RIOT/miem/sensors/bin/unwd-range-l1-r3/cortexm_common.a(vectors_cortexm.o)
                0x00000000080003b0                hard_fault_default
 .text.nmi_default
                0x00000000080003f4       0x10 /Users/sokrat/Desktop/RIOT/miem/sensors/bin/unwd-range-l1-r3/cortexm_common.a(vectors_cortexm.o)
                0x00000000080003f4                nmi_default
 .text.mem_manage_default
                0x0000000008000404       0x10 /Users/sokrat/Desktop/RIOT/miem/sensors/bin/unwd-range-l1-r3/cortexm_common.a(vectors_cortexm.o)
                0x0000000008000404                mem_manage_default
 .text.bus_fault_default
                0x0000000008000414       0x10 /Users/sokrat/Desktop/RIOT/miem/sensors/bin/unwd-range-l1-r3/cortexm_common.a(vectors_cortexm.o)
                0x0000000008000414                bus_fault_default
 .text.usage_fault_default
                0x0000000008000424       0x10 /Users/sokrat/Desktop/RIOT/miem/sensors/bin/unwd-range-l1-r3/cortexm_common.a(vectors_cortexm.o)
                0x0000000008000424                usage_fault_default
 .text.debug_mon_default
                0x0000000008000434       0x10 /Users/sokrat/Desktop/RIOT/miem/sensors/bin/unwd-range-l1-r3/cortexm_common.a(vectors_cortexm.o)
                0x0000000008000434                debug_mon_default
 .text.dummy_handler_default
                0x0000000008000444       0x10 /Users/sokrat/Desktop/RIOT/miem/sensors/bin/unwd-range-l1-r3/cortexm_common.a(vectors_cortexm.o)
                0x0000000008000444                dummy_handler_default
                0x0000000008000444                isr_systick
 .text.pre_startup
                0x0000000008000454        0x2 /Users/sokrat/Desktop/RIOT/miem/sensors/bin/unwd-range-l1-r3/cortexm_common.a(vectors_cortexm.o)
                0x0000000008000454                pre_startup
 .text.post_startup
                0x0000000008000456        0x2 /Users/sokrat/Desktop/RIOT/miem/sensors/bin/unwd-range-l1-r3/cortexm_common.a(vectors_cortexm.o)
                0x0000000008000456                post_startup
 .text.reset_handler_default
                0x0000000008000458       0x6c /Users/sokrat/Desktop/RIOT/miem/sensors/bin/unwd-range-l1-r3/cortexm_common.a(vectors_cortexm.o)
                0x0000000008000458                reset_handler_default
 .text.hard_fault_handler
                0x00000000080004c4      0x188 /Users/sokrat/Desktop/RIOT/miem/sensors/bin/unwd-range-l1-r3/cortexm_common.a(vectors_cortexm.o)
                0x00000000080004c4                hard_fault_handler
 .text.irq_disable
                0x000000000800064c        0x8 /Users/sokrat/Desktop/RIOT/miem/sensors/bin/unwd-range-l1-r3/cortexm_common.a(irq_arch.o)
                0x000000000800064c                irq_disable
 .text.irq_enable
                0x0000000008000654        0x8 /Users/sokrat/Desktop/RIOT/miem/sensors/bin/unwd-range-l1-r3/cortexm_common.a(irq_arch.o)
                0x0000000008000654                irq_enable
 .text.irq_restore
                0x000000000800065c        0x6 /Users/sokrat/Desktop/RIOT/miem/sensors/bin/unwd-range-l1-r3/cortexm_common.a(irq_arch.o)
                0x000000000800065c                irq_restore
 .text.irq_is_in
                0x0000000008000662        0x8 /Users/sokrat/Desktop/RIOT/miem/sensors/bin/unwd-range-l1-r3/cortexm_common.a(irq_arch.o)
                0x0000000008000662                irq_is_in
 *fill*         0x000000000800066a        0x2 
 .text.stdio_init
                0x000000000800066c       0x18 /Users/sokrat/Desktop/RIOT/miem/sensors/bin/unwd-range-l1-r3/stdio_uart.a(stdio_uart.o)
                0x000000000800066c                stdio_init
 .text.stdio_read
                0x0000000008000684       0x10 /Users/sokrat/Desktop/RIOT/miem/sensors/bin/unwd-range-l1-r3/stdio_uart.a(stdio_uart.o)
                0x0000000008000684                stdio_read
 .text.stdio_write
                0x0000000008000694       0x12 /Users/sokrat/Desktop/RIOT/miem/sensors/bin/unwd-range-l1-r3/stdio_uart.a(stdio_uart.o)
                0x0000000008000694                stdio_write
 *fill*         0x00000000080006a6        0x2 
 .text.pm_set   0x00000000080006a8      0x250 /Users/sokrat/Desktop/RIOT/miem/sensors/bin/unwd-range-l1-r3/stm32_common_periph.a(pm.o)
                0x00000000080006a8                pm_set
 .text.pm_off   0x00000000080008f8       0x14 /Users/sokrat/Desktop/RIOT/miem/sensors/bin/unwd-range-l1-r3/stm32_common_periph.a(pm.o)
                0x00000000080008f8                pm_off
 .text.irq_handler
                0x000000000800090c       0x48 /Users/sokrat/Desktop/RIOT/miem/sensors/bin/unwd-range-l1-r3/stm32_common_periph.a(uart.o)
 .text.uart_set_baudrate
                0x0000000008000954       0x8c /Users/sokrat/Desktop/RIOT/miem/sensors/bin/unwd-range-l1-r3/stm32_common_periph.a(uart.o)
                0x0000000008000954                uart_set_baudrate
 .text.uart_write
                0x00000000080009e0       0x44 /Users/sokrat/Desktop/RIOT/miem/sensors/bin/unwd-range-l1-r3/stm32_common_periph.a(uart.o)
                0x00000000080009e0                uart_write
 .text.uart_poweron
                0x0000000008000a24       0x2c /Users/sokrat/Desktop/RIOT/miem/sensors/bin/unwd-range-l1-r3/stm32_common_periph.a(uart.o)
                0x0000000008000a24                uart_poweron
 .text.uart_init
                0x0000000008000a50       0xc4 /Users/sokrat/Desktop/RIOT/miem/sensors/bin/unwd-range-l1-r3/stm32_common_periph.a(uart.o)
                0x0000000008000a50                uart_init
 .text.isr_usart1
                0x0000000008000b14        0x6 /Users/sokrat/Desktop/RIOT/miem/sensors/bin/unwd-range-l1-r3/stm32_common_periph.a(uart.o)
                0x0000000008000b14                isr_usart1
 .text.isr_usart2
                0x0000000008000b1a        0x6 /Users/sokrat/Desktop/RIOT/miem/sensors/bin/unwd-range-l1-r3/stm32_common_periph.a(uart.o)
                0x0000000008000b1a                isr_usart2
 .text.isr_usart3
                0x0000000008000b20        0x6 /Users/sokrat/Desktop/RIOT/miem/sensors/bin/unwd-range-l1-r3/stm32_common_periph.a(uart.o)
                0x0000000008000b20                isr_usart3
 .text.gpio_init
                0x0000000008000b26       0x7a /Users/sokrat/Desktop/RIOT/miem/sensors/bin/unwd-range-l1-r3/stm32_common_periph.a(gpio.o)
                0x0000000008000b26                gpio_init
 .text.gpio_init_af
                0x0000000008000ba0       0x56 /Users/sokrat/Desktop/RIOT/miem/sensors/bin/unwd-range-l1-r3/stm32_common_periph.a(gpio.o)
                0x0000000008000ba0                gpio_init_af
 .text.gpio_set
                0x0000000008000bf6       0x16 /Users/sokrat/Desktop/RIOT/miem/sensors/bin/unwd-range-l1-r3/stm32_common_periph.a(gpio.o)
                0x0000000008000bf6                gpio_set
 .text._xtimer_lltimer_now
                0x0000000008000c0c        0x6 /Users/sokrat/Desktop/RIOT/miem/sensors/bin/unwd-range-l1-r3/xtimer.a(xtimer_core.o)
 *fill*         0x0000000008000c12        0x2 
 .text._xtimer_now
                0x0000000008000c14       0x18 /Users/sokrat/Desktop/RIOT/miem/sensors/bin/unwd-range-l1-r3/xtimer.a(xtimer_core.o)
 .text._lltimer_set
                0x0000000008000c2c       0x14 /Users/sokrat/Desktop/RIOT/miem/sensors/bin/unwd-range-l1-r3/xtimer.a(xtimer_core.o)
 .text._next_period
                0x0000000008000c40       0xc4 /Users/sokrat/Desktop/RIOT/miem/sensors/bin/unwd-range-l1-r3/xtimer.a(xtimer_core.o)
 .text._periph_timer_callback
                0x0000000008000d04       0xe0 /Users/sokrat/Desktop/RIOT/miem/sensors/bin/unwd-range-l1-r3/xtimer.a(xtimer_core.o)
 .text.xtimer_init
                0x0000000008000de4       0x24 /Users/sokrat/Desktop/RIOT/miem/sensors/bin/unwd-range-l1-r3/xtimer.a(xtimer_core.o)
                0x0000000008000de4                xtimer_init
 .text.board_init
                0x0000000008000e08       0x18 /Users/sokrat/Desktop/RIOT/miem/sensors/bin/unwd-range-l1-r3/boards_common_unwd.a(board.o)
                0x0000000008000e08                board_init
 .text.main_trampoline
                0x0000000008000e20       0x18 /Users/sokrat/Desktop/RIOT/miem/sensors/bin/unwd-range-l1-r3/core.a(kernel_init.o)
 .text.idle_thread
                0x0000000008000e38        0x8 /Users/sokrat/Desktop/RIOT/miem/sensors/bin/unwd-range-l1-r3/core.a(kernel_init.o)
 .text.kernel_init
                0x0000000008000e40       0x58 /Users/sokrat/Desktop/RIOT/miem/sensors/bin/unwd-range-l1-r3/core.a(kernel_init.o)
                0x0000000008000e40                kernel_init
 .text.panic_arch
                0x0000000008000e98        0x2 /Users/sokrat/Desktop/RIOT/miem/sensors/bin/unwd-range-l1-r3/core.a(panic.o)
                0x0000000008000e98                panic_arch
 *fill*         0x0000000008000e9a        0x2 
 .text.core_panic
                0x0000000008000e9c       0x44 /Users/sokrat/Desktop/RIOT/miem/sensors/bin/unwd-range-l1-r3/core.a(panic.o)
                0x0000000008000e9c                core_panic
 .text.thread_add_to_list
                0x0000000008000ee0       0x30 /Users/sokrat/Desktop/RIOT/miem/sensors/bin/unwd-range-l1-r3/core.a(thread.o)
                0x0000000008000ee0                thread_add_to_list
 .text.thread_create
                0x0000000008000f10       0xf8 /Users/sokrat/Desktop/RIOT/miem/sensors/bin/unwd-range-l1-r3/core.a(thread.o)
                0x0000000008000f10                thread_create
 .text.cpu_check_address
                0x0000000008001008       0x38 /Users/sokrat/Desktop/RIOT/miem/sensors/bin/unwd-range-l1-r3/cortexm_common.a(cortexm_init.o)
                0x0000000008001008                cpu_check_address
 .text.cpu_find_memory_size
                0x0000000008001040       0x1e /Users/sokrat/Desktop/RIOT/miem/sensors/bin/unwd-range-l1-r3/cortexm_common.a(cortexm_init.o)
                0x0000000008001040                cpu_find_memory_size
 *fill*         0x000000000800105e        0x2 
 .text.cortexm_init
                0x0000000008001060       0x40 /Users/sokrat/Desktop/RIOT/miem/sensors/bin/unwd-range-l1-r3/cortexm_common.a(cortexm_init.o)
                0x0000000008001060                cortexm_init
 .text.isrpipe_write_one
                0x00000000080010a0       0x16 /Users/sokrat/Desktop/RIOT/miem/sensors/bin/unwd-range-l1-r3/isrpipe.a(isrpipe.o)
                0x00000000080010a0                isrpipe_write_one
 .text.isrpipe_read
                0x00000000080010b6       0x24 /Users/sokrat/Desktop/RIOT/miem/sensors/bin/unwd-range-l1-r3/isrpipe.a(isrpipe.o)
                0x00000000080010b6                isrpipe_read
 *fill*         0x00000000080010da        0x2 
 .text.pm_set_lowest
                0x00000000080010dc       0x40 /Users/sokrat/Desktop/RIOT/miem/sensors/bin/unwd-range-l1-r3/pm_layered.a(pm.o)
                0x00000000080010dc                pm_set_lowest
 .text.periph_apb_clk
                0x000000000800111c        0xc /Users/sokrat/Desktop/RIOT/miem/sensors/bin/unwd-range-l1-r3/stm32_common.a(cpu_common.o)
                0x000000000800111c                periph_apb_clk
 .text.periph_timer_clk
                0x0000000008001128       0x14 /Users/sokrat/Desktop/RIOT/miem/sensors/bin/unwd-range-l1-r3/stm32_common.a(cpu_common.o)
                0x0000000008001128                periph_timer_clk
 .text.periph_clk_en
                0x000000000800113c       0x30 /Users/sokrat/Desktop/RIOT/miem/sensors/bin/unwd-range-l1-r3/stm32_common.a(cpu_common.o)
                0x000000000800113c                periph_clk_en
 .text.periph_clk_dis
                0x000000000800116c       0x34 /Users/sokrat/Desktop/RIOT/miem/sensors/bin/unwd-range-l1-r3/stm32_common.a(cpu_common.o)
                0x000000000800116c                periph_clk_dis
 .text.is_periph_clk
                0x00000000080011a0       0x30 /Users/sokrat/Desktop/RIOT/miem/sensors/bin/unwd-range-l1-r3/stm32_common.a(cpu_common.o)
                0x00000000080011a0                is_periph_clk
 .text.cpu_init
                0x00000000080011d0       0x84 /Users/sokrat/Desktop/RIOT/miem/sensors/bin/unwd-range-l1-r3/stm32_common.a(cpu_init.o)
                0x00000000080011d0                cpu_init
 .text.cpu_init_status
                0x0000000008001254       0x78 /Users/sokrat/Desktop/RIOT/miem/sensors/bin/unwd-range-l1-r3/stm32_common.a(stm_status.o)
                0x0000000008001254                cpu_init_status
 .text.utils_delay
                0x00000000080012cc        0x6 /Users/sokrat/Desktop/RIOT/miem/sensors/bin/unwd-range-l1-r3/stm32_common.a(stmclk_l0l1.o)
 *fill*         0x00000000080012d2        0x2 
 .text.stmclk_init_sysclk
                0x00000000080012d4      0x200 /Users/sokrat/Desktop/RIOT/miem/sensors/bin/unwd-range-l1-r3/stm32_common.a(stmclk_l0l1.o)
                0x00000000080012d4                stmclk_init_sysclk
 .text.irq_handler
                0x00000000080014d4       0x84 /Users/sokrat/Desktop/RIOT/miem/sensors/bin/unwd-range-l1-r3/stm32_common_periph.a(timer.o)
 .text.timer_set_absolute
                0x0000000008001558       0x48 /Users/sokrat/Desktop/RIOT/miem/sensors/bin/unwd-range-l1-r3/stm32_common_periph.a(timer.o)
                0x0000000008001558                timer_set_absolute
 .text.timer_read
                0x00000000080015a0       0x10 /Users/sokrat/Desktop/RIOT/miem/sensors/bin/unwd-range-l1-r3/stm32_common_periph.a(timer.o)
                0x00000000080015a0                timer_read
 .text.timer_start
                0x00000000080015b0       0x18 /Users/sokrat/Desktop/RIOT/miem/sensors/bin/unwd-range-l1-r3/stm32_common_periph.a(timer.o)
                0x00000000080015b0                timer_start
 .text.timer_init
                0x00000000080015c8       0x88 /Users/sokrat/Desktop/RIOT/miem/sensors/bin/unwd-range-l1-r3/stm32_common_periph.a(timer.o)
                0x00000000080015c8                timer_init
 .text.isr_tim11
                0x0000000008001650        0x6 /Users/sokrat/Desktop/RIOT/miem/sensors/bin/unwd-range-l1-r3/stm32_common_periph.a(timer.o)
                0x0000000008001650                isr_tim11
 .text.isr_tim9
                0x0000000008001656        0x6 /Users/sokrat/Desktop/RIOT/miem/sensors/bin/unwd-range-l1-r3/stm32_common_periph.a(timer.o)
                0x0000000008001656                isr_tim9
 .text._pop     0x000000000800165c       0x12 /Users/sokrat/Desktop/RIOT/miem/sensors/bin/unwd-range-l1-r3/tsrb.a(tsrb.o)
 .text.tsrb_get
                0x000000000800166e       0x26 /Users/sokrat/Desktop/RIOT/miem/sensors/bin/unwd-range-l1-r3/tsrb.a(tsrb.o)
                0x000000000800166e                tsrb_get
 .text.tsrb_add_one
                0x0000000008001694       0x26 /Users/sokrat/Desktop/RIOT/miem/sensors/bin/unwd-range-l1-r3/tsrb.a(tsrb.o)
                0x0000000008001694                tsrb_add_one
 .text.periph_init
                0x00000000080016ba        0x2 /Users/sokrat/Desktop/RIOT/miem/sensors/bin/unwd-range-l1-r3/periph_common.a(init.o)
                0x00000000080016ba                periph_init
 .text.lum_thread
                0x00000000080016bc       0x5c /Users/sokrat/Desktop/RIOT/miem/sensors/bin/unwd-range-l1-r3/application_sensors.a(main.o)
                0x00000000080016bc                lum_thread
 .text.startup.main
                0x0000000008001718       0xb0 /Users/sokrat/Desktop/RIOT/miem/sensors/bin/unwd-range-l1-r3/application_sensors.a(main.o)
                0x0000000008001718                main
 .text.auto_init
                0x00000000080017c8        0xe /Users/sokrat/Desktop/RIOT/miem/sensors/bin/unwd-range-l1-r3/auto_init.a(auto_init.o)
                0x00000000080017c8                auto_init
 .text.read_u8_reg
                0x00000000080017d6       0x2e /Users/sokrat/Desktop/RIOT/miem/sensors/bin/unwd-range-l1-r3/bmx280.a(bmx280.o)
 .text.write_u8_reg
                0x0000000008001804       0x2a /Users/sokrat/Desktop/RIOT/miem/sensors/bin/unwd-range-l1-r3/bmx280.a(bmx280.o)
 *fill*         0x000000000800182e        0x2 
 .text.lptimer_now_msec
                0x0000000008001830       0x28 /Users/sokrat/Desktop/RIOT/miem/sensors/bin/unwd-range-l1-r3/bmx280.a(bmx280.o)
 .text.bmx280_init
                0x0000000008001858      0x1d8 /Users/sokrat/Desktop/RIOT/miem/sensors/bin/unwd-range-l1-r3/bmx280.a(bmx280.o)
                0x0000000008001858                bmx280_init
 .text.bmx280_read_temperature
                0x0000000008001a30       0xe4 /Users/sokrat/Desktop/RIOT/miem/sensors/bin/unwd-range-l1-r3/bmx280.a(bmx280.o)
                0x0000000008001a30                bmx280_read_temperature
 .text.bmx280_read_pressure
                0x0000000008001b14      0x17c /Users/sokrat/Desktop/RIOT/miem/sensors/bin/unwd-range-l1-r3/bmx280.a(bmx280.o)
                0x0000000008001b14                bmx280_read_pressure
 .text.bme280_read_humidity
                0x0000000008001c90       0x88 /Users/sokrat/Desktop/RIOT/miem/sensors/bin/unwd-range-l1-r3/bmx280.a(bmx280.o)
                0x0000000008001c90                bme280_read_humidity
 .text._mutex_lock
                0x0000000008001d18       0x60 /Users/sokrat/Desktop/RIOT/miem/sensors/bin/unwd-range-l1-r3/core.a(mutex.o)
                0x0000000008001d18                _mutex_lock
 .text.mutex_unlock
                0x0000000008001d78       0x4c /Users/sokrat/Desktop/RIOT/miem/sensors/bin/unwd-range-l1-r3/core.a(mutex.o)
                0x0000000008001d78                mutex_unlock
 .text._msg_receive
                0x0000000008001dc4      0x108 /Users/sokrat/Desktop/RIOT/miem/sensors/bin/unwd-range-l1-r3/core.a(msg.o)
 .text.queue_msg
                0x0000000008001ecc       0x2a /Users/sokrat/Desktop/RIOT/miem/sensors/bin/unwd-range-l1-r3/core.a(msg.o)
 *fill*         0x0000000008001ef6        0x2 
 .text._msg_send
                0x0000000008001ef8       0xac /Users/sokrat/Desktop/RIOT/miem/sensors/bin/unwd-range-l1-r3/core.a(msg.o)
 .text.msg_send_to_self
                0x0000000008001fa4       0x30 /Users/sokrat/Desktop/RIOT/miem/sensors/bin/unwd-range-l1-r3/core.a(msg.o)
                0x0000000008001fa4                msg_send_to_self
 .text.msg_send_int
                0x0000000008001fd4       0x48 /Users/sokrat/Desktop/RIOT/miem/sensors/bin/unwd-range-l1-r3/core.a(msg.o)
                0x0000000008001fd4                msg_send_int
 .text.msg_send
                0x000000000800201c       0x44 /Users/sokrat/Desktop/RIOT/miem/sensors/bin/unwd-range-l1-r3/core.a(msg.o)
                0x000000000800201c                msg_send
 .text.msg_receive
                0x0000000008002060        0x6 /Users/sokrat/Desktop/RIOT/miem/sensors/bin/unwd-range-l1-r3/core.a(msg.o)
                0x0000000008002060                msg_receive
 .text._callback_unlock_mutex
                0x0000000008002066        0x4 /Users/sokrat/Desktop/RIOT/miem/sensors/bin/unwd-range-l1-r3/lptimer.a(lptimer.o)
 .text._lptimer_spin
                0x000000000800206a       0x1e /Users/sokrat/Desktop/RIOT/miem/sensors/bin/unwd-range-l1-r3/lptimer.a(lptimer.o)
 .text._lptimer_tsleep
                0x0000000008002088       0x58 /Users/sokrat/Desktop/RIOT/miem/sensors/bin/unwd-range-l1-r3/lptimer.a(lptimer.o)
                0x0000000008002088                _lptimer_tsleep
 .text._lptimer_now
                0x00000000080020e0       0x18 /Users/sokrat/Desktop/RIOT/miem/sensors/bin/unwd-range-l1-r3/lptimer.a(lptimer_core.o)
 .text._lltimer_set
                0x00000000080020f8       0x1c /Users/sokrat/Desktop/RIOT/miem/sensors/bin/unwd-range-l1-r3/lptimer.a(lptimer_core.o)
 .text._add_timer_to_long_list.constprop.0
                0x0000000008002114       0x2c /Users/sokrat/Desktop/RIOT/miem/sensors/bin/unwd-range-l1-r3/lptimer.a(lptimer_core.o)
 .text._next_period
                0x0000000008002140       0xc4 /Users/sokrat/Desktop/RIOT/miem/sensors/bin/unwd-range-l1-r3/lptimer.a(lptimer_core.o)
 .text._periph_timer_callback
                0x0000000008002204       0xdc /Users/sokrat/Desktop/RIOT/miem/sensors/bin/unwd-range-l1-r3/lptimer.a(lptimer_core.o)
 .text._remove  0x00000000080022e0       0x5c /Users/sokrat/Desktop/RIOT/miem/sensors/bin/unwd-range-l1-r3/lptimer.a(lptimer_core.o)
 .text.lptimer_init
                0x000000000800233c       0x12 /Users/sokrat/Desktop/RIOT/miem/sensors/bin/unwd-range-l1-r3/lptimer.a(lptimer_core.o)
                0x000000000800233c                lptimer_init
 *fill*         0x000000000800234e        0x2 
 .text._lptimer_set_absolute
                0x0000000008002350       0xdc /Users/sokrat/Desktop/RIOT/miem/sensors/bin/unwd-range-l1-r3/lptimer.a(lptimer_core.o)
                0x0000000008002350                _lptimer_set_absolute
 .text.lptimer_remove
                0x000000000800242c       0x22 /Users/sokrat/Desktop/RIOT/miem/sensors/bin/unwd-range-l1-r3/lptimer.a(lptimer_core.o)
                0x000000000800242c                lptimer_remove
 .text._lptimer_set
                0x000000000800244e       0x42 /Users/sokrat/Desktop/RIOT/miem/sensors/bin/unwd-range-l1-r3/lptimer.a(lptimer_core.o)
                0x000000000800244e                _lptimer_set
 .text._lptimer_set64
                0x0000000008002490       0x60 /Users/sokrat/Desktop/RIOT/miem/sensors/bin/unwd-range-l1-r3/lptimer.a(lptimer_core.o)
                0x0000000008002490                _lptimer_set64
 .text.opt3001_init
                0x00000000080024f0       0x70 /Users/sokrat/Desktop/RIOT/miem/sensors/bin/unwd-range-l1-r3/opt3001.a(opt3001.o)
                0x00000000080024f0                opt3001_init
 .text.opt3001_measure
                0x0000000008002560       0x9c /Users/sokrat/Desktop/RIOT/miem/sensors/bin/unwd-range-l1-r3/opt3001.a(opt3001.o)
                0x0000000008002560                opt3001_measure
 .text._wait_for_bus
                0x00000000080025fc       0x24 /Users/sokrat/Desktop/RIOT/miem/sensors/bin/unwd-range-l1-r3/stm32_common_periph.a(i2c_2.o)
 .text._stop    0x0000000008002620       0x42 /Users/sokrat/Desktop/RIOT/miem/sensors/bin/unwd-range-l1-r3/stm32_common_periph.a(i2c_2.o)
 .text._is_sr1_mask_set
                0x0000000008002662       0x54 /Users/sokrat/Desktop/RIOT/miem/sensors/bin/unwd-range-l1-r3/stm32_common_periph.a(i2c_2.o)
 *fill*         0x00000000080026b6        0x2 
 .text._start   0x00000000080026b8       0xa4 /Users/sokrat/Desktop/RIOT/miem/sensors/bin/unwd-range-l1-r3/stm32_common_periph.a(i2c_2.o)
 .text.i2c_init
                0x000000000800275c      0x124 /Users/sokrat/Desktop/RIOT/miem/sensors/bin/unwd-range-l1-r3/stm32_common_periph.a(i2c_2.o)
                0x000000000800275c                i2c_init
 .text.i2c_acquire
                0x0000000008002880       0x3c /Users/sokrat/Desktop/RIOT/miem/sensors/bin/unwd-range-l1-r3/stm32_common_periph.a(i2c_2.o)
                0x0000000008002880                i2c_acquire
 .text.i2c_release
                0x00000000080028bc       0x38 /Users/sokrat/Desktop/RIOT/miem/sensors/bin/unwd-range-l1-r3/stm32_common_periph.a(i2c_2.o)
                0x00000000080028bc                i2c_release
 .text.i2c_read_bytes
                0x00000000080028f4       0xa8 /Users/sokrat/Desktop/RIOT/miem/sensors/bin/unwd-range-l1-r3/stm32_common_periph.a(i2c_2.o)
                0x00000000080028f4                i2c_read_bytes
 .text.i2c_write_bytes
                0x000000000800299c       0x80 /Users/sokrat/Desktop/RIOT/miem/sensors/bin/unwd-range-l1-r3/stm32_common_periph.a(i2c_2.o)
                0x000000000800299c                i2c_write_bytes
 .text.rtt_init
                0x0000000008002a1c       0xa8 /Users/sokrat/Desktop/RIOT/miem/sensors/bin/unwd-range-l1-r3/stm32_common_periph.a(rtt.o)
                0x0000000008002a1c                rtt_init
 .text.rtt_get_counter
                0x0000000008002ac4       0x20 /Users/sokrat/Desktop/RIOT/miem/sensors/bin/unwd-range-l1-r3/stm32_common_periph.a(rtt.o)
                0x0000000008002ac4                rtt_get_counter
 .text.rtt_set_alarm
                0x0000000008002ae4       0x64 /Users/sokrat/Desktop/RIOT/miem/sensors/bin/unwd-range-l1-r3/stm32_common_periph.a(rtt.o)
                0x0000000008002ae4                rtt_set_alarm
 .text.isr_rtc_alarm
                0x0000000008002b48       0x4c /Users/sokrat/Desktop/RIOT/miem/sensors/bin/unwd-range-l1-r3/stm32_common_periph.a(rtt.o)
                0x0000000008002b48                isr_rtc_alarm
 .text.i2c_read_regs
                0x0000000008002b94       0x4c /Users/sokrat/Desktop/RIOT/miem/sensors/bin/unwd-range-l1-r3/periph_common.a(i2c.o)
                0x0000000008002b94                i2c_read_regs
 .text.i2c_read_reg
                0x0000000008002be0       0x14 /Users/sokrat/Desktop/RIOT/miem/sensors/bin/unwd-range-l1-r3/periph_common.a(i2c.o)
                0x0000000008002be0                i2c_read_reg
 .text.i2c_write_regs
                0x0000000008002bf4       0x50 /Users/sokrat/Desktop/RIOT/miem/sensors/bin/unwd-range-l1-r3/periph_common.a(i2c.o)
                0x0000000008002bf4                i2c_write_regs
 .text.i2c_write_reg
                0x0000000008002c44       0x1e /Users/sokrat/Desktop/RIOT/miem/sensors/bin/unwd-range-l1-r3/periph_common.a(i2c.o)
                0x0000000008002c44                i2c_write_reg
 *fill*         0x0000000008002c62        0x2 
 .text.stmclk_dbp_unlock
                0x0000000008002c64       0x10 /Users/sokrat/Desktop/RIOT/miem/sensors/bin/unwd-range-l1-r3/stm32_common.a(stmclk_common.o)
                0x0000000008002c64                stmclk_dbp_unlock
 .text.stmclk_dbp_lock
                0x0000000008002c74       0x10 /Users/sokrat/Desktop/RIOT/miem/sensors/bin/unwd-range-l1-r3/stm32_common.a(stmclk_common.o)
                0x0000000008002c74                stmclk_dbp_lock
 .text.stmclk_enable_lfclk
                0x0000000008002c84       0x24 /Users/sokrat/Desktop/RIOT/miem/sensors/bin/unwd-range-l1-r3/stm32_common.a(stmclk_common.o)
                0x0000000008002c84                stmclk_enable_lfclk
 .text          0x0000000008002ca8       0xa0 /Applications/ARM/bin/../lib/gcc/arm-none-eabi/10.3.1/thumb/v7-m/nofp/libgcc.a(_aeabi_ldivmod.o)
                0x0000000008002ca8                __aeabi_ldivmod
 .text          0x0000000008002d48      0x2d4 /Applications/ARM/bin/../lib/gcc/arm-none-eabi/10.3.1/thumb/v7-m/nofp/libgcc.a(_udivmoddi4.o)
                0x0000000008002d48                __udivmoddi4
 .text          0x000000000800301c        0x4 /Applications/ARM/bin/../lib/gcc/arm-none-eabi/10.3.1/thumb/v7-m/nofp/libgcc.a(_dvmd_tls.o)
                0x000000000800301c                __aeabi_ldiv0
                0x000000000800301c                __aeabi_idiv0
 .text.__libc_init_array
                0x0000000008003020       0x48 /Applications/ARM/bin/../lib/gcc/arm-none-eabi/10.3.1/../../../../arm-none-eabi/lib/thumb/v7-m/nofp/libc_nano.a(lib_a-init.o)
                0x0000000008003020                __libc_init_array
 .text.memset   0x0000000008003068       0x10 /Applications/ARM/bin/../lib/gcc/arm-none-eabi/10.3.1/../../../../arm-none-eabi/lib/thumb/v7-m/nofp/libc_nano.a(lib_a-memset.o)
                0x0000000008003068                memset
 .text.printf   0x0000000008003078       0x30 /Applications/ARM/bin/../lib/gcc/arm-none-eabi/10.3.1/../../../../arm-none-eabi/lib/thumb/v7-m/nofp/libc_nano.a(lib_a-printf.o)
                0x0000000008003078                printf
                0x0000000008003078                iprintf
 .text._puts_r  0x00000000080030a8       0xdc /Applications/ARM/bin/../lib/gcc/arm-none-eabi/10.3.1/../../../../arm-none-eabi/lib/thumb/v7-m/nofp/libc_nano.a(lib_a-puts.o)
                0x00000000080030a8                _puts_r
 .text.puts     0x0000000008003184       0x10 /Applications/ARM/bin/../lib/gcc/arm-none-eabi/10.3.1/../../../../arm-none-eabi/lib/thumb/v7-m/nofp/libc_nano.a(lib_a-puts.o)
                0x0000000008003184                puts
 .text.__swbuf_r
                0x0000000008003194       0xa4 /Applications/ARM/bin/../lib/gcc/arm-none-eabi/10.3.1/../../../../arm-none-eabi/lib/thumb/v7-m/nofp/libc_nano.a(lib_a-wbuf.o)
                0x0000000008003194                __swbuf_r
 .text.__swsetup_r
                0x0000000008003238       0xdc /Applications/ARM/bin/../lib/gcc/arm-none-eabi/10.3.1/../../../../arm-none-eabi/lib/thumb/v7-m/nofp/libc_nano.a(lib_a-wsetup.o)
                0x0000000008003238                __swsetup_r
 .text.__sflush_r
                0x0000000008003314      0x104 /Applications/ARM/bin/../lib/gcc/arm-none-eabi/10.3.1/../../../../arm-none-eabi/lib/thumb/v7-m/nofp/libc_nano.a(lib_a-fflush.o)
                0x0000000008003314                __sflush_r
 .text._fflush_r
                0x0000000008003418       0x78 /Applications/ARM/bin/../lib/gcc/arm-none-eabi/10.3.1/../../../../arm-none-eabi/lib/thumb/v7-m/nofp/libc_nano.a(lib_a-fflush.o)
                0x0000000008003418                _fflush_r
 .text.std      0x0000000008003490       0x48 /Applications/ARM/bin/../lib/gcc/arm-none-eabi/10.3.1/../../../../arm-none-eabi/lib/thumb/v7-m/nofp/libc_nano.a(lib_a-findfp.o)
 .text._cleanup_r
                0x00000000080034d8        0xc /Applications/ARM/bin/../lib/gcc/arm-none-eabi/10.3.1/../../../../arm-none-eabi/lib/thumb/v7-m/nofp/libc_nano.a(lib_a-findfp.o)
                0x00000000080034d8                _cleanup_r
 .text.__sfmoreglue
                0x00000000080034e4       0x2c /Applications/ARM/bin/../lib/gcc/arm-none-eabi/10.3.1/../../../../arm-none-eabi/lib/thumb/v7-m/nofp/libc_nano.a(lib_a-findfp.o)
                0x00000000080034e4                __sfmoreglue
 .text.__sfp_lock_acquire
                0x0000000008003510        0xc /Applications/ARM/bin/../lib/gcc/arm-none-eabi/10.3.1/../../../../arm-none-eabi/lib/thumb/v7-m/nofp/libc_nano.a(lib_a-findfp.o)
                0x0000000008003510                __sfp_lock_acquire
 .text.__sfp_lock_release
                0x000000000800351c        0xc /Applications/ARM/bin/../lib/gcc/arm-none-eabi/10.3.1/../../../../arm-none-eabi/lib/thumb/v7-m/nofp/libc_nano.a(lib_a-findfp.o)
                0x000000000800351c                __sfp_lock_release
 .text.__sinit_lock_acquire
                0x0000000008003528        0xc /Applications/ARM/bin/../lib/gcc/arm-none-eabi/10.3.1/../../../../arm-none-eabi/lib/thumb/v7-m/nofp/libc_nano.a(lib_a-findfp.o)
                0x0000000008003528                __sinit_lock_acquire
 .text.__sinit_lock_release
                0x0000000008003534        0xc /Applications/ARM/bin/../lib/gcc/arm-none-eabi/10.3.1/../../../../arm-none-eabi/lib/thumb/v7-m/nofp/libc_nano.a(lib_a-findfp.o)
                0x0000000008003534                __sinit_lock_release
 .text.__sinit  0x0000000008003540       0x70 /Applications/ARM/bin/../lib/gcc/arm-none-eabi/10.3.1/../../../../arm-none-eabi/lib/thumb/v7-m/nofp/libc_nano.a(lib_a-findfp.o)
                0x0000000008003540                __sinit
 .text.__sfp    0x00000000080035b0       0x8c /Applications/ARM/bin/../lib/gcc/arm-none-eabi/10.3.1/../../../../arm-none-eabi/lib/thumb/v7-m/nofp/libc_nano.a(lib_a-findfp.o)
                0x00000000080035b0                __sfp
 .text._fwalk_reent
                0x000000000800363c       0x3e /Applications/ARM/bin/../lib/gcc/arm-none-eabi/10.3.1/../../../../arm-none-eabi/lib/thumb/v7-m/nofp/libc_nano.a(lib_a-fwalk.o)
                0x000000000800363c                _fwalk_reent
 .text.__retarget_lock_init_recursive
                0x000000000800367a        0x2 /Applications/ARM/bin/../lib/gcc/arm-none-eabi/10.3.1/../../../../arm-none-eabi/lib/thumb/v7-m/nofp/libc_nano.a(lib_a-lock.o)
                0x000000000800367a                __retarget_lock_init_recursive
 .text.__retarget_lock_acquire_recursive
                0x000000000800367c        0x2 /Applications/ARM/bin/../lib/gcc/arm-none-eabi/10.3.1/../../../../arm-none-eabi/lib/thumb/v7-m/nofp/libc_nano.a(lib_a-lock.o)
                0x000000000800367c                __retarget_lock_acquire_recursive
 .text.__retarget_lock_release_recursive
                0x000000000800367e        0x2 /Applications/ARM/bin/../lib/gcc/arm-none-eabi/10.3.1/../../../../arm-none-eabi/lib/thumb/v7-m/nofp/libc_nano.a(lib_a-lock.o)
                0x000000000800367e                __retarget_lock_release_recursive
 .text.__swhatbuf_r
                0x0000000008003680       0x4a /Applications/ARM/bin/../lib/gcc/arm-none-eabi/10.3.1/../../../../arm-none-eabi/lib/thumb/v7-m/nofp/libc_nano.a(lib_a-makebuf.o)
                0x0000000008003680                __swhatbuf_r
 *fill*         0x00000000080036ca        0x2 
 .text.__smakebuf_r
                0x00000000080036cc       0x80 /Applications/ARM/bin/../lib/gcc/arm-none-eabi/10.3.1/../../../../arm-none-eabi/lib/thumb/v7-m/nofp/libc_nano.a(lib_a-makebuf.o)
                0x00000000080036cc                __smakebuf_r
 .text._free_r  0x000000000800374c       0x90 /Applications/ARM/bin/../lib/gcc/arm-none-eabi/10.3.1/../../../../arm-none-eabi/lib/thumb/v7-m/nofp/libc_nano.a(lib_a-nano-freer.o)
                0x000000000800374c                _free_r
 .text.sbrk_aligned
                0x00000000080037dc       0x40 /Applications/ARM/bin/../lib/gcc/arm-none-eabi/10.3.1/../../../../arm-none-eabi/lib/thumb/v7-m/nofp/libc_nano.a(lib_a-nano-mallocr.o)
 .text._malloc_r
                0x000000000800381c       0xe8 /Applications/ARM/bin/../lib/gcc/arm-none-eabi/10.3.1/../../../../arm-none-eabi/lib/thumb/v7-m/nofp/libc_nano.a(lib_a-nano-mallocr.o)
                0x000000000800381c                _malloc_r
 .text.__sfputc_r
                0x0000000008003904       0x2a /Applications/ARM/bin/../lib/gcc/arm-none-eabi/10.3.1/../../../../arm-none-eabi/lib/thumb/v7-m/nofp/libc_nano.a(lib_a-nano-vfprintf.o)
 .text.__sfputs_r
                0x000000000800392e       0x24 /Applications/ARM/bin/../lib/gcc/arm-none-eabi/10.3.1/../../../../arm-none-eabi/lib/thumb/v7-m/nofp/libc_nano.a(lib_a-nano-vfprintf.o)
                0x000000000800392e                __sfputs_r
 *fill*         0x0000000008003952        0x2 
 .text._vfprintf_r
                0x0000000008003954      0x260 /Applications/ARM/bin/../lib/gcc/arm-none-eabi/10.3.1/../../../../arm-none-eabi/lib/thumb/v7-m/nofp/libc_nano.a(lib_a-nano-vfprintf.o)
                0x0000000008003954                _vfiprintf_r
                0x0000000008003954                _vfprintf_r
 .text._printf_common
                0x0000000008003bb4       0xde /Applications/ARM/bin/../lib/gcc/arm-none-eabi/10.3.1/../../../../arm-none-eabi/lib/thumb/v7-m/nofp/libc_nano.a(lib_a-nano-vfprintf_i.o)
                0x0000000008003bb4                _printf_common
 *fill*         0x0000000008003c92        0x2 
 .text._printf_i
                0x0000000008003c94      0x24c /Applications/ARM/bin/../lib/gcc/arm-none-eabi/10.3.1/../../../../arm-none-eabi/lib/thumb/v7-m/nofp/libc_nano.a(lib_a-nano-vfprintf_i.o)
                0x0000000008003c94                _printf_i
 .text.__sread  0x0000000008003ee0       0x22 /Applications/ARM/bin/../lib/gcc/arm-none-eabi/10.3.1/../../../../arm-none-eabi/lib/thumb/v7-m/nofp/libc_nano.a(lib_a-stdio.o)
                0x0000000008003ee0                __sread
 .text.__swrite
                0x0000000008003f02       0x38 /Applications/ARM/bin/../lib/gcc/arm-none-eabi/10.3.1/../../../../arm-none-eabi/lib/thumb/v7-m/nofp/libc_nano.a(lib_a-stdio.o)
                0x0000000008003f02                __swrite
 .text.__sseek  0x0000000008003f3a       0x24 /Applications/ARM/bin/../lib/gcc/arm-none-eabi/10.3.1/../../../../arm-none-eabi/lib/thumb/v7-m/nofp/libc_nano.a(lib_a-stdio.o)
                0x0000000008003f3a                __sseek
 .text.__sclose
                0x0000000008003f5e        0x8 /Applications/ARM/bin/../lib/gcc/arm-none-eabi/10.3.1/../../../../arm-none-eabi/lib/thumb/v7-m/nofp/libc_nano.a(lib_a-stdio.o)
                0x0000000008003f5e                __sclose
 .text.memchr   0x0000000008003f66       0x1c /Applications/ARM/bin/../lib/gcc/arm-none-eabi/10.3.1/../../../../arm-none-eabi/lib/thumb/v7-m/nofp/libc_nano.a(lib_a-memchr-stub.o)
                0x0000000008003f66                memchr
 *fill*         0x0000000008003f82        0x2 
 .text.__malloc_lock
                0x0000000008003f84        0xc /Applications/ARM/bin/../lib/gcc/arm-none-eabi/10.3.1/../../../../arm-none-eabi/lib/thumb/v7-m/nofp/libc_nano.a(lib_a-mlock.o)
                0x0000000008003f84                __malloc_lock
 .text.__malloc_unlock
                0x0000000008003f90        0xc /Applications/ARM/bin/../lib/gcc/arm-none-eabi/10.3.1/../../../../arm-none-eabi/lib/thumb/v7-m/nofp/libc_nano.a(lib_a-mlock.o)
                0x0000000008003f90                __malloc_unlock
 *(.glue_7t)
 .glue_7t       0x0000000008003f9c        0x0 linker stubs
 *(.glue_7)
 .glue_7        0x0000000008003f9c        0x0 linker stubs
 *(.rodata .rodata* .gnu.linkonce.r.*)
 .rodata.nmi_default.str1.1
                0x0000000008003f9c        0xc /Users/sokrat/Desktop/RIOT/miem/sensors/bin/unwd-range-l1-r3/cortexm_common.a(vectors_cortexm.o)
 .rodata.mem_manage_default.str1.1
                0x0000000008003fa8       0x13 /Users/sokrat/Desktop/RIOT/miem/sensors/bin/unwd-range-l1-r3/cortexm_common.a(vectors_cortexm.o)
 .rodata.bus_fault_default.str1.1
                0x0000000008003fbb       0x12 /Users/sokrat/Desktop/RIOT/miem/sensors/bin/unwd-range-l1-r3/cortexm_common.a(vectors_cortexm.o)
 .rodata.usage_fault_default.str1.1
                0x0000000008003fcd       0x14 /Users/sokrat/Desktop/RIOT/miem/sensors/bin/unwd-range-l1-r3/cortexm_common.a(vectors_cortexm.o)
 .rodata.debug_mon_default.str1.1
                0x0000000008003fe1       0x12 /Users/sokrat/Desktop/RIOT/miem/sensors/bin/unwd-range-l1-r3/cortexm_common.a(vectors_cortexm.o)
 .rodata.dummy_handler_default.str1.1
                0x0000000008003ff3        0xe /Users/sokrat/Desktop/RIOT/miem/sensors/bin/unwd-range-l1-r3/cortexm_common.a(vectors_cortexm.o)
 .rodata.hard_fault_handler.str1.1
                0x0000000008004001      0x1f4 /Users/sokrat/Desktop/RIOT/miem/sensors/bin/unwd-range-l1-r3/cortexm_common.a(vectors_cortexm.o)
 *fill*         0x00000000080041f5        0x3 
 .rodata.uart_config
                0x00000000080041f8       0x48 /Users/sokrat/Desktop/RIOT/miem/sensors/bin/unwd-range-l1-r3/stm32_common_periph.a(pm.o)
 .rodata.uart_config
                0x0000000008004240       0x48 /Users/sokrat/Desktop/RIOT/miem/sensors/bin/unwd-range-l1-r3/stm32_common_periph.a(uart.o)
 .rodata.main_trampoline.str1.1
                0x0000000008004288       0x30 /Users/sokrat/Desktop/RIOT/miem/sensors/bin/unwd-range-l1-r3/core.a(kernel_init.o)
 .rodata.str1.1
                0x00000000080042b8        0xa /Users/sokrat/Desktop/RIOT/miem/sensors/bin/unwd-range-l1-r3/core.a(kernel_init.o)
 .rodata.core_panic.str1.1
                0x00000000080042c2       0x2e /Users/sokrat/Desktop/RIOT/miem/sensors/bin/unwd-range-l1-r3/core.a(panic.o)
 .rodata.assert_crash_message
                0x00000000080042f0       0x12 /Users/sokrat/Desktop/RIOT/miem/sensors/bin/unwd-range-l1-r3/core.a(panic.o)
                0x00000000080042f0                assert_crash_message
 .rodata.apbmul
                0x0000000008004302        0x2 /Users/sokrat/Desktop/RIOT/miem/sensors/bin/unwd-range-l1-r3/stm32_common.a(cpu_common.o)
 .rodata.CSWTCH.1
                0x0000000008004304       0x22 /Users/sokrat/Desktop/RIOT/miem/sensors/bin/unwd-range-l1-r3/stm32_common.a(stm_status.o)
 *fill*         0x0000000008004326        0x2 
 .rodata.timer_config
                0x0000000008004328       0x20 /Users/sokrat/Desktop/RIOT/miem/sensors/bin/unwd-range-l1-r3/stm32_common_periph.a(timer.o)
 .rodata.lum_thread.str1.1
                0x0000000008004348       0x32 /Users/sokrat/Desktop/RIOT/miem/sensors/bin/unwd-range-l1-r3/application_sensors.a(main.o)
 .rodata.main.str1.1
                0x000000000800437a       0x56 /Users/sokrat/Desktop/RIOT/miem/sensors/bin/unwd-range-l1-r3/application_sensors.a(main.o)
 .rodata.bmx280_init.str1.1
                0x00000000080043d0       0x21 /Users/sokrat/Desktop/RIOT/miem/sensors/bin/unwd-range-l1-r3/bmx280.a(bmx280.o)
 .rodata.bmx280_read_temperature.str1.1
                0x00000000080043f1       0x37 /Users/sokrat/Desktop/RIOT/miem/sensors/bin/unwd-range-l1-r3/bmx280.a(bmx280.o)
 .rodata.opt3001_init.str1.1
                0x0000000008004428       0x4d /Users/sokrat/Desktop/RIOT/miem/sensors/bin/unwd-range-l1-r3/opt3001.a(opt3001.o)
 *fill*         0x0000000008004475        0x3 
 .rodata.i2c_config
                0x0000000008004478       0x40 /Users/sokrat/Desktop/RIOT/miem/sensors/bin/unwd-range-l1-r3/stm32_common_periph.a(i2c_2.o)
 .rodata._global_impure_ptr
                0x00000000080044b8        0x4 /Applications/ARM/bin/../lib/gcc/arm-none-eabi/10.3.1/../../../../arm-none-eabi/lib/thumb/v7-m/nofp/libc_nano.a(lib_a-impure.o)
                0x00000000080044b8                _global_impure_ptr
 .rodata.__sf_fake_stderr
                0x00000000080044bc       0x20 /Applications/ARM/bin/../lib/gcc/arm-none-eabi/10.3.1/../../../../arm-none-eabi/lib/thumb/v7-m/nofp/libc_nano.a(lib_a-findfp.o)
                0x00000000080044bc                __sf_fake_stderr
 .rodata.__sf_fake_stdin
                0x00000000080044dc       0x20 /Applications/ARM/bin/../lib/gcc/arm-none-eabi/10.3.1/../../../../arm-none-eabi/lib/thumb/v7-m/nofp/libc_nano.a(lib_a-findfp.o)
                0x00000000080044dc                __sf_fake_stdin
 .rodata.__sf_fake_stdout
                0x00000000080044fc       0x20 /Applications/ARM/bin/../lib/gcc/arm-none-eabi/10.3.1/../../../../arm-none-eabi/lib/thumb/v7-m/nofp/libc_nano.a(lib_a-findfp.o)
                0x00000000080044fc                __sf_fake_stdout
 .rodata._vfprintf_r.str1.1
                0x000000000800451c       0x11 /Applications/ARM/bin/../lib/gcc/arm-none-eabi/10.3.1/../../../../arm-none-eabi/lib/thumb/v7-m/nofp/libc_nano.a(lib_a-nano-vfprintf.o)
 .rodata._printf_i.str1.1
                0x000000000800452d       0x22 /Applications/ARM/bin/../lib/gcc/arm-none-eabi/10.3.1/../../../../arm-none-eabi/lib/thumb/v7-m/nofp/libc_nano.a(lib_a-nano-vfprintf_i.o)
 *(.ARM.extab* .gnu.linkonce.armextab.*)
                0x0000000008004550                . = ALIGN (0x4)
 *fill*         0x000000000800454f        0x1 
 *(.init)
                0x0000000008004550                . = ALIGN (0x4)
                0x0000000008004550                __preinit_array_start = .
 *(.preinit_array)
                0x0000000008004550                __preinit_array_end = .
                0x0000000008004550                . = ALIGN (0x4)
                0x0000000008004550                __init_array_start = .
 *(SORT_BY_NAME(.init_array.*))
 *(.init_array)
                0x0000000008004550                __init_array_end = .
                0x0000000008004550                . = ALIGN (0x4)
 *crtbegin.o(.ctors)
 *(EXCLUDE_FILE(*crtend.o) .ctors)
 *(SORT_BY_NAME(.ctors.*))
 *crtend.o(.ctors)
                0x0000000008004550                . = ALIGN (0x4)
 *(.fini)
                0x0000000008004550                . = ALIGN (0x4)
                0x0000000008004550                __fini_array_start = .
 *(.fini_array)
 *(SORT_BY_NAME(.fini_array.*))
                0x0000000008004550                __fini_array_end = .
 *crtbegin.o(.dtors)
 *(EXCLUDE_FILE(*crtend.o) .dtors)
 *(SORT_BY_NAME(.dtors.*))
 *crtend.o(.dtors)
                0x0000000008004550                . = ALIGN (0x4)
                0x0000000008004550                _efixed = .
                [!provide]                        PROVIDE (__exidx_start = .)

.vfp11_veneer   0x0000000008004550        0x0
 .vfp11_veneer  0x0000000008004550        0x0 linker stubs

.v4_bx          0x0000000008004550        0x0
 .v4_bx         0x0000000008004550        0x0 linker stubs

.iplt           0x0000000008004550        0x0
 .iplt          0x0000000008004550        0x0 /Users/sokrat/Desktop/RIOT/miem/sensors/bin/unwd-range-l1-r3/cpu/vectors.o

.igot.plt       0x0000000008004550        0x0
 .igot.plt      0x0000000008004550        0x0 /Users/sokrat/Desktop/RIOT/miem/sensors/bin/unwd-range-l1-r3/cpu/vectors.o

.ARM.exidx      0x0000000008004550        0x8
 *(.ARM.exidx* .gnu.linkonce.armexidx.*)
 .ARM.exidx     0x0000000008004550        0x8 /Applications/ARM/bin/../lib/gcc/arm-none-eabi/10.3.1/thumb/v7-m/nofp/libgcc.a(_udivmoddi4.o)
                [!provide]                        PROVIDE (__exidx_end = .)

.rel.dyn        0x0000000008004558        0x0
 .rel.iplt      0x0000000008004558        0x0 /Users/sokrat/Desktop/RIOT/miem/sensors/bin/unwd-range-l1-r3/cpu/vectors.o
                0x0000000008004558                . = ALIGN (0x4)

.eh_frame
 *(.eh_frame)
                0x0000000008004558                . = ALIGN (0x4)
                0x0000000008004558                _etext = .

.stack          0x0000000020000000      0x200
 *(.puf)
                0x0000000020000000                . = ALIGN (0x8)
                0x0000000020000000                _sstack = .
 *(.isr_stack)
 .isr_stack     0x0000000020000000      0x200 /Users/sokrat/Desktop/RIOT/miem/sensors/bin/unwd-range-l1-r3/cortexm_common.a(vectors_cortexm.o)
                0x0000000020000000                isr_stack
                0x0000000020000200                . = ALIGN (0x8)
                0x0000000020000200                _estack = .

.relocate       0x0000000020000200       0x9c load address 0x0000000008004558
                0x0000000020000200                . = ALIGN (0x4)
                0x0000000020000200                _srelocate = .
 *(.ramfunc .ramfunc.*)
 *(.data .data.*)
 .data.heap_top
                0x0000000020000200        0x4 /Users/sokrat/Desktop/RIOT/miem/sensors/bin/unwd-range-l1-r3/newlib_syscalls_default/syscalls.o
                0x0000000020000200                heap_top
 .data.stdio_uart_isrpipe
                0x0000000020000204       0x14 /Users/sokrat/Desktop/RIOT/miem/sensors/bin/unwd-range-l1-r3/stdio_uart.a(stdio_uart.o)
                0x0000000020000204                stdio_uart_isrpipe
 .data.idle_name
                0x0000000020000218        0x4 /Users/sokrat/Desktop/RIOT/miem/sensors/bin/unwd-range-l1-r3/core.a(kernel_init.o)
                0x0000000020000218                idle_name
 .data.main_name
                0x000000002000021c        0x4 /Users/sokrat/Desktop/RIOT/miem/sensors/bin/unwd-range-l1-r3/core.a(kernel_init.o)
                0x000000002000021c                main_name
 .data.pm_blocker
                0x0000000020000220        0x4 /Users/sokrat/Desktop/RIOT/miem/sensors/bin/unwd-range-l1-r3/pm_layered.a(pm.o)
                0x0000000020000220                pm_blocker
 .data.bme280_params
                0x0000000020000224        0xc /Users/sokrat/Desktop/RIOT/miem/sensors/bin/unwd-range-l1-r3/application_sensors.a(main.o)
 .data.dev_opt3001
                0x0000000020000230        0x4 /Users/sokrat/Desktop/RIOT/miem/sensors/bin/unwd-range-l1-r3/application_sensors.a(main.o)
 .data._impure_ptr
                0x0000000020000234        0x4 /Applications/ARM/bin/../lib/gcc/arm-none-eabi/10.3.1/../../../../arm-none-eabi/lib/thumb/v7-m/nofp/libc_nano.a(lib_a-impure.o)
                0x0000000020000234                _impure_ptr
 .data.impure_data
                0x0000000020000238       0x60 /Applications/ARM/bin/../lib/gcc/arm-none-eabi/10.3.1/../../../../arm-none-eabi/lib/thumb/v7-m/nofp/libc_nano.a(lib_a-impure.o)
 *(.openocd .openocd.*)
 .openocd       0x0000000020000298        0x2 /Users/sokrat/Desktop/RIOT/miem/sensors/bin/unwd-range-l1-r3/core.a(sched.o)
                0x0000000020000298                _tcb_name_offset
                0x0000000020000299                max_threads
                0x000000002000029c                . = ALIGN (0x4)
 *fill*         0x000000002000029a        0x2 
                0x000000002000029c                _erelocate = .

.noinit         0x000000002000029c        0x0 load address 0x00000000080045f4
                0x000000002000029c                __noinit_start = .
 *(.noinit)
                0x000000002000029c                . = ALIGN (0x4)
                0x000000002000029c                __noinit_end = .

.bss            0x000000002000029c     0x136c load address 0x00000000080045f4
                0x000000002000029c                . = ALIGN (0x4)
                0x000000002000029c                _sbss = .
                0x000000002000029c                _szero = .
 *(.bss .bss.*)
 .bss.runqueue_bitcache
                0x000000002000029c        0x4 /Users/sokrat/Desktop/RIOT/miem/sensors/bin/unwd-range-l1-r3/core.a(sched.o)
 .bss.sched_active_pid
                0x00000000200002a0        0x2 /Users/sokrat/Desktop/RIOT/miem/sensors/bin/unwd-range-l1-r3/core.a(sched.o)
                0x00000000200002a0                sched_active_pid
 *fill*         0x00000000200002a2        0x2 
 .bss.sched_active_thread
                0x00000000200002a4        0x4 /Users/sokrat/Desktop/RIOT/miem/sensors/bin/unwd-range-l1-r3/core.a(sched.o)
                0x00000000200002a4                sched_active_thread
 .bss.sched_context_switch_request
                0x00000000200002a8        0x4 /Users/sokrat/Desktop/RIOT/miem/sensors/bin/unwd-range-l1-r3/core.a(sched.o)
                0x00000000200002a8                sched_context_switch_request
 .bss.sched_num_threads
                0x00000000200002ac        0x4 /Users/sokrat/Desktop/RIOT/miem/sensors/bin/unwd-range-l1-r3/core.a(sched.o)
                0x00000000200002ac                sched_num_threads
 .bss.sched_runqueues
                0x00000000200002b0       0x40 /Users/sokrat/Desktop/RIOT/miem/sensors/bin/unwd-range-l1-r3/core.a(sched.o)
                0x00000000200002b0                sched_runqueues
 .bss.sched_threads
                0x00000000200002f0       0x84 /Users/sokrat/Desktop/RIOT/miem/sensors/bin/unwd-range-l1-r3/core.a(sched.o)
                0x00000000200002f0                sched_threads
 .bss._rx_buf_mem
                0x0000000020000374       0x40 /Users/sokrat/Desktop/RIOT/miem/sensors/bin/unwd-range-l1-r3/stdio_uart.a(stdio_uart.o)
 .bss.lpm_gpio_brr
                0x00000000200003b4       0x10 /Users/sokrat/Desktop/RIOT/miem/sensors/bin/unwd-range-l1-r3/stm32_common_periph.a(pm.o)
 .bss.lpm_gpio_moder
                0x00000000200003c4       0x20 /Users/sokrat/Desktop/RIOT/miem/sensors/bin/unwd-range-l1-r3/stm32_common_periph.a(pm.o)
 .bss.lpm_gpio_otyper
                0x00000000200003e4       0x10 /Users/sokrat/Desktop/RIOT/miem/sensors/bin/unwd-range-l1-r3/stm32_common_periph.a(pm.o)
 .bss.lpm_gpio_pupdr
                0x00000000200003f4       0x20 /Users/sokrat/Desktop/RIOT/miem/sensors/bin/unwd-range-l1-r3/stm32_common_periph.a(pm.o)
 .bss.lpm_usart
                0x0000000020000414        0x3 /Users/sokrat/Desktop/RIOT/miem/sensors/bin/unwd-range-l1-r3/stm32_common_periph.a(pm.o)
 .bss.powermode
                0x0000000020000417        0x1 /Users/sokrat/Desktop/RIOT/miem/sensors/bin/unwd-range-l1-r3/stm32_common_periph.a(pm.o)
 .bss.isr_ctx   0x0000000020000418       0x24 /Users/sokrat/Desktop/RIOT/miem/sensors/bin/unwd-range-l1-r3/stm32_common_periph.a(uart.o)
 .bss._in_handler
                0x000000002000043c        0x4 /Users/sokrat/Desktop/RIOT/miem/sensors/bin/unwd-range-l1-r3/xtimer.a(xtimer_core.o)
 .bss._long_cnt
                0x0000000020000440        0x4 /Users/sokrat/Desktop/RIOT/miem/sensors/bin/unwd-range-l1-r3/xtimer.a(xtimer_core.o)
 .bss._xtimer_high_cnt
                0x0000000020000444        0x4 /Users/sokrat/Desktop/RIOT/miem/sensors/bin/unwd-range-l1-r3/xtimer.a(xtimer_core.o)
                0x0000000020000444                _xtimer_high_cnt
 .bss.long_list_head
                0x0000000020000448        0x4 /Users/sokrat/Desktop/RIOT/miem/sensors/bin/unwd-range-l1-r3/xtimer.a(xtimer_core.o)
 .bss.overflow_list_head
                0x000000002000044c        0x4 /Users/sokrat/Desktop/RIOT/miem/sensors/bin/unwd-range-l1-r3/xtimer.a(xtimer_core.o)
 .bss.timer_list_head
                0x0000000020000450        0x4 /Users/sokrat/Desktop/RIOT/miem/sensors/bin/unwd-range-l1-r3/xtimer.a(xtimer_core.o)
 .bss.idle_stack
                0x0000000020000454      0x100 /Users/sokrat/Desktop/RIOT/miem/sensors/bin/unwd-range-l1-r3/core.a(kernel_init.o)
 .bss.main_stack
                0x0000000020000554      0xc00 /Users/sokrat/Desktop/RIOT/miem/sensors/bin/unwd-range-l1-r3/core.a(kernel_init.o)
 .bss.crashed   0x0000000020001154        0x4 /Users/sokrat/Desktop/RIOT/miem/sensors/bin/unwd-range-l1-r3/core.a(panic.o)
 .bss.cpu_status
                0x0000000020001158       0x28 /Users/sokrat/Desktop/RIOT/miem/sensors/bin/unwd-range-l1-r3/stm32_common.a(stm_status.o)
                0x0000000020001158                cpu_status
 .bss.clock_source_rdy
                0x0000000020001180        0x4 /Users/sokrat/Desktop/RIOT/miem/sensors/bin/unwd-range-l1-r3/stm32_common.a(stmclk_l0l1.o)
 .bss.isr_ctx   0x0000000020001184       0x10 /Users/sokrat/Desktop/RIOT/miem/sensors/bin/unwd-range-l1-r3/stm32_common_periph.a(timer.o)
 .bss.dev_bmx280
                0x0000000020001194       0x30 /Users/sokrat/Desktop/RIOT/miem/sensors/bin/unwd-range-l1-r3/application_sensors.a(main.o)
 .bss.lum_stack
                0x00000000200011c4      0x400 /Users/sokrat/Desktop/RIOT/miem/sensors/bin/unwd-range-l1-r3/application_sensors.a(main.o)
 .bss.measure_opt3001
                0x00000000200015c4        0x4 /Users/sokrat/Desktop/RIOT/miem/sensors/bin/unwd-range-l1-r3/application_sensors.a(main.o)
 .bss.measurement_regs
                0x00000000200015c8        0x8 /Users/sokrat/Desktop/RIOT/miem/sensors/bin/unwd-range-l1-r3/bmx280.a(bmx280.o)
 .bss.t_fine    0x00000000200015d0        0x4 /Users/sokrat/Desktop/RIOT/miem/sensors/bin/unwd-range-l1-r3/bmx280.a(bmx280.o)
 .bss._in_handler
                0x00000000200015d4        0x4 /Users/sokrat/Desktop/RIOT/miem/sensors/bin/unwd-range-l1-r3/lptimer.a(lptimer_core.o)
 .bss._long_cnt
                0x00000000200015d8        0x4 /Users/sokrat/Desktop/RIOT/miem/sensors/bin/unwd-range-l1-r3/lptimer.a(lptimer_core.o)
 .bss._lptimer_high_cnt
                0x00000000200015dc        0x4 /Users/sokrat/Desktop/RIOT/miem/sensors/bin/unwd-range-l1-r3/lptimer.a(lptimer_core.o)
                0x00000000200015dc                _lptimer_high_cnt
 .bss.long_list_head
                0x00000000200015e0        0x4 /Users/sokrat/Desktop/RIOT/miem/sensors/bin/unwd-range-l1-r3/lptimer.a(lptimer_core.o)
 .bss.overflow_list_head
                0x00000000200015e4        0x4 /Users/sokrat/Desktop/RIOT/miem/sensors/bin/unwd-range-l1-r3/lptimer.a(lptimer_core.o)
 .bss.timer_list_head
                0x00000000200015e8        0x4 /Users/sokrat/Desktop/RIOT/miem/sensors/bin/unwd-range-l1-r3/lptimer.a(lptimer_core.o)
 .bss.locks     0x00000000200015ec        0x8 /Users/sokrat/Desktop/RIOT/miem/sensors/bin/unwd-range-l1-r3/stm32_common_periph.a(i2c_2.o)
 .bss.arg_a     0x00000000200015f4        0x4 /Users/sokrat/Desktop/RIOT/miem/sensors/bin/unwd-range-l1-r3/stm32_common_periph.a(rtt.o)
                0x00000000200015f4                arg_a
 .bss.cb_a      0x00000000200015f8        0x4 /Users/sokrat/Desktop/RIOT/miem/sensors/bin/unwd-range-l1-r3/stm32_common_periph.a(rtt.o)
                0x00000000200015f8                cb_a
 .bss.__lock___malloc_recursive_mutex
                0x00000000200015fc        0x1 /Applications/ARM/bin/../lib/gcc/arm-none-eabi/10.3.1/../../../../arm-none-eabi/lib/thumb/v7-m/nofp/libc_nano.a(lib_a-lock.o)
                0x00000000200015fc                __lock___malloc_recursive_mutex
 .bss.__lock___sfp_recursive_mutex
                0x00000000200015fd        0x1 /Applications/ARM/bin/../lib/gcc/arm-none-eabi/10.3.1/../../../../arm-none-eabi/lib/thumb/v7-m/nofp/libc_nano.a(lib_a-lock.o)
                0x00000000200015fd                __lock___sfp_recursive_mutex
 .bss.__lock___sinit_recursive_mutex
                0x00000000200015fe        0x1 /Applications/ARM/bin/../lib/gcc/arm-none-eabi/10.3.1/../../../../arm-none-eabi/lib/thumb/v7-m/nofp/libc_nano.a(lib_a-lock.o)
                0x00000000200015fe                __lock___sinit_recursive_mutex
 *fill*         0x00000000200015ff        0x1 
 .bss.__malloc_free_list
                0x0000000020001600        0x4 /Applications/ARM/bin/../lib/gcc/arm-none-eabi/10.3.1/../../../../arm-none-eabi/lib/thumb/v7-m/nofp/libc_nano.a(lib_a-nano-mallocr.o)
                0x0000000020001600                __malloc_free_list
 .bss.__malloc_sbrk_start
                0x0000000020001604        0x4 /Applications/ARM/bin/../lib/gcc/arm-none-eabi/10.3.1/../../../../arm-none-eabi/lib/thumb/v7-m/nofp/libc_nano.a(lib_a-nano-mallocr.o)
                0x0000000020001604                __malloc_sbrk_start
 *(COMMON)
                0x0000000020001608                . = ALIGN (0x4)
                0x0000000020001608                _ebss = .
                0x0000000020001608                _ezero = .
                0x0000000020001608                . = ALIGN (0x4)
                0x0000000020001608                _sheap = .
                0x0000000020014000                _eheap = (ORIGIN (ram) + LENGTH (ram))
                0x0000000020000000                _sram = ORIGIN (ram)
                0x0000000020014000                _eram = (ORIGIN (ram) + LENGTH (ram))
OUTPUT(/Users/sokrat/Desktop/RIOT/miem/sensors/bin/unwd-range-l1-r3/sensors.elf elf32-littlearm)
LOAD linker stubs

.debug_info     0x0000000000000000    0x2519f
 .debug_info    0x0000000000000000       0xdb /Users/sokrat/Desktop/RIOT/miem/sensors/bin/unwd-range-l1-r3/cpu/vectors.o
 .debug_info    0x00000000000000db     0x1f90 /Users/sokrat/Desktop/RIOT/miem/sensors/bin/unwd-range-l1-r3/newlib_syscalls_default/syscalls.o
 .debug_info    0x000000000000206b      0x717 /Users/sokrat/Desktop/RIOT/miem/sensors/bin/unwd-range-l1-r3/core.a(sched.o)
 .debug_info    0x0000000000002782      0x7df /Users/sokrat/Desktop/RIOT/miem/sensors/bin/unwd-range-l1-r3/cortexm_common.a(thread_arch.o)
 .debug_info    0x0000000000002f61      0xa3f /Users/sokrat/Desktop/RIOT/miem/sensors/bin/unwd-range-l1-r3/cortexm_common.a(vectors_cortexm.o)
 .debug_info    0x00000000000039a0      0x23f /Users/sokrat/Desktop/RIOT/miem/sensors/bin/unwd-range-l1-r3/cortexm_common.a(irq_arch.o)
 .debug_info    0x0000000000003bdf      0xfb1 /Users/sokrat/Desktop/RIOT/miem/sensors/bin/unwd-range-l1-r3/stdio_uart.a(stdio_uart.o)
 .debug_info    0x0000000000004b90     0x16c0 /Users/sokrat/Desktop/RIOT/miem/sensors/bin/unwd-range-l1-r3/stm32_common_periph.a(pm.o)
 .debug_info    0x0000000000006250     0x1a0b /Users/sokrat/Desktop/RIOT/miem/sensors/bin/unwd-range-l1-r3/stm32_common_periph.a(uart.o)
 .debug_info    0x0000000000007c5b     0x170d /Users/sokrat/Desktop/RIOT/miem/sensors/bin/unwd-range-l1-r3/stm32_common_periph.a(gpio.o)
 .debug_info    0x0000000000009368     0x1dd6 /Users/sokrat/Desktop/RIOT/miem/sensors/bin/unwd-range-l1-r3/xtimer.a(xtimer_core.o)
 .debug_info    0x000000000000b13e      0xdff /Users/sokrat/Desktop/RIOT/miem/sensors/bin/unwd-range-l1-r3/boards_common_unwd.a(board.o)
 .debug_info    0x000000000000bf3d      0x2b8 /Users/sokrat/Desktop/RIOT/miem/sensors/bin/unwd-range-l1-r3/core.a(kernel_init.o)
 .debug_info    0x000000000000c1f5      0x2a6 /Users/sokrat/Desktop/RIOT/miem/sensors/bin/unwd-range-l1-r3/core.a(panic.o)
 .debug_info    0x000000000000c49b      0xac9 /Users/sokrat/Desktop/RIOT/miem/sensors/bin/unwd-range-l1-r3/core.a(thread.o)
 .debug_info    0x000000000000cf64      0x8e4 /Users/sokrat/Desktop/RIOT/miem/sensors/bin/unwd-range-l1-r3/cortexm_common.a(cortexm_init.o)
 .debug_info    0x000000000000d848     0x14b3 /Users/sokrat/Desktop/RIOT/miem/sensors/bin/unwd-range-l1-r3/isrpipe.a(isrpipe.o)
 .debug_info    0x000000000000ecfb      0x2a5 /Users/sokrat/Desktop/RIOT/miem/sensors/bin/unwd-range-l1-r3/pm_layered.a(pm.o)
 .debug_info    0x000000000000efa0     0x115f /Users/sokrat/Desktop/RIOT/miem/sensors/bin/unwd-range-l1-r3/stm32_common.a(cpu_common.o)
 .debug_info    0x00000000000100ff     0x1057 /Users/sokrat/Desktop/RIOT/miem/sensors/bin/unwd-range-l1-r3/stm32_common.a(cpu_init.o)
 .debug_info    0x0000000000011156     0x1099 /Users/sokrat/Desktop/RIOT/miem/sensors/bin/unwd-range-l1-r3/stm32_common.a(stm_status.o)
 .debug_info    0x00000000000121ef     0x11ca /Users/sokrat/Desktop/RIOT/miem/sensors/bin/unwd-range-l1-r3/stm32_common.a(stmclk_l0l1.o)
 .debug_info    0x00000000000133b9     0x198e /Users/sokrat/Desktop/RIOT/miem/sensors/bin/unwd-range-l1-r3/stm32_common_periph.a(timer.o)
 .debug_info    0x0000000000014d47      0x418 /Users/sokrat/Desktop/RIOT/miem/sensors/bin/unwd-range-l1-r3/tsrb.a(tsrb.o)
 .debug_info    0x000000000001515f       0x3c /Users/sokrat/Desktop/RIOT/miem/sensors/bin/unwd-range-l1-r3/periph_common.a(init.o)
 .debug_info    0x000000000001519b     0x1491 /Users/sokrat/Desktop/RIOT/miem/sensors/bin/unwd-range-l1-r3/application_sensors.a(main.o)
 .debug_info    0x000000000001662c      0xd9b /Users/sokrat/Desktop/RIOT/miem/sensors/bin/unwd-range-l1-r3/auto_init.a(auto_init.o)
 .debug_info    0x00000000000173c7     0x1f1a /Users/sokrat/Desktop/RIOT/miem/sensors/bin/unwd-range-l1-r3/bmx280.a(bmx280.o)
 .debug_info    0x00000000000192e1      0x726 /Users/sokrat/Desktop/RIOT/miem/sensors/bin/unwd-range-l1-r3/core.a(mutex.o)
 .debug_info    0x0000000000019a07     0x11f1 /Users/sokrat/Desktop/RIOT/miem/sensors/bin/unwd-range-l1-r3/core.a(msg.o)
 .debug_info    0x000000000001abf8     0x1fa3 /Users/sokrat/Desktop/RIOT/miem/sensors/bin/unwd-range-l1-r3/lptimer.a(lptimer.o)
 .debug_info    0x000000000001cb9b     0x1ed2 /Users/sokrat/Desktop/RIOT/miem/sensors/bin/unwd-range-l1-r3/lptimer.a(lptimer_core.o)
 .debug_info    0x000000000001ea6d     0x1197 /Users/sokrat/Desktop/RIOT/miem/sensors/bin/unwd-range-l1-r3/opt3001.a(opt3001.o)
 .debug_info    0x000000000001fc04     0x1cba /Users/sokrat/Desktop/RIOT/miem/sensors/bin/unwd-range-l1-r3/stm32_common_periph.a(i2c_2.o)
 .debug_info    0x00000000000218be     0x174d /Users/sokrat/Desktop/RIOT/miem/sensors/bin/unwd-range-l1-r3/stm32_common_periph.a(rtt.o)
 .debug_info    0x000000000002300b     0x12b5 /Users/sokrat/Desktop/RIOT/miem/sensors/bin/unwd-range-l1-r3/periph_common.a(i2c.o)
 .debug_info    0x00000000000242c0      0xedf /Users/sokrat/Desktop/RIOT/miem/sensors/bin/unwd-range-l1-r3/stm32_common.a(stmclk_common.o)

.debug_abbrev   0x0000000000000000     0x6602
 .debug_abbrev  0x0000000000000000       0xb5 /Users/sokrat/Desktop/RIOT/miem/sensors/bin/unwd-range-l1-r3/cpu/vectors.o
 .debug_abbrev  0x00000000000000b5      0x470 /Users/sokrat/Desktop/RIOT/miem/sensors/bin/unwd-range-l1-r3/newlib_syscalls_default/syscalls.o
 .debug_abbrev  0x0000000000000525      0x2f8 /Users/sokrat/Desktop/RIOT/miem/sensors/bin/unwd-range-l1-r3/core.a(sched.o)
 .debug_abbrev  0x000000000000081d      0x31b /Users/sokrat/Desktop/RIOT/miem/sensors/bin/unwd-range-l1-r3/cortexm_common.a(thread_arch.o)
 .debug_abbrev  0x0000000000000b38      0x333 /Users/sokrat/Desktop/RIOT/miem/sensors/bin/unwd-range-l1-r3/cortexm_common.a(vectors_cortexm.o)
 .debug_abbrev  0x0000000000000e6b      0x172 /Users/sokrat/Desktop/RIOT/miem/sensors/bin/unwd-range-l1-r3/cortexm_common.a(irq_arch.o)
 .debug_abbrev  0x0000000000000fdd      0x212 /Users/sokrat/Desktop/RIOT/miem/sensors/bin/unwd-range-l1-r3/stdio_uart.a(stdio_uart.o)
 .debug_abbrev  0x00000000000011ef      0x374 /Users/sokrat/Desktop/RIOT/miem/sensors/bin/unwd-range-l1-r3/stm32_common_periph.a(pm.o)
 .debug_abbrev  0x0000000000001563      0x43c /Users/sokrat/Desktop/RIOT/miem/sensors/bin/unwd-range-l1-r3/stm32_common_periph.a(uart.o)
 .debug_abbrev  0x000000000000199f      0x341 /Users/sokrat/Desktop/RIOT/miem/sensors/bin/unwd-range-l1-r3/stm32_common_periph.a(gpio.o)
 .debug_abbrev  0x0000000000001ce0      0x5a0 /Users/sokrat/Desktop/RIOT/miem/sensors/bin/unwd-range-l1-r3/xtimer.a(xtimer_core.o)
 .debug_abbrev  0x0000000000002280      0x17b /Users/sokrat/Desktop/RIOT/miem/sensors/bin/unwd-range-l1-r3/boards_common_unwd.a(board.o)
 .debug_abbrev  0x00000000000023fb      0x144 /Users/sokrat/Desktop/RIOT/miem/sensors/bin/unwd-range-l1-r3/core.a(kernel_init.o)
 .debug_abbrev  0x000000000000253f      0x183 /Users/sokrat/Desktop/RIOT/miem/sensors/bin/unwd-range-l1-r3/core.a(panic.o)
 .debug_abbrev  0x00000000000026c2      0x304 /Users/sokrat/Desktop/RIOT/miem/sensors/bin/unwd-range-l1-r3/core.a(thread.o)
 .debug_abbrev  0x00000000000029c6      0x2c8 /Users/sokrat/Desktop/RIOT/miem/sensors/bin/unwd-range-l1-r3/cortexm_common.a(cortexm_init.o)
 .debug_abbrev  0x0000000000002c8e      0x31a /Users/sokrat/Desktop/RIOT/miem/sensors/bin/unwd-range-l1-r3/isrpipe.a(isrpipe.o)
 .debug_abbrev  0x0000000000002fa8      0x13b /Users/sokrat/Desktop/RIOT/miem/sensors/bin/unwd-range-l1-r3/pm_layered.a(pm.o)
 .debug_abbrev  0x00000000000030e3      0x27a /Users/sokrat/Desktop/RIOT/miem/sensors/bin/unwd-range-l1-r3/stm32_common.a(cpu_common.o)
 .debug_abbrev  0x000000000000335d      0x1cc /Users/sokrat/Desktop/RIOT/miem/sensors/bin/unwd-range-l1-r3/stm32_common.a(cpu_init.o)
 .debug_abbrev  0x0000000000003529      0x20e /Users/sokrat/Desktop/RIOT/miem/sensors/bin/unwd-range-l1-r3/stm32_common.a(stm_status.o)
 .debug_abbrev  0x0000000000003737      0x203 /Users/sokrat/Desktop/RIOT/miem/sensors/bin/unwd-range-l1-r3/stm32_common.a(stmclk_l0l1.o)
 .debug_abbrev  0x000000000000393a      0x3dc /Users/sokrat/Desktop/RIOT/miem/sensors/bin/unwd-range-l1-r3/stm32_common_periph.a(timer.o)
 .debug_abbrev  0x0000000000003d16      0x1a8 /Users/sokrat/Desktop/RIOT/miem/sensors/bin/unwd-range-l1-r3/tsrb.a(tsrb.o)
 .debug_abbrev  0x0000000000003ebe       0x31 /Users/sokrat/Desktop/RIOT/miem/sensors/bin/unwd-range-l1-r3/periph_common.a(init.o)
 .debug_abbrev  0x0000000000003eef      0x289 /Users/sokrat/Desktop/RIOT/miem/sensors/bin/unwd-range-l1-r3/application_sensors.a(main.o)
 .debug_abbrev  0x0000000000004178      0x17a /Users/sokrat/Desktop/RIOT/miem/sensors/bin/unwd-range-l1-r3/auto_init.a(auto_init.o)
 .debug_abbrev  0x00000000000042f2      0x467 /Users/sokrat/Desktop/RIOT/miem/sensors/bin/unwd-range-l1-r3/bmx280.a(bmx280.o)
 .debug_abbrev  0x0000000000004759      0x26a /Users/sokrat/Desktop/RIOT/miem/sensors/bin/unwd-range-l1-r3/core.a(mutex.o)
 .debug_abbrev  0x00000000000049c3      0x41d /Users/sokrat/Desktop/RIOT/miem/sensors/bin/unwd-range-l1-r3/core.a(msg.o)
 .debug_abbrev  0x0000000000004de0      0x481 /Users/sokrat/Desktop/RIOT/miem/sensors/bin/unwd-range-l1-r3/lptimer.a(lptimer.o)
 .debug_abbrev  0x0000000000005261      0x5cd /Users/sokrat/Desktop/RIOT/miem/sensors/bin/unwd-range-l1-r3/lptimer.a(lptimer_core.o)
 .debug_abbrev  0x000000000000582e      0x2b7 /Users/sokrat/Desktop/RIOT/miem/sensors/bin/unwd-range-l1-r3/opt3001.a(opt3001.o)
 .debug_abbrev  0x0000000000005ae5      0x3f1 /Users/sokrat/Desktop/RIOT/miem/sensors/bin/unwd-range-l1-r3/stm32_common_periph.a(i2c_2.o)
 .debug_abbrev  0x0000000000005ed6      0x34d /Users/sokrat/Desktop/RIOT/miem/sensors/bin/unwd-range-l1-r3/stm32_common_periph.a(rtt.o)
 .debug_abbrev  0x0000000000006223      0x269 /Users/sokrat/Desktop/RIOT/miem/sensors/bin/unwd-range-l1-r3/periph_common.a(i2c.o)
 .debug_abbrev  0x000000000000648c      0x176 /Users/sokrat/Desktop/RIOT/miem/sensors/bin/unwd-range-l1-r3/stm32_common.a(stmclk_common.o)

.debug_aranges  0x0000000000000000      0xad0
 .debug_aranges
                0x0000000000000000       0x20 /Users/sokrat/Desktop/RIOT/miem/sensors/bin/unwd-range-l1-r3/cpu/vectors.o
 .debug_aranges
                0x0000000000000020       0xb8 /Users/sokrat/Desktop/RIOT/miem/sensors/bin/unwd-range-l1-r3/newlib_syscalls_default/syscalls.o
 .debug_aranges
                0x00000000000000d8       0x38 /Users/sokrat/Desktop/RIOT/miem/sensors/bin/unwd-range-l1-r3/core.a(sched.o)
 .debug_aranges
                0x0000000000000110       0x60 /Users/sokrat/Desktop/RIOT/miem/sensors/bin/unwd-range-l1-r3/cortexm_common.a(thread_arch.o)
 .debug_aranges
                0x0000000000000170       0x68 /Users/sokrat/Desktop/RIOT/miem/sensors/bin/unwd-range-l1-r3/cortexm_common.a(vectors_cortexm.o)
 .debug_aranges
                0x00000000000001d8       0x38 /Users/sokrat/Desktop/RIOT/miem/sensors/bin/unwd-range-l1-r3/cortexm_common.a(irq_arch.o)
 .debug_aranges
                0x0000000000000210       0x30 /Users/sokrat/Desktop/RIOT/miem/sensors/bin/unwd-range-l1-r3/stdio_uart.a(stdio_uart.o)
 .debug_aranges
                0x0000000000000240       0x38 /Users/sokrat/Desktop/RIOT/miem/sensors/bin/unwd-range-l1-r3/stm32_common_periph.a(pm.o)
 .debug_aranges
                0x0000000000000278       0x68 /Users/sokrat/Desktop/RIOT/miem/sensors/bin/unwd-range-l1-r3/stm32_common_periph.a(uart.o)
 .debug_aranges
                0x00000000000002e0       0x70 /Users/sokrat/Desktop/RIOT/miem/sensors/bin/unwd-range-l1-r3/stm32_common_periph.a(gpio.o)
 .debug_aranges
                0x0000000000000350       0x80 /Users/sokrat/Desktop/RIOT/miem/sensors/bin/unwd-range-l1-r3/xtimer.a(xtimer_core.o)
 .debug_aranges
                0x00000000000003d0       0x20 /Users/sokrat/Desktop/RIOT/miem/sensors/bin/unwd-range-l1-r3/boards_common_unwd.a(board.o)
 .debug_aranges
                0x00000000000003f0       0x30 /Users/sokrat/Desktop/RIOT/miem/sensors/bin/unwd-range-l1-r3/core.a(kernel_init.o)
 .debug_aranges
                0x0000000000000420       0x28 /Users/sokrat/Desktop/RIOT/miem/sensors/bin/unwd-range-l1-r3/core.a(panic.o)
 .debug_aranges
                0x0000000000000448       0x60 /Users/sokrat/Desktop/RIOT/miem/sensors/bin/unwd-range-l1-r3/core.a(thread.o)
 .debug_aranges
                0x00000000000004a8       0x38 /Users/sokrat/Desktop/RIOT/miem/sensors/bin/unwd-range-l1-r3/cortexm_common.a(cortexm_init.o)
 .debug_aranges
                0x00000000000004e0       0x48 /Users/sokrat/Desktop/RIOT/miem/sensors/bin/unwd-range-l1-r3/isrpipe.a(isrpipe.o)
 .debug_aranges
                0x0000000000000528       0x30 /Users/sokrat/Desktop/RIOT/miem/sensors/bin/unwd-range-l1-r3/pm_layered.a(pm.o)
 .debug_aranges
                0x0000000000000558       0x40 /Users/sokrat/Desktop/RIOT/miem/sensors/bin/unwd-range-l1-r3/stm32_common.a(cpu_common.o)
 .debug_aranges
                0x0000000000000598       0x20 /Users/sokrat/Desktop/RIOT/miem/sensors/bin/unwd-range-l1-r3/stm32_common.a(cpu_init.o)
 .debug_aranges
                0x00000000000005b8       0x20 /Users/sokrat/Desktop/RIOT/miem/sensors/bin/unwd-range-l1-r3/stm32_common.a(stm_status.o)
 .debug_aranges
                0x00000000000005d8       0x30 /Users/sokrat/Desktop/RIOT/miem/sensors/bin/unwd-range-l1-r3/stm32_common.a(stmclk_l0l1.o)
 .debug_aranges
                0x0000000000000608       0x80 /Users/sokrat/Desktop/RIOT/miem/sensors/bin/unwd-range-l1-r3/stm32_common_periph.a(timer.o)
 .debug_aranges
                0x0000000000000688       0x48 /Users/sokrat/Desktop/RIOT/miem/sensors/bin/unwd-range-l1-r3/tsrb.a(tsrb.o)
 .debug_aranges
                0x00000000000006d0       0x20 /Users/sokrat/Desktop/RIOT/miem/sensors/bin/unwd-range-l1-r3/periph_common.a(init.o)
 .debug_aranges
                0x00000000000006f0       0x28 /Users/sokrat/Desktop/RIOT/miem/sensors/bin/unwd-range-l1-r3/application_sensors.a(main.o)
 .debug_aranges
                0x0000000000000718       0x20 /Users/sokrat/Desktop/RIOT/miem/sensors/bin/unwd-range-l1-r3/auto_init.a(auto_init.o)
 .debug_aranges
                0x0000000000000738       0x50 /Users/sokrat/Desktop/RIOT/miem/sensors/bin/unwd-range-l1-r3/bmx280.a(bmx280.o)
 .debug_aranges
                0x0000000000000788       0x30 /Users/sokrat/Desktop/RIOT/miem/sensors/bin/unwd-range-l1-r3/core.a(mutex.o)
 .debug_aranges
                0x00000000000007b8       0x90 /Users/sokrat/Desktop/RIOT/miem/sensors/bin/unwd-range-l1-r3/core.a(msg.o)
 .debug_aranges
                0x0000000000000848       0x90 /Users/sokrat/Desktop/RIOT/miem/sensors/bin/unwd-range-l1-r3/lptimer.a(lptimer.o)
 .debug_aranges
                0x00000000000008d8       0x80 /Users/sokrat/Desktop/RIOT/miem/sensors/bin/unwd-range-l1-r3/lptimer.a(lptimer_core.o)
 .debug_aranges
                0x0000000000000958       0x28 /Users/sokrat/Desktop/RIOT/miem/sensors/bin/unwd-range-l1-r3/opt3001.a(opt3001.o)
 .debug_aranges
                0x0000000000000980       0x60 /Users/sokrat/Desktop/RIOT/miem/sensors/bin/unwd-range-l1-r3/stm32_common_periph.a(i2c_2.o)
 .debug_aranges
                0x00000000000009e0       0x60 /Users/sokrat/Desktop/RIOT/miem/sensors/bin/unwd-range-l1-r3/stm32_common_periph.a(rtt.o)
 .debug_aranges
                0x0000000000000a40       0x48 /Users/sokrat/Desktop/RIOT/miem/sensors/bin/unwd-range-l1-r3/periph_common.a(i2c.o)
 .debug_aranges
                0x0000000000000a88       0x48 /Users/sokrat/Desktop/RIOT/miem/sensors/bin/unwd-range-l1-r3/stm32_common.a(stmclk_common.o)

.debug_ranges   0x0000000000000000     0x1be8
 .debug_ranges  0x0000000000000000       0x10 /Users/sokrat/Desktop/RIOT/miem/sensors/bin/unwd-range-l1-r3/cpu/vectors.o
 .debug_ranges  0x0000000000000010      0x130 /Users/sokrat/Desktop/RIOT/miem/sensors/bin/unwd-range-l1-r3/newlib_syscalls_default/syscalls.o
 .debug_ranges  0x0000000000000140       0x90 /Users/sokrat/Desktop/RIOT/miem/sensors/bin/unwd-range-l1-r3/core.a(sched.o)
 .debug_ranges  0x00000000000001d0       0xa0 /Users/sokrat/Desktop/RIOT/miem/sensors/bin/unwd-range-l1-r3/cortexm_common.a(thread_arch.o)
 .debug_ranges  0x0000000000000270       0x58 /Users/sokrat/Desktop/RIOT/miem/sensors/bin/unwd-range-l1-r3/cortexm_common.a(vectors_cortexm.o)
 .debug_ranges  0x00000000000002c8       0x28 /Users/sokrat/Desktop/RIOT/miem/sensors/bin/unwd-range-l1-r3/cortexm_common.a(irq_arch.o)
 .debug_ranges  0x00000000000002f0       0x20 /Users/sokrat/Desktop/RIOT/miem/sensors/bin/unwd-range-l1-r3/stdio_uart.a(stdio_uart.o)
 .debug_ranges  0x0000000000000310       0xa0 /Users/sokrat/Desktop/RIOT/miem/sensors/bin/unwd-range-l1-r3/stm32_common_periph.a(pm.o)
 .debug_ranges  0x00000000000003b0      0x160 /Users/sokrat/Desktop/RIOT/miem/sensors/bin/unwd-range-l1-r3/stm32_common_periph.a(uart.o)
 .debug_ranges  0x0000000000000510      0x1b0 /Users/sokrat/Desktop/RIOT/miem/sensors/bin/unwd-range-l1-r3/stm32_common_periph.a(gpio.o)
 .debug_ranges  0x00000000000006c0      0x308 /Users/sokrat/Desktop/RIOT/miem/sensors/bin/unwd-range-l1-r3/xtimer.a(xtimer_core.o)
 .debug_ranges  0x00000000000009c8       0x10 /Users/sokrat/Desktop/RIOT/miem/sensors/bin/unwd-range-l1-r3/boards_common_unwd.a(board.o)
 .debug_ranges  0x00000000000009d8       0x20 /Users/sokrat/Desktop/RIOT/miem/sensors/bin/unwd-range-l1-r3/core.a(kernel_init.o)
 .debug_ranges  0x00000000000009f8       0x18 /Users/sokrat/Desktop/RIOT/miem/sensors/bin/unwd-range-l1-r3/core.a(panic.o)
 .debug_ranges  0x0000000000000a10       0xc0 /Users/sokrat/Desktop/RIOT/miem/sensors/bin/unwd-range-l1-r3/core.a(thread.o)
 .debug_ranges  0x0000000000000ad0       0xb0 /Users/sokrat/Desktop/RIOT/miem/sensors/bin/unwd-range-l1-r3/cortexm_common.a(cortexm_init.o)
 .debug_ranges  0x0000000000000b80       0x78 /Users/sokrat/Desktop/RIOT/miem/sensors/bin/unwd-range-l1-r3/isrpipe.a(isrpipe.o)
 .debug_ranges  0x0000000000000bf8       0x20 /Users/sokrat/Desktop/RIOT/miem/sensors/bin/unwd-range-l1-r3/pm_layered.a(pm.o)
 .debug_ranges  0x0000000000000c18       0x30 /Users/sokrat/Desktop/RIOT/miem/sensors/bin/unwd-range-l1-r3/stm32_common.a(cpu_common.o)
 .debug_ranges  0x0000000000000c48       0x10 /Users/sokrat/Desktop/RIOT/miem/sensors/bin/unwd-range-l1-r3/stm32_common.a(cpu_init.o)
 .debug_ranges  0x0000000000000c58      0x110 /Users/sokrat/Desktop/RIOT/miem/sensors/bin/unwd-range-l1-r3/stm32_common.a(stm_status.o)
 .debug_ranges  0x0000000000000d68       0x38 /Users/sokrat/Desktop/RIOT/miem/sensors/bin/unwd-range-l1-r3/stm32_common.a(stmclk_l0l1.o)
 .debug_ranges  0x0000000000000da0      0x1a0 /Users/sokrat/Desktop/RIOT/miem/sensors/bin/unwd-range-l1-r3/stm32_common_periph.a(timer.o)
 .debug_ranges  0x0000000000000f40       0x98 /Users/sokrat/Desktop/RIOT/miem/sensors/bin/unwd-range-l1-r3/tsrb.a(tsrb.o)
 .debug_ranges  0x0000000000000fd8       0x10 /Users/sokrat/Desktop/RIOT/miem/sensors/bin/unwd-range-l1-r3/periph_common.a(init.o)
 .debug_ranges  0x0000000000000fe8       0x70 /Users/sokrat/Desktop/RIOT/miem/sensors/bin/unwd-range-l1-r3/application_sensors.a(main.o)
 .debug_ranges  0x0000000000001058       0x10 /Users/sokrat/Desktop/RIOT/miem/sensors/bin/unwd-range-l1-r3/auto_init.a(auto_init.o)
 .debug_ranges  0x0000000000001068      0x120 /Users/sokrat/Desktop/RIOT/miem/sensors/bin/unwd-range-l1-r3/bmx280.a(bmx280.o)
 .debug_ranges  0x0000000000001188       0x80 /Users/sokrat/Desktop/RIOT/miem/sensors/bin/unwd-range-l1-r3/core.a(mutex.o)
 .debug_ranges  0x0000000000001208      0x1b0 /Users/sokrat/Desktop/RIOT/miem/sensors/bin/unwd-range-l1-r3/core.a(msg.o)
 .debug_ranges  0x00000000000013b8      0x278 /Users/sokrat/Desktop/RIOT/miem/sensors/bin/unwd-range-l1-r3/lptimer.a(lptimer.o)
 .debug_ranges  0x0000000000001630      0x348 /Users/sokrat/Desktop/RIOT/miem/sensors/bin/unwd-range-l1-r3/lptimer.a(lptimer_core.o)
 .debug_ranges  0x0000000000001978       0x58 /Users/sokrat/Desktop/RIOT/miem/sensors/bin/unwd-range-l1-r3/opt3001.a(opt3001.o)
 .debug_ranges  0x00000000000019d0      0x128 /Users/sokrat/Desktop/RIOT/miem/sensors/bin/unwd-range-l1-r3/stm32_common_periph.a(i2c_2.o)
 .debug_ranges  0x0000000000001af8       0x80 /Users/sokrat/Desktop/RIOT/miem/sensors/bin/unwd-range-l1-r3/stm32_common_periph.a(rtt.o)
 .debug_ranges  0x0000000000001b78       0x38 /Users/sokrat/Desktop/RIOT/miem/sensors/bin/unwd-range-l1-r3/periph_common.a(i2c.o)
 .debug_ranges  0x0000000000001bb0       0x38 /Users/sokrat/Desktop/RIOT/miem/sensors/bin/unwd-range-l1-r3/stm32_common.a(stmclk_common.o)

.debug_macro    0x0000000000000000    0x2b551
 .debug_macro   0x0000000000000000       0xe2 /Users/sokrat/Desktop/RIOT/miem/sensors/bin/unwd-range-l1-r3/cpu/vectors.o
 .debug_macro   0x00000000000000e2      0xa60 /Users/sokrat/Desktop/RIOT/miem/sensors/bin/unwd-range-l1-r3/cpu/vectors.o
 .debug_macro   0x0000000000000b42      0x124 /Users/sokrat/Desktop/RIOT/miem/sensors/bin/unwd-range-l1-r3/cpu/vectors.o
 .debug_macro   0x0000000000000c66       0x22 /Users/sokrat/Desktop/RIOT/miem/sensors/bin/unwd-range-l1-r3/cpu/vectors.o
 .debug_macro   0x0000000000000c88       0x56 /Users/sokrat/Desktop/RIOT/miem/sensors/bin/unwd-range-l1-r3/cpu/vectors.o
 .debug_macro   0x0000000000000cde       0x51 /Users/sokrat/Desktop/RIOT/miem/sensors/bin/unwd-range-l1-r3/cpu/vectors.o
 .debug_macro   0x0000000000000d2f      0x103 /Users/sokrat/Desktop/RIOT/miem/sensors/bin/unwd-range-l1-r3/cpu/vectors.o
 .debug_macro   0x0000000000000e32       0x6a /Users/sokrat/Desktop/RIOT/miem/sensors/bin/unwd-range-l1-r3/cpu/vectors.o
 .debug_macro   0x0000000000000e9c      0x1df /Users/sokrat/Desktop/RIOT/miem/sensors/bin/unwd-range-l1-r3/cpu/vectors.o
 .debug_macro   0x000000000000107b       0x10 /Users/sokrat/Desktop/RIOT/miem/sensors/bin/unwd-range-l1-r3/cpu/vectors.o
 .debug_macro   0x000000000000108b       0x2e /Users/sokrat/Desktop/RIOT/miem/sensors/bin/unwd-range-l1-r3/cpu/vectors.o
 .debug_macro   0x00000000000010b9       0x70 /Users/sokrat/Desktop/RIOT/miem/sensors/bin/unwd-range-l1-r3/cpu/vectors.o
 .debug_macro   0x0000000000001129       0x1c /Users/sokrat/Desktop/RIOT/miem/sensors/bin/unwd-range-l1-r3/cpu/vectors.o
 .debug_macro   0x0000000000001145       0x22 /Users/sokrat/Desktop/RIOT/miem/sensors/bin/unwd-range-l1-r3/cpu/vectors.o
 .debug_macro   0x0000000000001167       0xbd /Users/sokrat/Desktop/RIOT/miem/sensors/bin/unwd-range-l1-r3/cpu/vectors.o
 .debug_macro   0x0000000000001224      0xe49 /Users/sokrat/Desktop/RIOT/miem/sensors/bin/unwd-range-l1-r3/cpu/vectors.o
 .debug_macro   0x000000000000206d      0x11f /Users/sokrat/Desktop/RIOT/miem/sensors/bin/unwd-range-l1-r3/cpu/vectors.o
 .debug_macro   0x000000000000218c     0x72f1 /Users/sokrat/Desktop/RIOT/miem/sensors/bin/unwd-range-l1-r3/cpu/vectors.o
 .debug_macro   0x000000000000947d       0x6a /Users/sokrat/Desktop/RIOT/miem/sensors/bin/unwd-range-l1-r3/cpu/vectors.o
 .debug_macro   0x00000000000094e7       0x16 /Users/sokrat/Desktop/RIOT/miem/sensors/bin/unwd-range-l1-r3/cpu/vectors.o
 .debug_macro   0x00000000000094fd      0x4bb /Users/sokrat/Desktop/RIOT/miem/sensors/bin/unwd-range-l1-r3/newlib_syscalls_default/syscalls.o
 .debug_macro   0x00000000000099b8      0xa60 /Users/sokrat/Desktop/RIOT/miem/sensors/bin/unwd-range-l1-r3/newlib_syscalls_default/syscalls.o
 .debug_macro   0x000000000000a418       0x4c /Users/sokrat/Desktop/RIOT/miem/sensors/bin/unwd-range-l1-r3/newlib_syscalls_default/syscalls.o
 .debug_macro   0x000000000000a464       0x18 /Users/sokrat/Desktop/RIOT/miem/sensors/bin/unwd-range-l1-r3/newlib_syscalls_default/syscalls.o
 .debug_macro   0x000000000000a47c       0x5c /Users/sokrat/Desktop/RIOT/miem/sensors/bin/unwd-range-l1-r3/newlib_syscalls_default/syscalls.o
 .debug_macro   0x000000000000a4d8       0x3c /Users/sokrat/Desktop/RIOT/miem/sensors/bin/unwd-range-l1-r3/newlib_syscalls_default/syscalls.o
 .debug_macro   0x000000000000a514       0x34 /Users/sokrat/Desktop/RIOT/miem/sensors/bin/unwd-range-l1-r3/newlib_syscalls_default/syscalls.o
 .debug_macro   0x000000000000a548       0x10 /Users/sokrat/Desktop/RIOT/miem/sensors/bin/unwd-range-l1-r3/newlib_syscalls_default/syscalls.o
 .debug_macro   0x000000000000a558       0x57 /Users/sokrat/Desktop/RIOT/miem/sensors/bin/unwd-range-l1-r3/newlib_syscalls_default/syscalls.o
 .debug_macro   0x000000000000a5af       0xcf /Users/sokrat/Desktop/RIOT/miem/sensors/bin/unwd-range-l1-r3/newlib_syscalls_default/syscalls.o
 .debug_macro   0x000000000000a67e      0x35d /Users/sokrat/Desktop/RIOT/miem/sensors/bin/unwd-range-l1-r3/newlib_syscalls_default/syscalls.o
 .debug_macro   0x000000000000a9db       0x10 /Users/sokrat/Desktop/RIOT/miem/sensors/bin/unwd-range-l1-r3/newlib_syscalls_default/syscalls.o
 .debug_macro   0x000000000000a9eb       0x16 /Users/sokrat/Desktop/RIOT/miem/sensors/bin/unwd-range-l1-r3/newlib_syscalls_default/syscalls.o
 .debug_macro   0x000000000000aa01       0x20 /Users/sokrat/Desktop/RIOT/miem/sensors/bin/unwd-range-l1-r3/newlib_syscalls_default/syscalls.o
 .debug_macro   0x000000000000aa21       0x34 /Users/sokrat/Desktop/RIOT/miem/sensors/bin/unwd-range-l1-r3/newlib_syscalls_default/syscalls.o
 .debug_macro   0x000000000000aa55       0xb2 /Users/sokrat/Desktop/RIOT/miem/sensors/bin/unwd-range-l1-r3/newlib_syscalls_default/syscalls.o
 .debug_macro   0x000000000000ab07       0xb7 /Users/sokrat/Desktop/RIOT/miem/sensors/bin/unwd-range-l1-r3/newlib_syscalls_default/syscalls.o
 .debug_macro   0x000000000000abbe      0x4fe /Users/sokrat/Desktop/RIOT/miem/sensors/bin/unwd-range-l1-r3/newlib_syscalls_default/syscalls.o
 .debug_macro   0x000000000000b0bc       0x10 /Users/sokrat/Desktop/RIOT/miem/sensors/bin/unwd-range-l1-r3/newlib_syscalls_default/syscalls.o
 .debug_macro   0x000000000000b0cc       0x58 /Users/sokrat/Desktop/RIOT/miem/sensors/bin/unwd-range-l1-r3/newlib_syscalls_default/syscalls.o