Archive member included to satisfy reference by file (symbol)

/home/sokrat/RIOT/examples/hello-world/bin/unwd-range-l1-r3/core.a(sched.o)
                              /home/sokrat/RIOT/examples/hello-world/bin/unwd-range-l1-r3/newlib_syscalls_default/syscalls.o (sched_active_pid)
/home/sokrat/RIOT/examples/hello-world/bin/unwd-range-l1-r3/cortexm_common.a(thread_arch.o)
                              /home/sokrat/RIOT/examples/hello-world/bin/unwd-range-l1-r3/core.a(sched.o) (cpu_switch_context_exit)
/home/sokrat/RIOT/examples/hello-world/bin/unwd-range-l1-r3/cortexm_common.a(vectors_cortexm.o)
                              /home/sokrat/RIOT/examples/hello-world/bin/unwd-range-l1-r3/cpu/vectors.o (dummy_handler_default)
/home/sokrat/RIOT/examples/hello-world/bin/unwd-range-l1-r3/cortexm_common.a(irq_arch.o)
                              /home/sokrat/RIOT/examples/hello-world/bin/unwd-range-l1-r3/newlib_syscalls_default/syscalls.o (irq_disable)
/home/sokrat/RIOT/examples/hello-world/bin/unwd-range-l1-r3/stdio_uart.a(stdio_uart.o)
                              /home/sokrat/RIOT/examples/hello-world/bin/unwd-range-l1-r3/newlib_syscalls_default/syscalls.o (stdio_init)
/home/sokrat/RIOT/examples/hello-world/bin/unwd-range-l1-r3/stm32_common_periph.a(pm.o)
                              /home/sokrat/RIOT/examples/hello-world/bin/unwd-range-l1-r3/newlib_syscalls_default/syscalls.o (pm_off)
/home/sokrat/RIOT/examples/hello-world/bin/unwd-range-l1-r3/stm32_common_periph.a(uart.o)
                              /home/sokrat/RIOT/examples/hello-world/bin/unwd-range-l1-r3/stdio_uart.a(stdio_uart.o) (uart_write)
/home/sokrat/RIOT/examples/hello-world/bin/unwd-range-l1-r3/stm32_common_periph.a(gpio.o)
                              /home/sokrat/RIOT/examples/hello-world/bin/unwd-range-l1-r3/stm32_common_periph.a(pm.o) (gpio_init)
/home/sokrat/RIOT/examples/hello-world/bin/unwd-range-l1-r3/boards_common_unwd.a(board.o)
                              /home/sokrat/RIOT/examples/hello-world/bin/unwd-range-l1-r3/cortexm_common.a(vectors_cortexm.o) (board_init)
/home/sokrat/RIOT/examples/hello-world/bin/unwd-range-l1-r3/core.a(panic.o)
                              /home/sokrat/RIOT/examples/hello-world/bin/unwd-range-l1-r3/cortexm_common.a(vectors_cortexm.o) (core_panic)
/home/sokrat/RIOT/examples/hello-world/bin/unwd-range-l1-r3/core.a(kernel_init.o)
                              /home/sokrat/RIOT/examples/hello-world/bin/unwd-range-l1-r3/cortexm_common.a(vectors_cortexm.o) (kernel_init)
/home/sokrat/RIOT/examples/hello-world/bin/unwd-range-l1-r3/core.a(thread.o)
                              /home/sokrat/RIOT/examples/hello-world/bin/unwd-range-l1-r3/core.a(kernel_init.o) (thread_create)
/home/sokrat/RIOT/examples/hello-world/bin/unwd-range-l1-r3/cortexm_common.a(cortexm_init.o)
                              /home/sokrat/RIOT/examples/hello-world/bin/unwd-range-l1-r3/stm32_common_periph.a(pm.o) (cpu_check_address)
/home/sokrat/RIOT/examples/hello-world/bin/unwd-range-l1-r3/isrpipe.a(isrpipe.o)
                              /home/sokrat/RIOT/examples/hello-world/bin/unwd-range-l1-r3/stdio_uart.a(stdio_uart.o) (isrpipe_write_one)
/home/sokrat/RIOT/examples/hello-world/bin/unwd-range-l1-r3/pm_layered.a(pm.o)
                              /home/sokrat/RIOT/examples/hello-world/bin/unwd-range-l1-r3/core.a(kernel_init.o) (pm_set_lowest)
/home/sokrat/RIOT/examples/hello-world/bin/unwd-range-l1-r3/stm32_common.a(cpu_init.o)
                              /home/sokrat/RIOT/examples/hello-world/bin/unwd-range-l1-r3/boards_common_unwd.a(board.o) (cpu_init)
/home/sokrat/RIOT/examples/hello-world/bin/unwd-range-l1-r3/stm32_common.a(stmclk_l0l1.o)
                              /home/sokrat/RIOT/examples/hello-world/bin/unwd-range-l1-r3/stm32_common_periph.a(pm.o) (stmclk_init_sysclk)
/home/sokrat/RIOT/examples/hello-world/bin/unwd-range-l1-r3/stm32_common.a(cpu_common.o)
                              /home/sokrat/RIOT/examples/hello-world/bin/unwd-range-l1-r3/stm32_common_periph.a(uart.o) (periph_apb_clk)
/home/sokrat/RIOT/examples/hello-world/bin/unwd-range-l1-r3/stm32_common.a(stm_status.o)
                              /home/sokrat/RIOT/examples/hello-world/bin/unwd-range-l1-r3/stm32_common.a(cpu_init.o) (cpu_init_status)
/home/sokrat/RIOT/examples/hello-world/bin/unwd-range-l1-r3/tsrb.a(tsrb.o)
                              /home/sokrat/RIOT/examples/hello-world/bin/unwd-range-l1-r3/isrpipe.a(isrpipe.o) (tsrb_get)
/home/sokrat/RIOT/examples/hello-world/bin/unwd-range-l1-r3/periph_common.a(init.o)
                              /home/sokrat/RIOT/examples/hello-world/bin/unwd-range-l1-r3/stm32_common.a(cpu_init.o) (periph_init)
/home/sokrat/RIOT/examples/hello-world/bin/unwd-range-l1-r3/application_hello-world.a(main.o)
                              /home/sokrat/RIOT/examples/hello-world/bin/unwd-range-l1-r3/core.a(kernel_init.o) (main)
/home/sokrat/RIOT/examples/hello-world/bin/unwd-range-l1-r3/auto_init.a(auto_init.o)
[...]
Memory Configuration

Name             Origin             Length             Attributes
ccmram           0x0000000010000000 0x0000000000000000
rom              0x0000000008000000 0x0000000000080000 xr
ram              0x0000000020000000 0x0000000000014000 w !xr
*default*        0x0000000000000000 0xffffffffffffffff

Linker script and memory map

LOAD /home/sokrat/RIOT/examples/hello-world/bin/unwd-range-l1-r3/cpu/vectors.o
LOAD /home/sokrat/RIOT/examples/hello-world/bin/unwd-range-l1-r3/newlib_syscalls_default/syscalls.o
START GROUP
LOAD /home/sokrat/RIOT/examples/hello-world/bin/unwd-range-l1-r3/application_hello-world.a
LOAD /home/sokrat/RIOT/examples/hello-world/bin/unwd-range-l1-r3/auto_init.a
LOAD /home/sokrat/RIOT/examples/hello-world/bin/unwd-range-l1-r3/board.a
LOAD /home/sokrat/RIOT/examples/hello-world/bin/unwd-range-l1-r3/boards_common_unwd.a
LOAD /home/sokrat/RIOT/examples/hello-world/bin/unwd-range-l1-r3/core.a
LOAD /home/sokrat/RIOT/examples/hello-world/bin/unwd-range-l1-r3/cortexm_common.a
LOAD /home/sokrat/RIOT/examples/hello-world/bin/unwd-range-l1-r3/cortexm_common_periph.a
LOAD /home/sokrat/RIOT/examples/hello-world/bin/unwd-range-l1-r3/cpu.a
LOAD /home/sokrat/RIOT/examples/hello-world/bin/unwd-range-l1-r3/isrpipe.a
LOAD /home/sokrat/RIOT/examples/hello-world/bin/unwd-range-l1-r3/newlib_syscalls_default.a
LOAD /home/sokrat/RIOT/examples/hello-world/bin/unwd-range-l1-r3/periph.a
LOAD /home/sokrat/RIOT/examples/hello-world/bin/unwd-range-l1-r3/pm_layered.a
LOAD /home/sokrat/RIOT/examples/hello-world/bin/unwd-range-l1-r3/stdio_uart.a
LOAD /home/sokrat/RIOT/examples/hello-world/bin/unwd-range-l1-r3/stm32_common.a
LOAD /home/sokrat/RIOT/examples/hello-world/bin/unwd-range-l1-r3/stm32_common_periph.a
LOAD /home/sokrat/RIOT/examples/hello-world/bin/unwd-range-l1-r3/sys.a
LOAD /home/sokrat/RIOT/examples/hello-world/bin/unwd-range-l1-r3/tsrb.a
LOAD /home/sokrat/RIOT/examples/hello-world/bin/unwd-range-l1-r3/periph_common.a
LOAD /opt/gcc-arm-none-eabi-10.3-2021.10/bin/../lib/gcc/arm-none-eabi/10.3.1/../../../../arm-none-eabi/lib/thumb/v7-m/nofp/libm.a
END GROUP
LOAD /opt/gcc-arm-none-eabi-10.3-2021.10/bin/../lib/gcc/arm-none-eabi/10.3.1/thumb/v7-m/nofp/libgcc.a
                0x0000000008000000                _rom_start_addr = 0x8000000
                0x0000000020000000                _ram_start_addr = 0x20000000
                0x0000000000080000                _rom_length = 0x80000
                0x0000000000014000                _ram_length = 0x14000
LOAD /opt/gcc-arm-none-eabi-10.3-2021.10/bin/../lib/gcc/arm-none-eabi/10.3.1/../../../../arm-none-eabi/lib/thumb/v7-m/nofp/libc_nano.a
START GROUP
LOAD /opt/gcc-arm-none-eabi-10.3-2021.10/bin/../lib/gcc/arm-none-eabi/10.3.1/thumb/v7-m/nofp/libgcc.a
LOAD /opt/gcc-arm-none-eabi-10.3-2021.10/bin/../lib/gcc/arm-none-eabi/10.3.1/../../../../arm-none-eabi/lib/thumb/v7-m/nofp/libg_nano.a
LOAD /opt/gcc-arm-none-eabi-10.3-2021.10/bin/../lib/gcc/arm-none-eabi/10.3.1/../../../../arm-none-eabi/lib/thumb/v7-m/nofp/libc_nano.a
END GROUP
START GROUP
LOAD /opt/gcc-arm-none-eabi-10.3-2021.10/bin/../lib/gcc/arm-none-eabi/10.3.1/thumb/v7-m/nofp/libgcc.a
LOAD /opt/gcc-arm-none-eabi-10.3-2021.10/bin/../lib/gcc/arm-none-eabi/10.3.1/../../../../arm-none-eabi/lib/thumb/v7-m/nofp/libc_nano.a
END GROUP
                0x0000000000000000                ccmram_length = DEFINED (ccmram_len)?ccmram_len:0x0
                0x0000000000000000                _rom_offset = DEFINED (_rom_offset)?_rom_offset:0x0
                0x0000000000080000                _fw_rom_length = DEFINED (_fw_rom_length)?_fw_rom_length:(_rom_length - _rom_offset)
                0x0000000000000001                ASSERT ((_fw_rom_length <= (_rom_length - _rom_offset)), Specified firmware size does not fit in ROM)

.text           0x0000000008000000     0x2810
                0x0000000008000000                . = ALIGN (0x4)
                0x0000000008000000                _sfixed = .
                0x0000000008000000                _isr_vectors = DEFINED (_isr_vectors)?_isr_vectors:.
 *(SORT_BY_NAME(.vectors*))
 .vectors.0     0x0000000008000000       0x40 /home/sokrat/RIOT/examples/hello-world/bin/unwd-range-l1-r3/cortexm_common.a(vectors_cortexm.o)
                0x0000000008000000                cortex_vector_base
 .vectors.1     0x0000000008000040       0xe4 /home/sokrat/RIOT/examples/hello-world/bin/unwd-range-l1-r3/cpu/vectors.o
                0x0000000008000040                vector_cpu
 *(.text .text.* .gnu.linkonce.t.*)
 .text.dummy_handler
                0x0000000008000124        0x4 /home/sokrat/RIOT/examples/hello-world/bin/unwd-range-l1-r3/cpu/vectors.o
                0x0000000008000124                isr_pvd
                0x0000000008000124                isr_rtc_wkup
                0x0000000008000124                isr_comp_acq
                0x0000000008000124                isr_tim10
                0x0000000008000124                isr_dac
                0x0000000008000124                isr_exti
                0x0000000008000124                isr_dma2_ch5
                0x0000000008000124                isr_dma1_ch2
                0x0000000008000124                isr_tim7
                0x0000000008000124                isr_tim5
                0x0000000008000124                isr_i2c1_ev
                0x0000000008000124                isr_dma1_ch7
                0x0000000008000124                isr_tim4
                0x0000000008000124                isr_dma1_ch3
                0x0000000008000124                isr_dma2_ch3
                0x0000000008000124                isr_tim2
                0x0000000008000124                isr_sdio
                0x0000000008000124                isr_spi2
                0x0000000008000124                dummy_handler
                0x0000000008000124                isr_usb_hp
                0x0000000008000124                isr_aes
                0x0000000008000124                isr_dma2_ch4
                0x0000000008000124                isr_dma1_ch1
                0x0000000008000124                isr_tim9
                0x0000000008000124                isr_comp
                0x0000000008000124                isr_dma1_ch6
                0x0000000008000124                isr_spi1
                0x0000000008000124                isr_tim6
                0x0000000008000124                isr_usb_lp
                0x0000000008000124                isr_rcc
                0x0000000008000124                isr_flash
                0x0000000008000124                isr_uart5
                0x0000000008000124                isr_dma2_ch2
                0x0000000008000124                isr_adc1
                0x0000000008000124                isr_uart4
                0x0000000008000124                isr_i2c2_er
                0x0000000008000124                isr_usb_fs_wkup
                0x0000000008000124                isr_dma2_ch1
                0x0000000008000124                isr_tim11
                0x0000000008000124                isr_spi3
                0x0000000008000124                isr_lcd
                0x0000000008000124                isr_tim3
                0x0000000008000124                isr_dma1_ch5
                0x0000000008000124                isr_dma1_ch4
                0x0000000008000124                isr_i2c2_ev
                0x0000000008000124                isr_rtc_alarm
                0x0000000008000124                isr_tamper_stamp
                0x0000000008000124                isr_i2c1_er
                0x0000000008000124                isr_wwdg
 .text._init    0x0000000008000128        0x4 /home/sokrat/RIOT/examples/hello-world/bin/unwd-range-l1-r3/newlib_syscalls_default/syscalls.o
                0x0000000008000128                _init
 .text._fini    0x000000000800012c        0x2 /home/sokrat/RIOT/examples/hello-world/bin/unwd-range-l1-r3/newlib_syscalls_default/syscalls.o
                0x000000000800012c                _fini
 *fill*         0x000000000800012e        0x2 
 .text._sbrk_r  0x0000000008000130       0x3c /home/sokrat/RIOT/examples/hello-world/bin/unwd-range-l1-r3/newlib_syscalls_default/syscalls.o
                0x0000000008000130                _sbrk_r
 .text._read_r  0x000000000800016c        0x8 /home/sokrat/RIOT/examples/hello-world/bin/unwd-range-l1-r3/newlib_syscalls_default/syscalls.o
                0x000000000800016c                _read_r
 .text._write_r
                0x0000000008000174        0x8 /home/sokrat/RIOT/examples/hello-world/bin/unwd-range-l1-r3/newlib_syscalls_default/syscalls.o
                0x0000000008000174                _write_r
 .text._close_r
                0x000000000800017c        0xa /home/sokrat/RIOT/examples/hello-world/bin/unwd-range-l1-r3/newlib_syscalls_default/syscalls.o
                0x000000000800017c                _close_r
 .text._lseek_r
                0x0000000008000186        0xa /home/sokrat/RIOT/examples/hello-world/bin/unwd-range-l1-r3/newlib_syscalls_default/syscalls.o
                0x0000000008000186                _lseek_r
 .text._fstat_r
                0x0000000008000190        0xa /home/sokrat/RIOT/examples/hello-world/bin/unwd-range-l1-r3/newlib_syscalls_default/syscalls.o
                0x0000000008000190                _fstat_r
 .text._isatty_r
                0x000000000800019a        0xe /home/sokrat/RIOT/examples/hello-world/bin/unwd-range-l1-r3/newlib_syscalls_default/syscalls.o
                0x000000000800019a                _isatty_r
 .text.sched_run
                0x00000000080001a8       0x64 /home/sokrat/RIOT/examples/hello-world/bin/unwd-range-l1-r3/core.a(sched.o)
                0x00000000080001a8                sched_run
 .text.sched_set_status
                0x000000000800020c       0x80 /home/sokrat/RIOT/examples/hello-world/bin/unwd-range-l1-r3/core.a(sched.o)
                0x000000000800020c                sched_set_status
 .text.sched_switch
                0x000000000800028c       0x30 /home/sokrat/RIOT/examples/hello-world/bin/unwd-range-l1-r3/core.a(sched.o)
                0x000000000800028c                sched_switch
 .text.sched_task_exit
                0x00000000080002bc       0x3c /home/sokrat/RIOT/examples/hello-world/bin/unwd-range-l1-r3/core.a(sched.o)
                0x00000000080002bc                sched_task_exit
 .text.thread_stack_init
                0x00000000080002f8       0x68 /home/sokrat/RIOT/examples/hello-world/bin/unwd-range-l1-r3/cortexm_common.a(thread_arch.o)
                0x00000000080002f8                thread_stack_init
 .text.cpu_switch_context_exit
                0x0000000008000360        0x8 /home/sokrat/RIOT/examples/hello-world/bin/unwd-range-l1-r3/cortexm_common.a(thread_arch.o)
                0x0000000008000360                cpu_switch_context_exit
 .text.thread_yield_higher
                0x0000000008000368       0x10 /home/sokrat/RIOT/examples/hello-world/bin/unwd-range-l1-r3/cortexm_common.a(thread_arch.o)
                0x0000000008000368                thread_yield_higher
 .text.isr_pendsv
                0x0000000008000378       0x1c /home/sokrat/RIOT/examples/hello-world/bin/unwd-range-l1-r3/cortexm_common.a(thread_arch.o)
                0x0000000008000378                isr_pendsv
 .text.isr_svc  0x0000000008000394       0x1c /home/sokrat/RIOT/examples/hello-world/bin/unwd-range-l1-r3/cortexm_common.a(thread_arch.o)
                0x0000000008000394                isr_svc
 .text.hard_fault_default
                0x00000000080003b0       0x44 /home/sokrat/RIOT/examples/hello-world/bin/unwd-range-l1-r3/cortexm_common.a(vectors_cortexm.o)
                0x00000000080003b0                hard_fault_default
 .text.nmi_default
                0x00000000080003f4       0x10 /home/sokrat/RIOT/examples/hello-world/bin/unwd-range-l1-r3/cortexm_common.a(vectors_cortexm.o)
                0x00000000080003f4                nmi_default
 .text.mem_manage_default
                0x0000000008000404       0x10 /home/sokrat/RIOT/examples/hello-world/bin/unwd-range-l1-r3/cortexm_common.a(vectors_cortexm.o)
                0x0000000008000404                mem_manage_default
 .text.bus_fault_default
                0x0000000008000414       0x10 /home/sokrat/RIOT/examples/hello-world/bin/unwd-range-l1-r3/cortexm_common.a(vectors_cortexm.o)
                0x0000000008000414                bus_fault_default
 .text.usage_fault_default
                0x0000000008000424       0x10 /home/sokrat/RIOT/examples/hello-world/bin/unwd-range-l1-r3/cortexm_common.a(vectors_cortexm.o)
                0x0000000008000424                usage_fault_default
 .text.debug_mon_default
                0x0000000008000434       0x10 /home/sokrat/RIOT/examples/hello-world/bin/unwd-range-l1-r3/cortexm_common.a(vectors_cortexm.o)
                0x0000000008000434                debug_mon_default
 .text.dummy_handler_default
                0x0000000008000444       0x10 /home/sokrat/RIOT/examples/hello-world/bin/unwd-range-l1-r3/cortexm_common.a(vectors_cortexm.o)
                0x0000000008000444                dummy_handler_default
                0x0000000008000444                isr_systick
 .text.pre_startup
                0x0000000008000454        0x2 /home/sokrat/RIOT/examples/hello-world/bin/unwd-range-l1-r3/cortexm_common.a(vectors_cortexm.o)
                0x0000000008000454                pre_startup
 .text.post_startup
                0x0000000008000456        0x2 /home/sokrat/RIOT/examples/hello-world/bin/unwd-range-l1-r3/cortexm_common.a(vectors_cortexm.o)
                0x0000000008000456                post_startup
 .text.reset_handler_default
                0x0000000008000458       0x6c /home/sokrat/RIOT/examples/hello-world/bin/unwd-range-l1-r3/cortexm_common.a(vectors_cortexm.o)
                0x0000000008000458                reset_handler_default
 .text.hard_fault_handler
                0x00000000080004c4      0x188 /home/sokrat/RIOT/examples/hello-world/bin/unwd-range-l1-r3/cortexm_common.a(vectors_cortexm.o)
                0x00000000080004c4                hard_fault_handler
 .text.irq_disable
                0x000000000800064c        0x8 /home/sokrat/RIOT/examples/hello-world/bin/unwd-range-l1-r3/cortexm_common.a(irq_arch.o)
                0x000000000800064c                irq_disable
 .text.irq_enable
                0x0000000008000654        0x8 /home/sokrat/RIOT/examples/hello-world/bin/unwd-range-l1-r3/cortexm_common.a(irq_arch.o)
                0x0000000008000654                irq_enable
 .text.irq_restore
                0x000000000800065c        0x6 /home/sokrat/RIOT/examples/hello-world/bin/unwd-range-l1-r3/cortexm_common.a(irq_arch.o)
                0x000000000800065c                irq_restore
 .text.irq_is_in
                0x0000000008000662        0x8 /home/sokrat/RIOT/examples/hello-world/bin/unwd-range-l1-r3/cortexm_common.a(irq_arch.o)
                0x0000000008000662                irq_is_in
 *fill*         0x000000000800066a        0x2 
 .text.stdio_init
                0x000000000800066c       0x18 /home/sokrat/RIOT/examples/hello-world/bin/unwd-range-l1-r3/stdio_uart.a(stdio_uart.o)
                0x000000000800066c                stdio_init
 .text.stdio_read
                0x0000000008000684       0x10 /home/sokrat/RIOT/examples/hello-world/bin/unwd-range-l1-r3/stdio_uart.a(stdio_uart.o)
                0x0000000008000684                stdio_read
 .text.stdio_write
                0x0000000008000694       0x12 /home/sokrat/RIOT/examples/hello-world/bin/unwd-range-l1-r3/stdio_uart.a(stdio_uart.o)
                0x0000000008000694                stdio_write
 *fill*         0x00000000080006a6        0x2 
 .text.pm_set   0x00000000080006a8      0x250 /home/sokrat/RIOT/examples/hello-world/bin/unwd-range-l1-r3/stm32_common_periph.a(pm.o)
                0x00000000080006a8                pm_set
 .text.pm_off   0x00000000080008f8       0x14 /home/sokrat/RIOT/examples/hello-world/bin/unwd-range-l1-r3/stm32_common_periph.a(pm.o)
                0x00000000080008f8                pm_off
 .text.irq_handler
                0x000000000800090c       0x48 /home/sokrat/RIOT/examples/hello-world/bin/unwd-range-l1-r3/stm32_common_periph.a(uart.o)
 .text.uart_set_baudrate
                0x0000000008000954       0x8c /home/sokrat/RIOT/examples/hello-world/bin/unwd-range-l1-r3/stm32_common_periph.a(uart.o)
                0x0000000008000954                uart_set_baudrate
 .text.uart_write
                0x00000000080009e0       0x44 /home/sokrat/RIOT/examples/hello-world/bin/unwd-range-l1-r3/stm32_common_periph.a(uart.o)
                0x00000000080009e0                uart_write
 .text.uart_poweron
                0x0000000008000a24       0x2c /home/sokrat/RIOT/examples/hello-world/bin/unwd-range-l1-r3/stm32_common_periph.a(uart.o)
                0x0000000008000a24                uart_poweron
 .text.uart_init
                0x0000000008000a50       0xc4 /home/sokrat/RIOT/examples/hello-world/bin/unwd-range-l1-r3/stm32_common_periph.a(uart.o)
                0x0000000008000a50                uart_init
 .text.isr_usart1
                0x0000000008000b14        0x6 /home/sokrat/RIOT/examples/hello-world/bin/unwd-range-l1-r3/stm32_common_periph.a(uart.o)
                0x0000000008000b14                isr_usart1
 .text.isr_usart2
                0x0000000008000b1a        0x6 /home/sokrat/RIOT/examples/hello-world/bin/unwd-range-l1-r3/stm32_common_periph.a(uart.o)
                0x0000000008000b1a                isr_usart2
 .text.isr_usart3
                0x0000000008000b20        0x6 /home/sokrat/RIOT/examples/hello-world/bin/unwd-range-l1-r3/stm32_common_periph.a(uart.o)
                0x0000000008000b20                isr_usart3
 .text.gpio_init
                0x0000000008000b26       0x7a /home/sokrat/RIOT/examples/hello-world/bin/unwd-range-l1-r3/stm32_common_periph.a(gpio.o)
                0x0000000008000b26                gpio_init
 .text.gpio_init_af
                0x0000000008000ba0       0x56 /home/sokrat/RIOT/examples/hello-world/bin/unwd-range-l1-r3/stm32_common_periph.a(gpio.o)
                0x0000000008000ba0                gpio_init_af
 .text.gpio_set
                0x0000000008000bf6       0x16 /home/sokrat/RIOT/examples/hello-world/bin/unwd-range-l1-r3/stm32_common_periph.a(gpio.o)
                0x0000000008000bf6                gpio_set
 .text.board_init
                0x0000000008000c0c       0x18 /home/sokrat/RIOT/examples/hello-world/bin/unwd-range-l1-r3/boards_common_unwd.a(board.o)
                0x0000000008000c0c                board_init
 .text.panic_arch
                0x0000000008000c24        0x2 /home/sokrat/RIOT/examples/hello-world/bin/unwd-range-l1-r3/core.a(panic.o)
                0x0000000008000c24                panic_arch
 *fill*         0x0000000008000c26        0x2 
 .text.core_panic
                0x0000000008000c28       0x44 /home/sokrat/RIOT/examples/hello-world/bin/unwd-range-l1-r3/core.a(panic.o)
                0x0000000008000c28                core_panic
 .text.main_trampoline
                0x0000000008000c6c       0x18 /home/sokrat/RIOT/examples/hello-world/bin/unwd-range-l1-r3/core.a(kernel_init.o)
 .text.idle_thread
                0x0000000008000c84        0x8 /home/sokrat/RIOT/examples/hello-world/bin/unwd-range-l1-r3/core.a(kernel_init.o)
 .text.kernel_init
                0x0000000008000c8c       0x58 /home/sokrat/RIOT/examples/hello-world/bin/unwd-range-l1-r3/core.a(kernel_init.o)
                0x0000000008000c8c                kernel_init
 .text.thread_add_to_list
                0x0000000008000ce4       0x30 /home/sokrat/RIOT/examples/hello-world/bin/unwd-range-l1-r3/core.a(thread.o)
                0x0000000008000ce4                thread_add_to_list
 .text.thread_create
                0x0000000008000d14       0xf8 /home/sokrat/RIOT/examples/hello-world/bin/unwd-range-l1-r3/core.a(thread.o)
                0x0000000008000d14                thread_create
 .text.cpu_check_address
                0x0000000008000e0c       0x38 /home/sokrat/RIOT/examples/hello-world/bin/unwd-range-l1-r3/cortexm_common.a(cortexm_init.o)
                0x0000000008000e0c                cpu_check_address
 .text.cpu_find_memory_size
                0x0000000008000e44       0x1e /home/sokrat/RIOT/examples/hello-world/bin/unwd-range-l1-r3/cortexm_common.a(cortexm_init.o)
                0x0000000008000e44                cpu_find_memory_size
 *fill*         0x0000000008000e62        0x2 
 .text.cortexm_init
                0x0000000008000e64       0x40 /home/sokrat/RIOT/examples/hello-world/bin/unwd-range-l1-r3/cortexm_common.a(cortexm_init.o)
                0x0000000008000e64                cortexm_init
 .text.isrpipe_write_one
                0x0000000008000ea4       0x16 /home/sokrat/RIOT/examples/hello-world/bin/unwd-range-l1-r3/isrpipe.a(isrpipe.o)
                0x0000000008000ea4                isrpipe_write_one
 .text.isrpipe_read
                0x0000000008000eba       0x24 /home/sokrat/RIOT/examples/hello-world/bin/unwd-range-l1-r3/isrpipe.a(isrpipe.o)
                0x0000000008000eba                isrpipe_read
 *fill*         0x0000000008000ede        0x2 
 .text.pm_set_lowest
                0x0000000008000ee0       0x40 /home/sokrat/RIOT/examples/hello-world/bin/unwd-range-l1-r3/pm_layered.a(pm.o)
                0x0000000008000ee0                pm_set_lowest
 .text.cpu_init
                0x0000000008000f20       0x84 /home/sokrat/RIOT/examples/hello-world/bin/unwd-range-l1-r3/stm32_common.a(cpu_init.o)
                0x0000000008000f20                cpu_init
 .text.utils_delay
                0x0000000008000fa4        0x6 /home/sokrat/RIOT/examples/hello-world/bin/unwd-range-l1-r3/stm32_common.a(stmclk_l0l1.o)
 *fill*         0x0000000008000faa        0x2 
 .text.stmclk_init_sysclk
                0x0000000008000fac      0x200 /home/sokrat/RIOT/examples/hello-world/bin/unwd-range-l1-r3/stm32_common.a(stmclk_l0l1.o)
                0x0000000008000fac                stmclk_init_sysclk
 .text.periph_apb_clk
                0x00000000080011ac        0xc /home/sokrat/RIOT/examples/hello-world/bin/unwd-range-l1-r3/stm32_common.a(cpu_common.o)
                0x00000000080011ac                periph_apb_clk
 .text.periph_clk_en
                0x00000000080011b8       0x30 /home/sokrat/RIOT/examples/hello-world/bin/unwd-range-l1-r3/stm32_common.a(cpu_common.o)
                0x00000000080011b8                periph_clk_en
 .text.periph_clk_dis
                0x00000000080011e8       0x34 /home/sokrat/RIOT/examples/hello-world/bin/unwd-range-l1-r3/stm32_common.a(cpu_common.o)
                0x00000000080011e8                periph_clk_dis
 .text.is_periph_clk
                0x000000000800121c       0x30 /home/sokrat/RIOT/examples/hello-world/bin/unwd-range-l1-r3/stm32_common.a(cpu_common.o)
                0x000000000800121c                is_periph_clk
 .text.cpu_init_status
                0x000000000800124c       0x78 /home/sokrat/RIOT/examples/hello-world/bin/unwd-range-l1-r3/stm32_common.a(stm_status.o)
                0x000000000800124c                cpu_init_status
 .text._pop     0x00000000080012c4       0x12 /home/sokrat/RIOT/examples/hello-world/bin/unwd-range-l1-r3/tsrb.a(tsrb.o)
 .text.tsrb_get
                0x00000000080012d6       0x26 /home/sokrat/RIOT/examples/hello-world/bin/unwd-range-l1-r3/tsrb.a(tsrb.o)
                0x00000000080012d6                tsrb_get
 .text.tsrb_add_one
                0x00000000080012fc       0x26 /home/sokrat/RIOT/examples/hello-world/bin/unwd-range-l1-r3/tsrb.a(tsrb.o)
                0x00000000080012fc                tsrb_add_one
 .text.periph_init
                0x0000000008001322        0x2 /home/sokrat/RIOT/examples/hello-world/bin/unwd-range-l1-r3/periph_common.a(init.o)
                0x0000000008001322                periph_init
 .text.startup.main
                0x0000000008001324       0x30 /home/sokrat/RIOT/examples/hello-world/bin/unwd-range-l1-r3/application_hello-world.a(main.o)
                0x0000000008001324                main
 .text.auto_init
                0x0000000008001354        0x2 /home/sokrat/RIOT/examples/hello-world/bin/unwd-range-l1-r3/auto_init.a(auto_init.o)
                0x0000000008001354                auto_init
 *fill*         0x0000000008001356        0x2 
 .text._mutex_lock
                0x0000000008001358       0x60 /home/sokrat/RIOT/examples/hello-world/bin/unwd-range-l1-r3/core.a(mutex.o)
                0x0000000008001358                _mutex_lock
 .text.mutex_unlock
                0x00000000080013b8       0x4c /home/sokrat/RIOT/examples/hello-world/bin/unwd-range-l1-r3/core.a(mutex.o)
                0x00000000080013b8                mutex_unlock
 .text.__libc_init_array
                0x0000000008001404       0x48 /opt/gcc-arm-none-eabi-10.3-2021.10/bin/../lib/gcc/arm-none-eabi/10.3.1/../../../../arm-none-eabi/lib/thumb/v7-m/nofp/libc_nano.a(lib_a-init.o)
                0x0000000008001404                __libc_init_array
 .text.printf   0x000000000800144c       0x30 /opt/gcc-arm-none-eabi-10.3-2021.10/bin/../lib/gcc/arm-none-eabi/10.3.1/../../../../arm-none-eabi/lib/thumb/v7-m/nofp/libc_nano.a(lib_a-printf.o)
                0x000000000800144c                printf
                0x000000000800144c                iprintf
 .text._puts_r  0x000000000800147c       0xdc /opt/gcc-arm-none-eabi-10.3-2021.10/bin/../lib/gcc/arm-none-eabi/10.3.1/../../../../arm-none-eabi/lib/thumb/v7-m/nofp/libc_nano.a(lib_a-puts.o)
                0x000000000800147c                _puts_r
 .text.puts     0x0000000008001558       0x10 /opt/gcc-arm-none-eabi-10.3-2021.10/bin/../lib/gcc/arm-none-eabi/10.3.1/../../../../arm-none-eabi/lib/thumb/v7-m/nofp/libc_nano.a(lib_a-puts.o)
                0x0000000008001558                puts
 .text.__swbuf_r
                0x0000000008001568       0xa4 /opt/gcc-arm-none-eabi-10.3-2021.10/bin/../lib/gcc/arm-none-eabi/10.3.1/../../../../arm-none-eabi/lib/thumb/v7-m/nofp/libc_nano.a(lib_a-wbuf.o)
                0x0000000008001568                __swbuf_r
 .text.__swsetup_r
                0x000000000800160c       0xdc /opt/gcc-arm-none-eabi-10.3-2021.10/bin/../lib/gcc/arm-none-eabi/10.3.1/../../../../arm-none-eabi/lib/thumb/v7-m/nofp/libc_nano.a(lib_a-wsetup.o)
                0x000000000800160c                __swsetup_r
 .text.__sflush_r
                0x00000000080016e8      0x104 /opt/gcc-arm-none-eabi-10.3-2021.10/bin/../lib/gcc/arm-none-eabi/10.3.1/../../../../arm-none-eabi/lib/thumb/v7-m/nofp/libc_nano.a(lib_a-fflush.o)
                0x00000000080016e8                __sflush_r
 .text._fflush_r
                0x00000000080017ec       0x78 /opt/gcc-arm-none-eabi-10.3-2021.10/bin/../lib/gcc/arm-none-eabi/10.3.1/../../../../arm-none-eabi/lib/thumb/v7-m/nofp/libc_nano.a(lib_a-fflush.o)
                0x00000000080017ec                _fflush_r
 .text.std      0x0000000008001864       0x48 /opt/gcc-arm-none-eabi-10.3-2021.10/bin/../lib/gcc/arm-none-eabi/10.3.1/../../../../arm-none-eabi/lib/thumb/v7-m/nofp/libc_nano.a(lib_a-findfp.o)
 .text._cleanup_r
                0x00000000080018ac        0xc /opt/gcc-arm-none-eabi-10.3-2021.10/bin/../lib/gcc/arm-none-eabi/10.3.1/../../../../arm-none-eabi/lib/thumb/v7-m/nofp/libc_nano.a(lib_a-findfp.o)
                0x00000000080018ac                _cleanup_r
 .text.__sfmoreglue
                0x00000000080018b8       0x2c /opt/gcc-arm-none-eabi-10.3-2021.10/bin/../lib/gcc/arm-none-eabi/10.3.1/../../../../arm-none-eabi/lib/thumb/v7-m/nofp/libc_nano.a(lib_a-findfp.o)
                0x00000000080018b8                __sfmoreglue
 .text.__sfp_lock_acquire
                0x00000000080018e4        0xc /opt/gcc-arm-none-eabi-10.3-2021.10/bin/../lib/gcc/arm-none-eabi/10.3.1/../../../../arm-none-eabi/lib/thumb/v7-m/nofp/libc_nano.a(lib_a-findfp.o)
                0x00000000080018e4                __sfp_lock_acquire
 .text.__sfp_lock_release
                0x00000000080018f0        0xc /opt/gcc-arm-none-eabi-10.3-2021.10/bin/../lib/gcc/arm-none-eabi/10.3.1/../../../../arm-none-eabi/lib/thumb/v7-m/nofp/libc_nano.a(lib_a-findfp.o)
                0x00000000080018f0                __sfp_lock_release
 .text.__sinit_lock_acquire
                0x00000000080018fc        0xc /opt/gcc-arm-none-eabi-10.3-2021.10/bin/../lib/gcc/arm-none-eabi/10.3.1/../../../../arm-none-eabi/lib/thumb/v7-m/nofp/libc_nano.a(lib_a-findfp.o)
                0x00000000080018fc                __sinit_lock_acquire
 .text.__sinit_lock_release
                0x0000000008001908        0xc /opt/gcc-arm-none-eabi-10.3-2021.10/bin/../lib/gcc/arm-none-eabi/10.3.1/../../../../arm-none-eabi/lib/thumb/v7-m/nofp/libc_nano.a(lib_a-findfp.o)
                0x0000000008001908                __sinit_lock_release
 .text.__sinit  0x0000000008001914       0x70 /opt/gcc-arm-none-eabi-10.3-2021.10/bin/../lib/gcc/arm-none-eabi/10.3.1/../../../../arm-none-eabi/lib/thumb/v7-m/nofp/libc_nano.a(lib_a-findfp.o)
                0x0000000008001914                __sinit
 .text.__sfp    0x0000000008001984       0x8c /opt/gcc-arm-none-eabi-10.3-2021.10/bin/../lib/gcc/arm-none-eabi/10.3.1/../../../../arm-none-eabi/lib/thumb/v7-m/nofp/libc_nano.a(lib_a-findfp.o)
                0x0000000008001984                __sfp
 .text._fwalk_reent
                0x0000000008001a10       0x3e /opt/gcc-arm-none-eabi-10.3-2021.10/bin/../lib/gcc/arm-none-eabi/10.3.1/../../../../arm-none-eabi/lib/thumb/v7-m/nofp/libc_nano.a(lib_a-fwalk.o)
                0x0000000008001a10                _fwalk_reent
 .text.__retarget_lock_init_recursive
                0x0000000008001a4e        0x2 /opt/gcc-arm-none-eabi-10.3-2021.10/bin/../lib/gcc/arm-none-eabi/10.3.1/../../../../arm-none-eabi/lib/thumb/v7-m/nofp/libc_nano.a(lib_a-lock.o)
                0x0000000008001a4e                __retarget_lock_init_recursive
 .text.__retarget_lock_acquire_recursive
                0x0000000008001a50        0x2 /opt/gcc-arm-none-eabi-10.3-2021.10/bin/../lib/gcc/arm-none-eabi/10.3.1/../../../../arm-none-eabi/lib/thumb/v7-m/nofp/libc_nano.a(lib_a-lock.o)
                0x0000000008001a50                __retarget_lock_acquire_recursive
 .text.__retarget_lock_release_recursive
                0x0000000008001a52        0x2 /opt/gcc-arm-none-eabi-10.3-2021.10/bin/../lib/gcc/arm-none-eabi/10.3.1/../../../../arm-none-eabi/lib/thumb/v7-m/nofp/libc_nano.a(lib_a-lock.o)
                0x0000000008001a52                __retarget_lock_release_recursive
 .text.__swhatbuf_r
                0x0000000008001a54       0x4a /opt/gcc-arm-none-eabi-10.3-2021.10/bin/../lib/gcc/arm-none-eabi/10.3.1/../../../../arm-none-eabi/lib/thumb/v7-m/nofp/libc_nano.a(lib_a-makebuf.o)
                0x0000000008001a54                __swhatbuf_r
 *fill*         0x0000000008001a9e        0x2 
 .text.__smakebuf_r
                0x0000000008001aa0       0x80 /opt/gcc-arm-none-eabi-10.3-2021.10/bin/../lib/gcc/arm-none-eabi/10.3.1/../../../../arm-none-eabi/lib/thumb/v7-m/nofp/libc_nano.a(lib_a-makebuf.o)
                0x0000000008001aa0                __smakebuf_r
 .text.memset   0x0000000008001b20       0x10 /opt/gcc-arm-none-eabi-10.3-2021.10/bin/../lib/gcc/arm-none-eabi/10.3.1/../../../../arm-none-eabi/lib/thumb/v7-m/nofp/libc_nano.a(lib_a-memset.o)
                0x0000000008001b20                memset
 .text._free_r  0x0000000008001b30       0x90 /opt/gcc-arm-none-eabi-10.3-2021.10/bin/../lib/gcc/arm-none-eabi/10.3.1/../../../../arm-none-eabi/lib/thumb/v7-m/nofp/libc_nano.a(lib_a-nano-freer.o)
                0x0000000008001b30                _free_r
 .text.sbrk_aligned
                0x0000000008001bc0       0x40 /opt/gcc-arm-none-eabi-10.3-2021.10/bin/../lib/gcc/arm-none-eabi/10.3.1/../../../../arm-none-eabi/lib/thumb/v7-m/nofp/libc_nano.a(lib_a-nano-mallocr.o)
 .text._malloc_r
                0x0000000008001c00       0xe8 /opt/gcc-arm-none-eabi-10.3-2021.10/bin/../lib/gcc/arm-none-eabi/10.3.1/../../../../arm-none-eabi/lib/thumb/v7-m/nofp/libc_nano.a(lib_a-nano-mallocr.o)
                0x0000000008001c00                _malloc_r
 .text.__sfputc_r
                0x0000000008001ce8       0x2a /opt/gcc-arm-none-eabi-10.3-2021.10/bin/../lib/gcc/arm-none-eabi/10.3.1/../../../../arm-none-eabi/lib/thumb/v7-m/nofp/libc_nano.a(lib_a-nano-vfprintf.o)
 .text.__sfputs_r
                0x0000000008001d12       0x24 /opt/gcc-arm-none-eabi-10.3-2021.10/bin/../lib/gcc/arm-none-eabi/10.3.1/../../../../arm-none-eabi/lib/thumb/v7-m/nofp/libc_nano.a(lib_a-nano-vfprintf.o)
                0x0000000008001d12                __sfputs_r
 *fill*         0x0000000008001d36        0x2 
 .text._vfprintf_r
                0x0000000008001d38      0x260 /opt/gcc-arm-none-eabi-10.3-2021.10/bin/../lib/gcc/arm-none-eabi/10.3.1/../../../../arm-none-eabi/lib/thumb/v7-m/nofp/libc_nano.a(lib_a-nano-vfprintf.o)
                0x0000000008001d38                _vfiprintf_r
                0x0000000008001d38                _vfprintf_r
 .text._printf_common
                0x0000000008001f98       0xde /opt/gcc-arm-none-eabi-10.3-2021.10/bin/../lib/gcc/arm-none-eabi/10.3.1/../../../../arm-none-eabi/lib/thumb/v7-m/nofp/libc_nano.a(lib_a-nano-vfprintf_i.o)
                0x0000000008001f98                _printf_common
 *fill*         0x0000000008002076        0x2 
 .text._printf_i
                0x0000000008002078      0x24c /opt/gcc-arm-none-eabi-10.3-2021.10/bin/../lib/gcc/arm-none-eabi/10.3.1/../../../../arm-none-eabi/lib/thumb/v7-m/nofp/libc_nano.a(lib_a-nano-vfprintf_i.o)
                0x0000000008002078                _printf_i
 .text.__sread  0x00000000080022c4       0x22 /opt/gcc-arm-none-eabi-10.3-2021.10/bin/../lib/gcc/arm-none-eabi/10.3.1/../../../../arm-none-eabi/lib/thumb/v7-m/nofp/libc_nano.a(lib_a-stdio.o)
                0x00000000080022c4                __sread
 .text.__swrite
                0x00000000080022e6       0x38 /opt/gcc-arm-none-eabi-10.3-2021.10/bin/../lib/gcc/arm-none-eabi/10.3.1/../../../../arm-none-eabi/lib/thumb/v7-m/nofp/libc_nano.a(lib_a-stdio.o)
                0x00000000080022e6                __swrite
 .text.__sseek  0x000000000800231e       0x24 /opt/gcc-arm-none-eabi-10.3-2021.10/bin/../lib/gcc/arm-none-eabi/10.3.1/../../../../arm-none-eabi/lib/thumb/v7-m/nofp/libc_nano.a(lib_a-stdio.o)
                0x000000000800231e                __sseek
 .text.__sclose
                0x0000000008002342        0x8 /opt/gcc-arm-none-eabi-10.3-2021.10/bin/../lib/gcc/arm-none-eabi/10.3.1/../../../../arm-none-eabi/lib/thumb/v7-m/nofp/libc_nano.a(lib_a-stdio.o)
                0x0000000008002342                __sclose
 .text.memchr   0x000000000800234a       0x1c /opt/gcc-arm-none-eabi-10.3-2021.10/bin/../lib/gcc/arm-none-eabi/10.3.1/../../../../arm-none-eabi/lib/thumb/v7-m/nofp/libc_nano.a(lib_a-memchr-stub.o)
                0x000000000800234a                memchr
 *fill*         0x0000000008002366        0x2 
 .text.__malloc_lock
                0x0000000008002368        0xc /opt/gcc-arm-none-eabi-10.3-2021.10/bin/../lib/gcc/arm-none-eabi/10.3.1/../../../../arm-none-eabi/lib/thumb/v7-m/nofp/libc_nano.a(lib_a-mlock.o)
                0x0000000008002368                __malloc_lock
 .text.__malloc_unlock
                0x0000000008002374        0xc /opt/gcc-arm-none-eabi-10.3-2021.10/bin/../lib/gcc/arm-none-eabi/10.3.1/../../../../arm-none-eabi/lib/thumb/v7-m/nofp/libc_nano.a(lib_a-mlock.o)
                0x0000000008002374                __malloc_unlock
 *(.glue_7t)
 .glue_7t       0x0000000008002380        0x0 linker stubs
 *(.glue_7)
 .glue_7        0x0000000008002380        0x0 linker stubs
 *(.rodata .rodata* .gnu.linkonce.r.*)
 .rodata.nmi_default.str1.1
                0x0000000008002380        0xc /home/sokrat/RIOT/examples/hello-world/bin/unwd-range-l1-r3/cortexm_common.a(vectors_cortexm.o)
 .rodata.mem_manage_default.str1.1
                0x000000000800238c       0x13 /home/sokrat/RIOT/examples/hello-world/bin/unwd-range-l1-r3/cortexm_common.a(vectors_cortexm.o)
 .rodata.bus_fault_default.str1.1
                0x000000000800239f       0x12 /home/sokrat/RIOT/examples/hello-world/bin/unwd-range-l1-r3/cortexm_common.a(vectors_cortexm.o)
 .rodata.usage_fault_default.str1.1
                0x00000000080023b1       0x14 /home/sokrat/RIOT/examples/hello-world/bin/unwd-range-l1-r3/cortexm_common.a(vectors_cortexm.o)
 .rodata.debug_mon_default.str1.1
                0x00000000080023c5       0x12 /home/sokrat/RIOT/examples/hello-world/bin/unwd-range-l1-r3/cortexm_common.a(vectors_cortexm.o)
 .rodata.dummy_handler_default.str1.1
                0x00000000080023d7        0xe /home/sokrat/RIOT/examples/hello-world/bin/unwd-range-l1-r3/cortexm_common.a(vectors_cortexm.o)
 .rodata.hard_fault_handler.str1.1
                0x00000000080023e5      0x1f4 /home/sokrat/RIOT/examples/hello-world/bin/unwd-range-l1-r3/cortexm_common.a(vectors_cortexm.o)
 *fill*         0x00000000080025d9        0x3 
 .rodata.uart_config
                0x00000000080025dc       0x48 /home/sokrat/RIOT/examples/hello-world/bin/unwd-range-l1-r3/stm32_common_periph.a(pm.o)
 .rodata.uart_config
                0x0000000008002624       0x48 /home/sokrat/RIOT/examples/hello-world/bin/unwd-range-l1-r3/stm32_common_periph.a(uart.o)
 .rodata.core_panic.str1.1
                0x000000000800266c       0x2e /home/sokrat/RIOT/examples/hello-world/bin/unwd-range-l1-r3/core.a(panic.o)
 .rodata.assert_crash_message
                0x000000000800269a       0x12 /home/sokrat/RIOT/examples/hello-world/bin/unwd-range-l1-r3/core.a(panic.o)
                0x000000000800269a                assert_crash_message
 .rodata.main_trampoline.str1.1
                0x00000000080026ac       0x30 /home/sokrat/RIOT/examples/hello-world/bin/unwd-range-l1-r3/core.a(kernel_init.o)
 .rodata.str1.1
                0x00000000080026dc        0xa /home/sokrat/RIOT/examples/hello-world/bin/unwd-range-l1-r3/core.a(kernel_init.o)
 .rodata.CSWTCH.1
                0x00000000080026e6       0x22 /home/sokrat/RIOT/examples/hello-world/bin/unwd-range-l1-r3/stm32_common.a(stm_status.o)
 .rodata.main.str1.1
                0x0000000008002708       0x70 /home/sokrat/RIOT/examples/hello-world/bin/unwd-range-l1-r3/application_hello-world.a(main.o)
 .rodata._global_impure_ptr
                0x0000000008002778        0x4 /opt/gcc-arm-none-eabi-10.3-2021.10/bin/../lib/gcc/arm-none-eabi/10.3.1/../../../../arm-none-eabi/lib/thumb/v7-m/nofp/libc_nano.a(lib_a-impure.o)
                0x0000000008002778                _global_impure_ptr
 .rodata.__sf_fake_stderr
                0x000000000800277c       0x20 /opt/gcc-arm-none-eabi-10.3-2021.10/bin/../lib/gcc/arm-none-eabi/10.3.1/../../../../arm-none-eabi/lib/thumb/v7-m/nofp/libc_nano.a(lib_a-findfp.o)
                0x000000000800277c                __sf_fake_stderr
 .rodata.__sf_fake_stdin
                0x000000000800279c       0x20 /opt/gcc-arm-none-eabi-10.3-2021.10/bin/../lib/gcc/arm-none-eabi/10.3.1/../../../../arm-none-eabi/lib/thumb/v7-m/nofp/libc_nano.a(lib_a-findfp.o)
                0x000000000800279c                __sf_fake_stdin
 .rodata.__sf_fake_stdout
                0x00000000080027bc       0x20 /opt/gcc-arm-none-eabi-10.3-2021.10/bin/../lib/gcc/arm-none-eabi/10.3.1/../../../../arm-none-eabi/lib/thumb/v7-m/nofp/libc_nano.a(lib_a-findfp.o)
                0x00000000080027bc                __sf_fake_stdout
 .rodata._vfprintf_r.str1.1
                0x00000000080027dc       0x11 /opt/gcc-arm-none-eabi-10.3-2021.10/bin/../lib/gcc/arm-none-eabi/10.3.1/../../../../arm-none-eabi/lib/thumb/v7-m/nofp/libc_nano.a(lib_a-nano-vfprintf.o)
 .rodata._printf_i.str1.1
                0x00000000080027ed       0x22 /opt/gcc-arm-none-eabi-10.3-2021.10/bin/../lib/gcc/arm-none-eabi/10.3.1/../../../../arm-none-eabi/lib/thumb/v7-m/nofp/libc_nano.a(lib_a-nano-vfprintf_i.o)
 *(.ARM.extab* .gnu.linkonce.armextab.*)
                0x0000000008002810                . = ALIGN (0x4)
 *fill*         0x000000000800280f        0x1 
 *(.init)
                0x0000000008002810                . = ALIGN (0x4)
                0x0000000008002810                __preinit_array_start = .
 *(.preinit_array)
                0x0000000008002810                __preinit_array_end = .
                0x0000000008002810                . = ALIGN (0x4)
                0x0000000008002810                __init_array_start = .
 *(SORT_BY_NAME(.init_array.*))
 *(.init_array)
                0x0000000008002810                __init_array_end = .
                0x0000000008002810                . = ALIGN (0x4)
 *crtbegin.o(.ctors)
 *(EXCLUDE_FILE(*crtend.o) .ctors)
 *(SORT_BY_NAME(.ctors.*))
 *crtend.o(.ctors)
                0x0000000008002810                . = ALIGN (0x4)
 *(.fini)
                0x0000000008002810                . = ALIGN (0x4)
                0x0000000008002810                __fini_array_start = .
 *(.fini_array)
 *(SORT_BY_NAME(.fini_array.*))
                0x0000000008002810                __fini_array_end = .
 *crtbegin.o(.dtors)
 *(EXCLUDE_FILE(*crtend.o) .dtors)
 *(SORT_BY_NAME(.dtors.*))
 *crtend.o(.dtors)
                0x0000000008002810                . = ALIGN (0x4)
                0x0000000008002810                _efixed = .
                [!provide]                        PROVIDE (__exidx_start = .)

.vfp11_veneer   0x0000000008002810        0x0
 .vfp11_veneer  0x0000000008002810        0x0 linker stubs

.v4_bx          0x0000000008002810        0x0
 .v4_bx         0x0000000008002810        0x0 linker stubs

.iplt           0x0000000008002810        0x0
 .iplt          0x0000000008002810        0x0 /home/sokrat/RIOT/examples/hello-world/bin/unwd-range-l1-r3/cpu/vectors.o

.igot.plt       0x0000000008002810        0x0
 .igot.plt      0x0000000008002810        0x0 /home/sokrat/RIOT/examples/hello-world/bin/unwd-range-l1-r3/cpu/vectors.o

.rel.dyn        0x0000000008002810        0x0
 .rel.iplt      0x0000000008002810        0x0 /home/sokrat/RIOT/examples/hello-world/bin/unwd-range-l1-r3/cpu/vectors.o

.ARM.exidx
 *(.ARM.exidx* .gnu.linkonce.armexidx.*)
                [!provide]                        PROVIDE (__exidx_end = .)
                0x0000000008002810                . = ALIGN (0x4)

.eh_frame
 *(.eh_frame)
                0x0000000008002810                . = ALIGN (0x4)
                0x0000000008002810                _etext = .

.stack          0x0000000020000000      0x200
 *(.puf)
                0x0000000020000000                . = ALIGN (0x8)
                0x0000000020000000                _sstack = .
 *(.isr_stack)
 .isr_stack     0x0000000020000000      0x200 /home/sokrat/RIOT/examples/hello-world/bin/unwd-range-l1-r3/cortexm_common.a(vectors_cortexm.o)
                0x0000000020000000                isr_stack
                0x0000000020000200                . = ALIGN (0x8)
                0x0000000020000200                _estack = .

.relocate       0x0000000020000200       0x8c load address 0x0000000008002810
                0x0000000020000200                . = ALIGN (0x4)
                0x0000000020000200                _srelocate = .
 *(.ramfunc .ramfunc.*)
 *(.data .data.*)
 .data.heap_top
                0x0000000020000200        0x4 /home/sokrat/RIOT/examples/hello-world/bin/unwd-range-l1-r3/newlib_syscalls_default/syscalls.o
                0x0000000020000200                heap_top
 .data.stdio_uart_isrpipe
                0x0000000020000204       0x14 /home/sokrat/RIOT/examples/hello-world/bin/unwd-range-l1-r3/stdio_uart.a(stdio_uart.o)
                0x0000000020000204                stdio_uart_isrpipe
 .data.idle_name
                0x0000000020000218        0x4 /home/sokrat/RIOT/examples/hello-world/bin/unwd-range-l1-r3/core.a(kernel_init.o)
                0x0000000020000218                idle_name
 .data.main_name
                0x000000002000021c        0x4 /home/sokrat/RIOT/examples/hello-world/bin/unwd-range-l1-r3/core.a(kernel_init.o)
                0x000000002000021c                main_name
 .data.pm_blocker
                0x0000000020000220        0x4 /home/sokrat/RIOT/examples/hello-world/bin/unwd-range-l1-r3/pm_layered.a(pm.o)
                0x0000000020000220                pm_blocker
 .data._impure_ptr
                0x0000000020000224        0x4 /opt/gcc-arm-none-eabi-10.3-2021.10/bin/../lib/gcc/arm-none-eabi/10.3.1/../../../../arm-none-eabi/lib/thumb/v7-m/nofp/libc_nano.a(lib_a-impure.o)
                0x0000000020000224                _impure_ptr
 .data.impure_data
                0x0000000020000228       0x60 /opt/gcc-arm-none-eabi-10.3-2021.10/bin/../lib/gcc/arm-none-eabi/10.3.1/../../../../arm-none-eabi/lib/thumb/v7-m/nofp/libc_nano.a(lib_a-impure.o)
 *(.openocd .openocd.*)
 .openocd       0x0000000020000288        0x2 /home/sokrat/RIOT/examples/hello-world/bin/unwd-range-l1-r3/core.a(sched.o)
                0x0000000020000288                _tcb_name_offset
                0x0000000020000289                max_threads
                0x000000002000028c                . = ALIGN (0x4)
 *fill*         0x000000002000028a        0x2 
                0x000000002000028c                _erelocate = .

.noinit         0x000000002000028c        0x0 load address 0x000000000800289c
                0x000000002000028c                __noinit_start = .
 *(.noinit)
                0x000000002000028c                . = ALIGN (0x4)
                0x000000002000028c                __noinit_end = .

.bss            0x000000002000028c      0xedc load address 0x000000000800289c
                0x000000002000028c                . = ALIGN (0x4)
                0x000000002000028c                _sbss = .
                0x000000002000028c                _szero = .
 *(.bss .bss.*)
 .bss.runqueue_bitcache
                0x000000002000028c        0x4 /home/sokrat/RIOT/examples/hello-world/bin/unwd-range-l1-r3/core.a(sched.o)
 .bss.sched_active_pid
                0x0000000020000290        0x2 /home/sokrat/RIOT/examples/hello-world/bin/unwd-range-l1-r3/core.a(sched.o)
                0x0000000020000290                sched_active_pid
 *fill*         0x0000000020000292        0x2 
 .bss.sched_active_thread
                0x0000000020000294        0x4 /home/sokrat/RIOT/examples/hello-world/bin/unwd-range-l1-r3/core.a(sched.o)
                0x0000000020000294                sched_active_thread
 .bss.sched_context_switch_request
                0x0000000020000298        0x4 /home/sokrat/RIOT/examples/hello-world/bin/unwd-range-l1-r3/core.a(sched.o)
                0x0000000020000298                sched_context_switch_request
 .bss.sched_num_threads
                0x000000002000029c        0x4 /home/sokrat/RIOT/examples/hello-world/bin/unwd-range-l1-r3/core.a(sched.o)
                0x000000002000029c                sched_num_threads
 .bss.sched_runqueues
                0x00000000200002a0       0x40 /home/sokrat/RIOT/examples/hello-world/bin/unwd-range-l1-r3/core.a(sched.o)
                0x00000000200002a0                sched_runqueues
 .bss.sched_threads
                0x00000000200002e0       0x84 /home/sokrat/RIOT/examples/hello-world/bin/unwd-range-l1-r3/core.a(sched.o)
                0x00000000200002e0                sched_threads
 .bss._rx_buf_mem
                0x0000000020000364       0x40 /home/sokrat/RIOT/examples/hello-world/bin/unwd-range-l1-r3/stdio_uart.a(stdio_uart.o)
 .bss.lpm_gpio_brr
                0x00000000200003a4       0x10 /home/sokrat/RIOT/examples/hello-world/bin/unwd-range-l1-r3/stm32_common_periph.a(pm.o)
 .bss.lpm_gpio_moder
                0x00000000200003b4       0x20 /home/sokrat/RIOT/examples/hello-world/bin/unwd-range-l1-r3/stm32_common_periph.a(pm.o)
 .bss.lpm_gpio_otyper
                0x00000000200003d4       0x10 /home/sokrat/RIOT/examples/hello-world/bin/unwd-range-l1-r3/stm32_common_periph.a(pm.o)
 .bss.lpm_gpio_pupdr
                0x00000000200003e4       0x20 /home/sokrat/RIOT/examples/hello-world/bin/unwd-range-l1-r3/stm32_common_periph.a(pm.o)
 .bss.lpm_usart
                0x0000000020000404        0x3 /home/sokrat/RIOT/examples/hello-world/bin/unwd-range-l1-r3/stm32_common_periph.a(pm.o)
 .bss.powermode
                0x0000000020000407        0x1 /home/sokrat/RIOT/examples/hello-world/bin/unwd-range-l1-r3/stm32_common_periph.a(pm.o)
 .bss.isr_ctx   0x0000000020000408       0x24 /home/sokrat/RIOT/examples/hello-world/bin/unwd-range-l1-r3/stm32_common_periph.a(uart.o)
 .bss.crashed   0x000000002000042c        0x4 /home/sokrat/RIOT/examples/hello-world/bin/unwd-range-l1-r3/core.a(panic.o)
 .bss.idle_stack
                0x0000000020000430      0x100 /home/sokrat/RIOT/examples/hello-world/bin/unwd-range-l1-r3/core.a(kernel_init.o)
 .bss.main_stack
                0x0000000020000530      0xc00 /home/sokrat/RIOT/examples/hello-world/bin/unwd-range-l1-r3/core.a(kernel_init.o)
 .bss.clock_source_rdy
                0x0000000020001130        0x4 /home/sokrat/RIOT/examples/hello-world/bin/unwd-range-l1-r3/stm32_common.a(stmclk_l0l1.o)
 .bss.cpu_status
                0x0000000020001134       0x28 /home/sokrat/RIOT/examples/hello-world/bin/unwd-range-l1-r3/stm32_common.a(stm_status.o)
                0x0000000020001134                cpu_status
 .bss.__lock___malloc_recursive_mutex
                0x000000002000115c        0x1 /opt/gcc-arm-none-eabi-10.3-2021.10/bin/../lib/gcc/arm-none-eabi/10.3.1/../../../../arm-none-eabi/lib/thumb/v7-m/nofp/libc_nano.a(lib_a-lock.o)
                0x000000002000115c                __lock___malloc_recursive_mutex
 .bss.__lock___sfp_recursive_mutex
                0x000000002000115d        0x1 /opt/gcc-arm-none-eabi-10.3-2021.10/bin/../lib/gcc/arm-none-eabi/10.3.1/../../../../arm-none-eabi/lib/thumb/v7-m/nofp/libc_nano.a(lib_a-lock.o)
                0x000000002000115d                __lock___sfp_recursive_mutex
 .bss.__lock___sinit_recursive_mutex
                0x000000002000115e        0x1 /opt/gcc-arm-none-eabi-10.3-2021.10/bin/../lib/gcc/arm-none-eabi/10.3.1/../../../../arm-none-eabi/lib/thumb/v7-m/nofp/libc_nano.a(lib_a-lock.o)
                0x000000002000115e                __lock___sinit_recursive_mutex
 *fill*         0x000000002000115f        0x1 
 .bss.__malloc_free_list
                0x0000000020001160        0x4 /opt/gcc-arm-none-eabi-10.3-2021.10/bin/../lib/gcc/arm-none-eabi/10.3.1/../../../../arm-none-eabi/lib/thumb/v7-m/nofp/libc_nano.a(lib_a-nano-mallocr.o)
                0x0000000020001160                __malloc_free_list
 .bss.__malloc_sbrk_start
                0x0000000020001164        0x4 /opt/gcc-arm-none-eabi-10.3-2021.10/bin/../lib/gcc/arm-none-eabi/10.3.1/../../../../arm-none-eabi/lib/thumb/v7-m/nofp/libc_nano.a(lib_a-nano-mallocr.o)
                0x0000000020001164                __malloc_sbrk_start
 *(COMMON)
                0x0000000020001168                . = ALIGN (0x4)
                0x0000000020001168                _ebss = .
                0x0000000020001168                _ezero = .
                0x0000000020001168                . = ALIGN (0x4)
                0x0000000020001168                _sheap = .
                0x0000000020014000                _eheap = (ORIGIN (ram) + LENGTH (ram))
                0x0000000020000000                _sram = ORIGIN (ram)
                0x0000000020014000                _eram = (ORIGIN (ram) + LENGTH (ram))
OUTPUT(/home/sokrat/RIOT/examples/hello-world/bin/unwd-range-l1-r3/hello-world.elf elf32-littlearm)
LOAD linker stubs

.debug_info     0x0000000000000000    0x11451
 .debug_info    0x0000000000000000       0xdb /home/sokrat/RIOT/examples/hello-world/bin/unwd-range-l1-r3/cpu/vectors.o
 .debug_info    0x00000000000000db     0x10fe /home/sokrat/RIOT/examples/hello-world/bin/unwd-range-l1-r3/newlib_syscalls_default/syscalls.o
 .debug_info    0x00000000000011d9      0x717 /home/sokrat/RIOT/examples/hello-world/bin/unwd-range-l1-r3/core.a(sched.o)
 .debug_info    0x00000000000018f0      0x7df /home/sokrat/RIOT/examples/hello-world/bin/unwd-range-l1-r3/cortexm_common.a(thread_arch.o)
 .debug_info    0x00000000000020cf      0xa3f /home/sokrat/RIOT/examples/hello-world/bin/unwd-range-l1-r3/cortexm_common.a(vectors_cortexm.o)
 .debug_info    0x0000000000002b0e      0x23f /home/sokrat/RIOT/examples/hello-world/bin/unwd-range-l1-r3/cortexm_common.a(irq_arch.o)
 .debug_info    0x0000000000002d4d      0xfb1 /home/sokrat/RIOT/examples/hello-world/bin/unwd-range-l1-r3/stdio_uart.a(stdio_uart.o)
 .debug_info    0x0000000000003cfe     0x16c0 /home/sokrat/RIOT/examples/hello-world/bin/unwd-range-l1-r3/stm32_common_periph.a(pm.o)
 .debug_info    0x00000000000053be     0x1a0b /home/sokrat/RIOT/examples/hello-world/bin/unwd-range-l1-r3/stm32_common_periph.a(uart.o)
 .debug_info    0x0000000000006dc9     0x170d /home/sokrat/RIOT/examples/hello-world/bin/unwd-range-l1-r3/stm32_common_periph.a(gpio.o)
 .debug_info    0x00000000000084d6      0xdff /home/sokrat/RIOT/examples/hello-world/bin/unwd-range-l1-r3/boards_common_unwd.a(board.o)
 .debug_info    0x00000000000092d5      0x2a6 /home/sokrat/RIOT/examples/hello-world/bin/unwd-range-l1-r3/core.a(panic.o)
 .debug_info    0x000000000000957b      0x2b8 /home/sokrat/RIOT/examples/hello-world/bin/unwd-range-l1-r3/core.a(kernel_init.o)
 .debug_info    0x0000000000009833      0xac9 /home/sokrat/RIOT/examples/hello-world/bin/unwd-range-l1-r3/core.a(thread.o)
 .debug_info    0x000000000000a2fc      0x8e4 /home/sokrat/RIOT/examples/hello-world/bin/unwd-range-l1-r3/cortexm_common.a(cortexm_init.o)
 .debug_info    0x000000000000abe0     0x14b3 /home/sokrat/RIOT/examples/hello-world/bin/unwd-range-l1-r3/isrpipe.a(isrpipe.o)
 .debug_info    0x000000000000c093      0x2a5 /home/sokrat/RIOT/examples/hello-world/bin/unwd-range-l1-r3/pm_layered.a(pm.o)
 .debug_info    0x000000000000c338     0x1057 /home/sokrat/RIOT/examples/hello-world/bin/unwd-range-l1-r3/stm32_common.a(cpu_init.o)
 .debug_info    0x000000000000d38f     0x11ca /home/sokrat/RIOT/examples/hello-world/bin/unwd-range-l1-r3/stm32_common.a(stmclk_l0l1.o)
 .debug_info    0x000000000000e559     0x115f /home/sokrat/RIOT/examples/hello-world/bin/unwd-range-l1-r3/stm32_common.a(cpu_common.o)
 .debug_info    0x000000000000f6b8     0x1099 /home/sokrat/RIOT/examples/hello-world/bin/unwd-range-l1-r3/stm32_common.a(stm_status.o)
 .debug_info    0x0000000000010751      0x418 /home/sokrat/RIOT/examples/hello-world/bin/unwd-range-l1-r3/tsrb.a(tsrb.o)
 .debug_info    0x0000000000010b69       0x3c /home/sokrat/RIOT/examples/hello-world/bin/unwd-range-l1-r3/periph_common.a(init.o)
 .debug_info    0x0000000000010ba5       0xfd /home/sokrat/RIOT/examples/hello-world/bin/unwd-range-l1-r3/application_hello-world.a(main.o)
 .debug_info    0x0000000000010ca2       0x89 /home/sokrat/RIOT/examples/hello-world/bin/unwd-range-l1-r3/auto_init.a(auto_init.o)
 .debug_info    0x0000000000010d2b      0x726 /home/sokrat/RIOT/examples/hello-world/bin/unwd-range-l1-r3/core.a(mutex.o)

.debug_abbrev   0x0000000000000000     0x37e3
 .debug_abbrev  0x0000000000000000       0xb5 /home/sokrat/RIOT/examples/hello-world/bin/unwd-range-l1-r3/cpu/vectors.o
 .debug_abbrev  0x00000000000000b5      0x3ad /home/sokrat/RIOT/examples/hello-world/bin/unwd-range-l1-r3/newlib_syscalls_default/syscalls.o
 .debug_abbrev  0x0000000000000462      0x2f8 /home/sokrat/RIOT/examples/hello-world/bin/unwd-range-l1-r3/core.a(sched.o)
 .debug_abbrev  0x000000000000075a      0x31b /home/sokrat/RIOT/examples/hello-world/bin/unwd-range-l1-r3/cortexm_common.a(thread_arch.o)
 .debug_abbrev  0x0000000000000a75      0x333 /home/sokrat/RIOT/examples/hello-world/bin/unwd-range-l1-r3/cortexm_common.a(vectors_cortexm.o)
 .debug_abbrev  0x0000000000000da8      0x172 /home/sokrat/RIOT/examples/hello-world/bin/unwd-range-l1-r3/cortexm_common.a(irq_arch.o)
 .debug_abbrev  0x0000000000000f1a      0x212 /home/sokrat/RIOT/examples/hello-world/bin/unwd-range-l1-r3/stdio_uart.a(stdio_uart.o)
 .debug_abbrev  0x000000000000112c      0x374 /home/sokrat/RIOT/examples/hello-world/bin/unwd-range-l1-r3/stm32_common_periph.a(pm.o)
 .debug_abbrev  0x00000000000014a0      0x43c /home/sokrat/RIOT/examples/hello-world/bin/unwd-range-l1-r3/stm32_common_periph.a(uart.o)
 .debug_abbrev  0x00000000000018dc      0x341 /home/sokrat/RIOT/examples/hello-world/bin/unwd-range-l1-r3/stm32_common_periph.a(gpio.o)
 .debug_abbrev  0x0000000000001c1d      0x17b /home/sokrat/RIOT/examples/hello-world/bin/unwd-range-l1-r3/boards_common_unwd.a(board.o)
 .debug_abbrev  0x0000000000001d98      0x183 /home/sokrat/RIOT/examples/hello-world/bin/unwd-range-l1-r3/core.a(panic.o)
 .debug_abbrev  0x0000000000001f1b      0x144 /home/sokrat/RIOT/examples/hello-world/bin/unwd-range-l1-r3/core.a(kernel_init.o)
 .debug_abbrev  0x000000000000205f      0x304 /home/sokrat/RIOT/examples/hello-world/bin/unwd-range-l1-r3/core.a(thread.o)
 .debug_abbrev  0x0000000000002363      0x2c8 /home/sokrat/RIOT/examples/hello-world/bin/unwd-range-l1-r3/cortexm_common.a(cortexm_init.o)
 .debug_abbrev  0x000000000000262b      0x31a /home/sokrat/RIOT/examples/hello-world/bin/unwd-range-l1-r3/isrpipe.a(isrpipe.o)
 .debug_abbrev  0x0000000000002945      0x13b /home/sokrat/RIOT/examples/hello-world/bin/unwd-range-l1-r3/pm_layered.a(pm.o)
 .debug_abbrev  0x0000000000002a80      0x1cc /home/sokrat/RIOT/examples/hello-world/bin/unwd-range-l1-r3/stm32_common.a(cpu_init.o)
 .debug_abbrev  0x0000000000002c4c      0x203 /home/sokrat/RIOT/examples/hello-world/bin/unwd-range-l1-r3/stm32_common.a(stmclk_l0l1.o)
 .debug_abbrev  0x0000000000002e4f      0x27a /home/sokrat/RIOT/examples/hello-world/bin/unwd-range-l1-r3/stm32_common.a(cpu_common.o)
 .debug_abbrev  0x00000000000030c9      0x20e /home/sokrat/RIOT/examples/hello-world/bin/unwd-range-l1-r3/stm32_common.a(stm_status.o)
 .debug_abbrev  0x00000000000032d7      0x1a8 /home/sokrat/RIOT/examples/hello-world/bin/unwd-range-l1-r3/tsrb.a(tsrb.o)
 .debug_abbrev  0x000000000000347f       0x31 /home/sokrat/RIOT/examples/hello-world/bin/unwd-range-l1-r3/periph_common.a(init.o)
 .debug_abbrev  0x00000000000034b0       0x82 /home/sokrat/RIOT/examples/hello-world/bin/unwd-range-l1-r3/application_hello-world.a(main.o)
 .debug_abbrev  0x0000000000003532       0x47 /home/sokrat/RIOT/examples/hello-world/bin/unwd-range-l1-r3/auto_init.a(auto_init.o)
 .debug_abbrev  0x0000000000003579      0x26a /home/sokrat/RIOT/examples/hello-world/bin/unwd-range-l1-r3/core.a(mutex.o)

.debug_aranges  0x0000000000000000      0x658
 .debug_aranges
                0x0000000000000000       0x20 /home/sokrat/RIOT/examples/hello-world/bin/unwd-range-l1-r3/cpu/vectors.o
 .debug_aranges
                0x0000000000000020       0xb0 /home/sokrat/RIOT/examples/hello-world/bin/unwd-range-l1-r3/newlib_syscalls_default/syscalls.o
 .debug_aranges
                0x00000000000000d0       0x38 /home/sokrat/RIOT/examples/hello-world/bin/unwd-range-l1-r3/core.a(sched.o)
 .debug_aranges
                0x0000000000000108       0x60 /home/sokrat/RIOT/examples/hello-world/bin/unwd-range-l1-r3/cortexm_common.a(thread_arch.o)
 .debug_aranges
                0x0000000000000168       0x68 /home/sokrat/RIOT/examples/hello-world/bin/unwd-range-l1-r3/cortexm_common.a(vectors_cortexm.o)
 .debug_aranges
                0x00000000000001d0       0x38 /home/sokrat/RIOT/examples/hello-world/bin/unwd-range-l1-r3/cortexm_common.a(irq_arch.o)
 .debug_aranges
                0x0000000000000208       0x30 /home/sokrat/RIOT/examples/hello-world/bin/unwd-range-l1-r3/stdio_uart.a(stdio_uart.o)
 .debug_aranges
                0x0000000000000238       0x38 /home/sokrat/RIOT/examples/hello-world/bin/unwd-range-l1-r3/stm32_common_periph.a(pm.o)
 .debug_aranges
                0x0000000000000270       0x68 /home/sokrat/RIOT/examples/hello-world/bin/unwd-range-l1-r3/stm32_common_periph.a(uart.o)
 .debug_aranges
                0x00000000000002d8       0x70 /home/sokrat/RIOT/examples/hello-world/bin/unwd-range-l1-r3/stm32_common_periph.a(gpio.o)
 .debug_aranges
                0x0000000000000348       0x20 /home/sokrat/RIOT/examples/hello-world/bin/unwd-range-l1-r3/boards_common_unwd.a(board.o)
 .debug_aranges
                0x0000000000000368       0x28 /home/sokrat/RIOT/examples/hello-world/bin/unwd-range-l1-r3/core.a(panic.o)
 .debug_aranges
                0x0000000000000390       0x30 /home/sokrat/RIOT/examples/hello-world/bin/unwd-range-l1-r3/core.a(kernel_init.o)
 .debug_aranges
                0x00000000000003c0       0x60 /home/sokrat/RIOT/examples/hello-world/bin/unwd-range-l1-r3/core.a(thread.o)
 .debug_aranges
                0x0000000000000420       0x38 /home/sokrat/RIOT/examples/hello-world/bin/unwd-range-l1-r3/cortexm_common.a(cortexm_init.o)
 .debug_aranges
                0x0000000000000458       0x48 /home/sokrat/RIOT/examples/hello-world/bin/unwd-range-l1-r3/isrpipe.a(isrpipe.o)
 .debug_aranges
                0x00000000000004a0       0x30 /home/sokrat/RIOT/examples/hello-world/bin/unwd-range-l1-r3/pm_layered.a(pm.o)
 .debug_aranges
                0x00000000000004d0       0x20 /home/sokrat/RIOT/examples/hello-world/bin/unwd-range-l1-r3/stm32_common.a(cpu_init.o)
 .debug_aranges
                0x00000000000004f0       0x30 /home/sokrat/RIOT/examples/hello-world/bin/unwd-range-l1-r3/stm32_common.a(stmclk_l0l1.o)
 .debug_aranges
                0x0000000000000520       0x40 /home/sokrat/RIOT/examples/hello-world/bin/unwd-range-l1-r3/stm32_common.a(cpu_common.o)
 .debug_aranges
                0x0000000000000560       0x20 /home/sokrat/RIOT/examples/hello-world/bin/unwd-range-l1-r3/stm32_common.a(stm_status.o)
 .debug_aranges
                0x0000000000000580       0x48 /home/sokrat/RIOT/examples/hello-world/bin/unwd-range-l1-r3/tsrb.a(tsrb.o)
 .debug_aranges
                0x00000000000005c8       0x20 /home/sokrat/RIOT/examples/hello-world/bin/unwd-range-l1-r3/periph_common.a(init.o)
 .debug_aranges
                0x00000000000005e8       0x20 /home/sokrat/RIOT/examples/hello-world/bin/unwd-range-l1-r3/application_hello-world.a(main.o)
 .debug_aranges
                0x0000000000000608       0x20 /home/sokrat/RIOT/examples/hello-world/bin/unwd-range-l1-r3/auto_init.a(auto_init.o)
 .debug_aranges
                0x0000000000000628       0x30 /home/sokrat/RIOT/examples/hello-world/bin/unwd-range-l1-r3/core.a(mutex.o)

.debug_ranges   0x0000000000000000      0xb50
 .debug_ranges  0x0000000000000000       0x10 /home/sokrat/RIOT/examples/hello-world/bin/unwd-range-l1-r3/cpu/vectors.o
 .debug_ranges  0x0000000000000010       0xa0 /home/sokrat/RIOT/examples/hello-world/bin/unwd-range-l1-r3/newlib_syscalls_default/syscalls.o
 .debug_ranges  0x00000000000000b0       0x90 /home/sokrat/RIOT/examples/hello-world/bin/unwd-range-l1-r3/core.a(sched.o)
 .debug_ranges  0x0000000000000140       0xa0 /home/sokrat/RIOT/examples/hello-world/bin/unwd-range-l1-r3/cortexm_common.a(thread_arch.o)
 .debug_ranges  0x00000000000001e0       0x58 /home/sokrat/RIOT/examples/hello-world/bin/unwd-range-l1-r3/cortexm_common.a(vectors_cortexm.o)
 .debug_ranges  0x0000000000000238       0x28 /home/sokrat/RIOT/examples/hello-world/bin/unwd-range-l1-r3/cortexm_common.a(irq_arch.o)
 .debug_ranges  0x0000000000000260       0x20 /home/sokrat/RIOT/examples/hello-world/bin/unwd-range-l1-r3/stdio_uart.a(stdio_uart.o)
 .debug_ranges  0x0000000000000280       0xa0 /home/sokrat/RIOT/examples/hello-world/bin/unwd-range-l1-r3/stm32_common_periph.a(pm.o)
 .debug_ranges  0x0000000000000320      0x160 /home/sokrat/RIOT/examples/hello-world/bin/unwd-range-l1-r3/stm32_common_periph.a(uart.o)
 .debug_ranges  0x0000000000000480      0x1b0 /home/sokrat/RIOT/examples/hello-world/bin/unwd-range-l1-r3/stm32_common_periph.a(gpio.o)
 .debug_ranges  0x0000000000000630       0x10 /home/sokrat/RIOT/examples/hello-world/bin/unwd-range-l1-r3/boards_common_unwd.a(board.o)
 .debug_ranges  0x0000000000000640       0x18 /home/sokrat/RIOT/examples/hello-world/bin/unwd-range-l1-r3/core.a(panic.o)
 .debug_ranges  0x0000000000000658       0x20 /home/sokrat/RIOT/examples/hello-world/bin/unwd-range-l1-r3/core.a(kernel_init.o)
 .debug_ranges  0x0000000000000678       0xc0 /home/sokrat/RIOT/examples/hello-world/bin/unwd-range-l1-r3/core.a(thread.o)
 .debug_ranges  0x0000000000000738       0xb0 /home/sokrat/RIOT/examples/hello-world/bin/unwd-range-l1-r3/cortexm_common.a(cortexm_init.o)
 .debug_ranges  0x00000000000007e8       0x78 /home/sokrat/RIOT/examples/hello-world/bin/unwd-range-l1-r3/isrpipe.a(isrpipe.o)
 .debug_ranges  0x0000000000000860       0x20 /home/sokrat/RIOT/examples/hello-world/bin/unwd-range-l1-r3/pm_layered.a(pm.o)
 .debug_ranges  0x0000000000000880       0x10 /home/sokrat/RIOT/examples/hello-world/bin/unwd-range-l1-r3/stm32_common.a(cpu_init.o)
 .debug_ranges  0x0000000000000890       0x38 /home/sokrat/RIOT/examples/hello-world/bin/unwd-range-l1-r3/stm32_common.a(stmclk_l0l1.o)
 .debug_ranges  0x00000000000008c8       0x30 /home/sokrat/RIOT/examples/hello-world/bin/unwd-range-l1-r3/stm32_common.a(cpu_common.o)
 .debug_ranges  0x00000000000008f8      0x110 /home/sokrat/RIOT/examples/hello-world/bin/unwd-range-l1-r3/stm32_common.a(stm_status.o)
 .debug_ranges  0x0000000000000a08       0x98 /home/sokrat/RIOT/examples/hello-world/bin/unwd-range-l1-r3/tsrb.a(tsrb.o)
 .debug_ranges  0x0000000000000aa0       0x10 /home/sokrat/RIOT/examples/hello-world/bin/unwd-range-l1-r3/periph_common.a(init.o)
 .debug_ranges  0x0000000000000ab0       0x10 /home/sokrat/RIOT/examples/hello-world/bin/unwd-range-l1-r3/application_hello-world.a(main.o)
 .debug_ranges  0x0000000000000ac0       0x10 /home/sokrat/RIOT/examples/hello-world/bin/unwd-range-l1-r3/auto_init.a(auto_init.o)
 .debug_ranges  0x0000000000000ad0       0x80 /home/sokrat/RIOT/examples/hello-world/bin/unwd-range-l1-r3/core.a(mutex.o)

.debug_macro    0x0000000000000000    0x211cc
 .debug_macro   0x0000000000000000       0xe2 /home/sokrat/RIOT/examples/hello-world/bin/unwd-range-l1-r3/cpu/vectors.o
 .debug_macro   0x00000000000000e2      0xa60 /home/sokrat/RIOT/examples/hello-world/bin/unwd-range-l1-r3/cpu/vectors.o
 .debug_macro   0x0000000000000b42       0xee /home/sokrat/RIOT/examples/hello-world/bin/unwd-range-l1-r3/cpu/vectors.o
 .debug_macro   0x0000000000000c30       0x22 /home/sokrat/RIOT/examples/hello-world/bin/unwd-range-l1-r3/cpu/vectors.o
 .debug_macro   0x0000000000000c52       0x56 /home/sokrat/RIOT/examples/hello-world/bin/unwd-range-l1-r3/cpu/vectors.o
 .debug_macro   0x0000000000000ca8       0x51 /home/sokrat/RIOT/examples/hello-world/bin/unwd-range-l1-r3/cpu/vectors.o
 .debug_macro   0x0000000000000cf9      0x103 /home/sokrat/RIOT/examples/hello-world/bin/unwd-range-l1-r3/cpu/vectors.o
 .debug_macro   0x0000000000000dfc       0x6a /home/sokrat/RIOT/examples/hello-world/bin/unwd-range-l1-r3/cpu/vectors.o
 .debug_macro   0x0000000000000e66      0x1df /home/sokrat/RIOT/examples/hello-world/bin/unwd-range-l1-r3/cpu/vectors.o
 .debug_macro   0x0000000000001045       0x10 /home/sokrat/RIOT/examples/hello-world/bin/unwd-range-l1-r3/cpu/vectors.o
 .debug_macro   0x0000000000001055       0x2e /home/sokrat/RIOT/examples/hello-world/bin/unwd-range-l1-r3/cpu/vectors.o
 .debug_macro   0x0000000000001083       0x70 /home/sokrat/RIOT/examples/hello-world/bin/unwd-range-l1-r3/cpu/vectors.o
 .debug_macro   0x00000000000010f3       0x1c /home/sokrat/RIOT/examples/hello-world/bin/unwd-range-l1-r3/cpu/vectors.o
 .debug_macro   0x000000000000110f       0x22 /home/sokrat/RIOT/examples/hello-world/bin/unwd-range-l1-r3/cpu/vectors.o
 .debug_macro   0x0000000000001131       0xbd /home/sokrat/RIOT/examples/hello-world/bin/unwd-range-l1-r3/cpu/vectors.o
 .debug_macro   0x00000000000011ee      0xe49 /home/sokrat/RIOT/examples/hello-world/bin/unwd-range-l1-r3/cpu/vectors.o
 .debug_macro   0x0000000000002037      0x11f /home/sokrat/RIOT/examples/hello-world/bin/unwd-range-l1-r3/cpu/vectors.o
 .debug_macro   0x0000000000002156     0x72f1 /home/sokrat/RIOT/examples/hello-world/bin/unwd-range-l1-r3/cpu/vectors.o
 .debug_macro   0x0000000000009447       0x6a /home/sokrat/RIOT/examples/hello-world/bin/unwd-range-l1-r3/cpu/vectors.o
 .debug_macro   0x00000000000094b1       0x16 /home/sokrat/RIOT/examples/hello-world/bin/unwd-range-l1-r3/cpu/vectors.o
 .debug_macro   0x00000000000094c7      0x425 /home/sokrat/RIOT/examples/hello-world/bin/unwd-range-l1-r3/newlib_syscalls_default/syscalls.o
 .debug_macro   0x00000000000098ec      0xa60 /home/sokrat/RIOT/examples/hello-world/bin/unwd-range-l1-r3/newlib_syscalls_default/syscalls.o
 .debug_macro   0x000000000000a34c       0x4c /home/sokrat/RIOT/examples/hello-world/bin/unwd-range-l1-r3/newlib_syscalls_default/syscalls.o
 .debug_macro   0x000000000000a398       0x18 /home/sokrat/RIOT/examples/hello-world/bin/unwd-range-l1-r3/newlib_syscalls_default/syscalls.o
 .debug_macro   0x000000000000a3b0       0x5c /home/sokrat/RIOT/examples/hello-world/bin/unwd-range-l1-r3/newlib_syscalls_default/syscalls.o
 .debug_macro   0x000000000000a40c       0x3c /home/sokrat/RIOT/examples/hello-world/bin/unwd-range-l1-r3/newlib_syscalls_default/syscalls.o
 .debug_macro   0x000000000000a448       0x34 /home/sokrat/RIOT/examples/hello-world/bin/unwd-range-l1-r3/newlib_syscalls_default/syscalls.o
 .debug_macro   0x000000000000a47c       0x10 /home/sokrat/RIOT/examples/hello-world/bin/unwd-range-l1-r3/newlib_syscalls_default/syscalls.o
 .debug_macro   0x000000000000a48c       0x57 /home/sokrat/RIOT/examples/hello-world/bin/unwd-range-l1-r3/newlib_syscalls_default/syscalls.o
 .debug_macro   0x000000000000a4e3       0xcf /home/sokrat/RIOT/examples/hello-world/bin/unwd-range-l1-r3/newlib_syscalls_default/syscalls.o
 .debug_macro   0x000000000000a5b2      0x35d /home/sokrat/RIOT/examples/hello-world/bin/unwd-range-l1-r3/newlib_syscalls_default/syscalls.o
 .debug_macro   0x000000000000a90f       0x10 /home/sokrat/RIOT/examples/hello-world/bin/unwd-range-l1-r3/newlib_syscalls_default/syscalls.o
 .debug_macro   0x000000000000a91f       0x16 /home/sokrat/RIOT/examples/hello-world/bin/unwd-range-l1-r3/newlib_syscalls_default/syscalls.o
 .debug_macro   0x000000000000a935       0x20 /home/sokrat/RIOT/examples/hello-world/bin/unwd-range-l1-r3/newlib_syscalls_default/syscalls.o
 .debug_macro   0x000000000000a955       0x34 /home/sokrat/RIOT/examples/hello-world/bin/unwd-range-l1-r3/newlib_syscalls_default/syscalls.o
 .debug_macro   0x000000000000a989       0xb2 /home/sokrat/RIOT/examples/hello-world/bin/unwd-range-l1-r3/newlib_syscalls_default/syscalls.o
 .debug_macro   0x000000000000aa3b       0xb7 /home/sokrat/RIOT/examples/hello-world/bin/unwd-range-l1-r3/newlib_syscalls_default/syscalls.o
 .debug_macro   0x000000000000aaf2      0x4fe /home/sokrat/RIOT/examples/hello-world/bin/unwd-range-l1-r3/newlib_syscalls_default/syscalls.o
 .debug_macro   0x000000000000aff0       0x10 /home/sokrat/RIOT/examples/hello-world/bin/unwd-range-l1-r3/newlib_syscalls_default/syscalls.o
 .debug_macro   0x000000000000b000       0x58 /home/sokrat/RIOT/examples/hello-world/bin/unwd-range-l1-r3/newlib_syscalls_default/syscalls.o
 .debug_macro   0x000000000000b058       0x71 /home/sokrat/RIOT/examples/hello-world/bin/unwd-range-l1-r3/newlib_syscalls_default/syscalls.o
 .debug_macro   0x000000000000b0c9       0x35 /home/sokrat/RIOT/examples/hello-world/bin/unwd-range-l1-r3/newlib_syscalls_default/syscalls.o
 .debug_macro   0x000000000000b0fe       0x10 /home/sokrat/RIOT/examples/hello-world/bin/unwd-range-l1-r3/newlib_syscalls_default/syscalls.o
 .debug_macro   0x000000000000b10e      0x12a /home/sokrat/RIOT/examples/hello-world/bin/unwd-range-l1-r3/newlib_syscalls_default/syscalls.o
 .debug_macro   0x000000000000b238       0x10 /home/sokrat/RIOT/examples/hello-world/bin/unwd-range-l1-r3/newlib_syscalls_default/syscalls.o
 .debug_macro   0x000000000000b248       0x35 /home/sokrat/RIOT/examples/hello-world/bin/unwd-range-l1-r3/newlib_syscalls_default/syscalls.o
 .debug_macro   0x000000000000b27d       0x10 /home/sokrat/RIOT/examples/hello-world/bin/unwd-range-l1-r3/newlib_syscalls_default/syscalls.o
 .debug_macro   0x000000000000b28d      0x241 /home/sokrat/RIOT/examples/hello-world/bin/unwd-range-l1-r3/newlib_syscalls_default/syscalls.o
 .debug_macro   0x000000000000b4ce       0x16 /home/sokrat/RIOT/examples/hello-world/bin/unwd-range-l1-r3/newlib_syscalls_default/syscalls.o
 .debug_macro   0x000000000000b4e4       0x10 /home/sokrat/RIOT/examples/hello-world/bin/unwd-range-l1-r3/newlib_syscalls_default/syscalls.o
 .debug_macro   0x000000000000b4f4       0x16 /home/sokrat/RIOT/examples/hello-world/bin/unwd-range-l1-r3/newlib_syscalls_default/syscalls.o
 .debug_macro   0x000000000000b50a       0xff /home/sokrat/RIOT/examples/hello-world/bin/unwd-range-l1-r3/newlib_syscalls_default/syscalls.o
 .debug_macro   0x000000000000b609       0x16 /home/sokrat/RIOT/examples/hello-world/bin/unwd-range-l1-r3/newlib_syscalls_default/syscalls.o
 .debug_macro   0x000000000000b61f       0x22 /home/sokrat/RIOT/examples/hello-world/bin/unwd-range-l1-r3/newlib_syscalls_default/syscalls.o
 .debug_macro   0x000000000000b641       0x16 /home/sokrat/RIOT/examples/hello-world/bin/unwd-range-l1-r3/newlib_syscalls_default/syscalls.o
 .debug_macro   0x000000000000b657       0x16 /home/sokrat/RIOT/examples/hello-world/bin/unwd-range-l1-r3/newlib_syscalls_default/syscalls.o
 .debug_macro   0x000000000000b66d       0x10 /home/sokrat/RIOT/examples/hello-world/bin/unwd-range-l1-r3/newlib_syscalls_default/syscalls.o
 .debug_macro   0x000000000000b67d       0x10 /home/sokrat/RIOT/examples/hello-world/bin/unwd-range-l1-r3/newlib_syscalls_default/syscalls.o
 .debug_macro   0x000000000000b68d       0x2e /home/sokrat/RIOT/examples/hello-world/bin/unwd-range-l1-r3/newlib_syscalls_default/syscalls.o
 .debug_macro   0x000000000000b6bb      0x102 /home/sokrat/RIOT/examples/hello-world/bin/unwd-range-l1-r3/newlib_syscalls_default/syscalls.o
 .debug_macro   0x000000000000b7bd       0x22 /home/sokrat/RIOT/examples/hello-world/bin/unwd-range-l1-r3/newlib_syscalls_default/syscalls.o
 .debug_macro   0x000000000000b7df       0xd6 /home/sokrat/RIOT/examples/hello-world/bin/unwd-range-l1-r3/newlib_syscalls_default/syscalls.o
 .debug_macro   0x000000000000b8b5       0x10 /home/sokrat/RIOT/examples/hello-world/bin/unwd-range-l1-r3/newlib_syscalls_default/syscalls.o
 .debug_macro   0x000000000000b8c5      0x460 /home/sokrat/RIOT/examples/hello-world/bin/unwd-range-l1-r3/newlib_syscalls_default/syscalls.o
 .debug_macro   0x000000000000bd25       0x7c /home/sokrat/RIOT/examples/hello-world/bin/unwd-range-l1-r3/newlib_syscalls_default/syscalls.o
 .debug_macro   0x000000000000bda1       0x17 /home/sokrat/RIOT/examples/hello-world/bin/unwd-range-l1-r3/newlib_syscalls_default/syscalls.o
 .debug_macro   0x000000000000bdb8       0xee /home/sokrat/RIOT/examples/hello-world/bin/unwd-range-l1-r3/newlib_syscalls_default/syscalls.o
 .debug_macro   0x000000000000bea6       0x28 /home/sokrat/RIOT/examples/hello-world/bin/unwd-range-l1-r3/newlib_syscalls_default/syscalls.o
 .debug_macro   0x000000000000bece       0x17 /home/sokrat/RIOT/examples/hello-world/bin/unwd-range-l1-r3/newlib_syscalls_default/syscalls.o
 .debug_macro   0x000000000000bee5       0x12 /home/sokrat/RIOT/examples/hello-world/bin/unwd-range-l1-r3/newlib_syscalls_default/syscalls.o
 .debug_macro   0x000000000000bef7       0x5f /home/sokrat/RIOT/examples/hello-world/bin/unwd-range-l1-r3/newlib_syscalls_default/syscalls.o
 .debug_macro   0x000000000000bf56       0x17 /home/sokrat/RIOT/examples/hello-world/bin/unwd-range-l1-r3/newlib_syscalls_default/syscalls.o
 .debug_macro   0x000000000000bf6d      0x130 /home/sokrat/RIOT/examples/hello-world/bin/unwd-range-l1-r3/newlib_syscalls_default/syscalls.o
 .debug_macro   0x000000000000c09d       0x34 /home/sokrat/RIOT/examples/hello-world/bin/unwd-range-l1-r3/newlib_syscalls_default/syscalls.o
 .debug_macro   0x000000000000c0d1       0x98 /home/sokrat/RIOT/examples/hello-world/bin/unwd-range-l1-r3/newlib_syscalls_default/syscalls.o
 .debug_macro   0x000000000000c169       0x1c /home/sokrat/RIOT/examples/hello-world/bin/unwd-range-l1-r3/newlib_syscalls_default/syscalls.o
 .debug_macro   0x000000000000c185       0x1c /home/sokrat/RIOT/examples/hello-world/bin/unwd-range-l1-r3/newlib_syscalls_default/syscalls.o
 .debug_macro   0x000000000000c1a1      0x311 /home/sokrat/RIOT/examples/hello-world/bin/unwd-range-l1-r3/core.a(sched.o)
 .debug_macro   0x000000000000c4b2      0xa60 /home/sokrat/RIOT/examples/hello-world/bin/unwd-range-l1-r3/core.a(sched.o)
 .debug_macro   0x000000000000cf12      0x16d /home/sokrat/RIOT/examples/hello-world/bin/unwd-range-l1-r3/core.a(sched.o)
 .debug_macro   0x000000000000d07f       0x52 /home/sokrat/RIOT/examples/hello-world/bin/unwd-range-l1-r3/core.a(sched.o)
 .debug_macro   0x000000000000d0d1       0x3a /home/sokrat/RIOT/examples/hello-world/bin/unwd-range-l1-r3/core.a(sched.o)
 .debug_macro   0x000000000000d10b       0x43 /home/sokrat/RIOT/examples/hello-world/bin/unwd-range-l1-r3/core.a(sched.o)
 .debug_macro   0x000000000000d14e       0x2e /home/sokrat/RIOT/examples/hello-world/bin/unwd-range-l1-r3/core.a(sched.o)
 .debug_macro   0x000000000000d17c       0x1c /home/sokrat/RIOT/examples/hello-world/bin/unwd-range-l1-r3/core.a(sched.o)
 .debug_macro   0x000000000000d198      0x114 /home/sokrat/RIOT/examples/hello-world/bin/unwd-range-l1-r3/core.a(sched.o)
 .debug_macro   0x000000000000d2ac       0x1c /home/sokrat/RIOT/examples/hello-world/bin/unwd-range-l1-r3/core.a(sched.o)
 .debug_macro   0x000000000000d2c8      0x2ff /home/sokrat/RIOT/examples/hello-world/bin/unwd-range-l1-r3/cortexm_common.a(thread_arch.o)
 .debug_macro   0x000000000000d5c7      0xa60 /home/sokrat/RIOT/examples/hello-world/bin/unwd-range-l1-r3/cortexm_common.a(thread_arch.o)
 .debug_macro   0x000000000000e027       0x97 /home/sokrat/RIOT/examples/hello-world/bin/unwd-range-l1-r3/cortexm_common.a(thread_arch.o)
 .debug_macro   0x000000000000e0be       0xf6 /home/sokrat/RIOT/examples/hello-world/bin/unwd-range-l1-r3/cortexm_common.a(thread_arch.o)
 .debug_macro   0x000000000000e1b4       0x1d /home/sokrat/RIOT/examples/hello-world/bin/unwd-range-l1-r3/cortexm_common.a(thread_arch.o)
 .debug_macro   0x000000000000e1d1      0x331 /home/sokrat/RIOT/examples/hello-world/bin/unwd-range-l1-r3/cortexm_common.a(vectors_cortexm.o)
 .debug_macro   0x000000000000e502      0xa60 /home/sokrat/RIOT/examples/hello-world/bin/unwd-range-l1-r3/cortexm_common.a(vectors_cortexm.o)
 .debug_macro   0x000000000000ef62       0xbe /home/sokrat/RIOT/examples/hello-world/bin/unwd-range-l1-r3/cortexm_common.a(vectors_cortexm.o)
 .debug_macro   0x000000000000f020       0x16 /home/sokrat/RIOT/examples/hello-world/bin/unwd-range-l1-r3/cortexm_common.a(vectors_cortexm.o)
 .debug_macro   0x000000000000f036       0x1c /home/sokrat/RIOT/examples/hello-world/bin/unwd-range-l1-r3/cortexm_common.a(vectors_cortexm.o)
 .debug_macro   0x000000000000f052      0x2ea /home/sokrat/RIOT/examples/hello-world/bin/unwd-range-l1-r3/cortexm_common.a(irq_arch.o)
 .debug_macro   0x000000000000f33c      0xa60 /home/sokrat/RIOT/examples/hello-world/bin/unwd-range-l1-r3/cortexm_common.a(irq_arch.o)
 .debug_macro   0x000000000000fd9c      0x3da /home/sokrat/RIOT/examples/hello-world/bin/unwd-range-l1-r3/stdio_uart.a(stdio_uart.o)
 .debug_macro   0x0000000000010176      0xa60 /home/sokrat/RIOT/examples/hello-world/bin/unwd-range-l1-r3/stdio_uart.a(stdio_uart.o)
 .debug_macro   0x0000000000010bd6       0x16 /home/sokrat/RIOT/examples/hello-world/bin/unwd-range-l1-r3/stdio_uart.a(stdio_uart.o)
 .debug_macro   0x0000000000010bec       0x92 /home/sokrat/RIOT/examples/hello-world/bin/unwd-range-l1-r3/stdio_uart.a(stdio_uart.o)
 .debug_macro   0x0000000000010c7e      0x122 /home/sokrat/RIOT/examples/hello-world/bin/unwd-range-l1-r3/stdio_uart.a(stdio_uart.o)
 .debug_macro   0x0000000000010da0       0x16 /home/sokrat/RIOT/examples/hello-world/bin/unwd-range-l1-r3/stdio_uart.a(stdio_uart.o)
 .debug_macro   0x0000000000010db6       0x16 /home/sokrat/RIOT/examples/hello-world/bin/unwd-range-l1-r3/stdio_uart.a(stdio_uart.o)
 .debug_macro   0x0000000000010dcc      0x375 /home/sokrat/RIOT/examples/hello-world/bin/unwd-range-l1-r3/stm32_common_periph.a(pm.o)
 .debug_macro   0x0000000000011141      0xa60 /home/sokrat/RIOT/examples/hello-world/bin/unwd-range-l1-r3/stm32_common_periph.a(pm.o)
 .debug_macro   0x0000000000011ba1       0x22 /home/sokrat/RIOT/examples/hello-world/bin/unwd-range-l1-r3/stm32_common_periph.a(pm.o)
 .debug_macro   0x0000000000011bc3      0x360 /home/sokrat/RIOT/examples/hello-world/bin/unwd-range-l1-r3/stm32_common_periph.a(uart.o)
 .debug_macro   0x0000000000011f23      0xa60 /home/sokrat/RIOT/examples/hello-world/bin/unwd-range-l1-r3/stm32_common_periph.a(uart.o)
 .debug_macro   0x0000000000012983      0x318 /home/sokrat/RIOT/examples/hello-world/bin/unwd-range-l1-r3/stm32_common_periph.a(gpio.o)
 .debug_macro   0x0000000000012c9b      0xa60 /home/sokrat/RIOT/examples/hello-world/bin/unwd-range-l1-r3/stm32_common_periph.a(gpio.o)
 .debug_macro   0x00000000000136fb      0x350 /home/sokrat/RIOT/examples/hello-world/bin/unwd-range-l1-r3/boards_common_unwd.a(board.o)
 .debug_macro   0x0000000000013a4b      0xa60 /home/sokrat/RIOT/examples/hello-world/bin/unwd-range-l1-r3/boards_common_unwd.a(board.o)
 .debug_macro   0x00000000000144ab      0x33c /home/sokrat/RIOT/examples/hello-world/bin/unwd-range-l1-r3/core.a(panic.o)
 .debug_macro   0x00000000000147e7      0xa60 /home/sokrat/RIOT/examples/hello-world/bin/unwd-range-l1-r3/core.a(panic.o)
 .debug_macro   0x0000000000015247       0x10 /home/sokrat/RIOT/examples/hello-world/bin/unwd-range-l1-r3/core.a(panic.o)
 .debug_macro   0x0000000000015257      0x374 /home/sokrat/RIOT/examples/hello-world/bin/unwd-range-l1-r3/core.a(kernel_init.o)
 .debug_macro   0x00000000000155cb      0xa60 /home/sokrat/RIOT/examples/hello-world/bin/unwd-range-l1-r3/core.a(kernel_init.o)
 .debug_macro   0x000000000001602b      0x23b /home/sokrat/RIOT/examples/hello-world/bin/unwd-range-l1-r3/core.a(kernel_init.o)
 .debug_macro   0x0000000000016266       0xdc /home/sokrat/RIOT/examples/hello-world/bin/unwd-range-l1-r3/core.a(kernel_init.o)
 .debug_macro   0x0000000000016342      0x315 /home/sokrat/RIOT/examples/hello-world/bin/unwd-range-l1-r3/core.a(thread.o)
 .debug_macro   0x0000000000016657      0xa60 /home/sokrat/RIOT/examples/hello-world/bin/unwd-range-l1-r3/core.a(thread.o)
 .debug_macro   0x00000000000170b7      0x31a /home/sokrat/RIOT/examples/hello-world/bin/unwd-range-l1-r3/cortexm_common.a(cortexm_init.o)
 .debug_macro   0x00000000000173d1      0xa60 /home/sokrat/RIOT/examples/hello-world/bin/unwd-range-l1-r3/cortexm_common.a(cortexm_init.o)
 .debug_macro   0x0000000000017e31      0x3e8 /home/sokrat/RIOT/examples/hello-world/bin/unwd-range-l1-r3/isrpipe.a(isrpipe.o)
 .debug_macro   0x0000000000018219      0xa60 /home/sokrat/RIOT/examples/hello-world/bin/unwd-range-l1-r3/isrpipe.a(isrpipe.o)
 .debug_macro   0x0000000000018c79       0x2e /home/sokrat/RIOT/examples/hello-world/bin/unwd-range-l1-r3/isrpipe.a(isrpipe.o)
 .debug_macro   0x0000000000018ca7      0x11c /home/sokrat/RIOT/examples/hello-world/bin/unwd-range-l1-r3/isrpipe.a(isrpipe.o)
 .debug_macro   0x0000000000018dc3       0x35 /home/sokrat/RIOT/examples/hello-world/bin/unwd-range-l1-r3/isrpipe.a(isrpipe.o)
 .debug_macro   0x0000000000018df8       0x1c /home/sokrat/RIOT/examples/hello-world/bin/unwd-range-l1-r3/isrpipe.a(isrpipe.o)
 .debug_macro   0x0000000000018e14       0x10 /home/sokrat/RIOT/examples/hello-world/bin/unwd-range-l1-r3/isrpipe.a(isrpipe.o)
 .debug_macro   0x0000000000018e24       0x10 /home/sokrat/RIOT/examples/hello-world/bin/unwd-range-l1-r3/isrpipe.a(isrpipe.o)
 .debug_macro   0x0000000000018e34      0x333 /home/sokrat/RIOT/examples/hello-world/bin/unwd-range-l1-r3/pm_layered.a(pm.o)
 .debug_macro   0x0000000000019167      0xa60 /home/sokrat/RIOT/examples/hello-world/bin/unwd-range-l1-r3/pm_layered.a(pm.o)
 .debug_macro   0x0000000000019bc7      0x197 /home/sokrat/RIOT/examples/hello-world/bin/unwd-range-l1-r3/pm_layered.a(pm.o)
 .debug_macro   0x0000000000019d5e      0x394 /home/sokrat/RIOT/examples/hello-world/bin/unwd-range-l1-r3/stm32_common.a(cpu_init.o)
 .debug_macro   0x000000000001a0f2      0xa60 /home/sokrat/RIOT/examples/hello-world/bin/unwd-range-l1-r3/stm32_common.a(cpu_init.o)
 .debug_macro   0x000000000001ab52      0x35c /home/sokrat/RIOT/examples/hello-world/bin/unwd-range-l1-r3/stm32_common.a(stmclk_l0l1.o)
 .debug_macro   0x000000000001aeae      0xa60 /home/sokrat/RIOT/examples/hello-world/bin/unwd-range-l1-r3/stm32_common.a(stmclk_l0l1.o)
 .debug_macro   0x000000000001b90e      0x32f /home/sokrat/RIOT/examples/hello-world/bin/unwd-range-l1-r3/stm32_common.a(cpu_common.o)
 .debug_macro   0x000000000001bc3d      0xa60 /home/sokrat/RIOT/examples/hello-world/bin/unwd-range-l1-r3/stm32_common.a(cpu_common.o)
 .debug_macro   0x000000000001c69d      0x327 /home/sokrat/RIOT/examples/hello-world/bin/unwd-range-l1-r3/stm32_common.a(stm_status.o)
 .debug_macro   0x000000000001c9c4      0xa60 /home/sokrat/RIOT/examples/hello-world/bin/unwd-range-l1-r3/stm32_common.a(stm_status.o)
 .debug_macro   0x000000000001d424       0x5f /home/sokrat/RIOT/examples/hello-world/bin/unwd-range-l1-r3/tsrb.a(tsrb.o)
 .debug_macro   0x000000000001d483      0xa60 /home/sokrat/RIOT/examples/hello-world/bin/unwd-range-l1-r3/tsrb.a(tsrb.o)
 .debug_macro   0x000000000001dee3       0x1a /home/sokrat/RIOT/examples/hello-world/bin/unwd-range-l1-r3/periph_common.a(init.o)
 .debug_macro   0x000000000001defd      0xa60 /home/sokrat/RIOT/examples/hello-world/bin/unwd-range-l1-r3/periph_common.a(init.o)
 .debug_macro   0x000000000001e95d      0x164 /home/sokrat/RIOT/examples/hello-world/bin/unwd-range-l1-r3/application_hello-world.a(main.o)
 .debug_macro   0x000000000001eac1      0xa60 /home/sokrat/RIOT/examples/hello-world/bin/unwd-range-l1-r3/application_hello-world.a(main.o)
 .debug_macro   0x000000000001f521      0x2f6 /home/sokrat/RIOT/examples/hello-world/bin/unwd-range-l1-r3/auto_init.a(auto_init.o)
 .debug_macro   0x000000000001f817      0xa60 /home/sokrat/RIOT/examples/hello-world/bin/unwd-range-l1-r3/auto_init.a(auto_init.o)
 .debug_macro   0x0000000000020277      0x310 /home/sokrat/RIOT/examples/hello-world/bin/unwd-range-l1-r3/core.a(mutex.o)
 .debug_macro   0x0000000000020587      0xa60 /home/sokrat/RIOT/examples/hello-world/bin/unwd-range-l1-r3/core.a(mutex.o)
 .debug_macro   0x0000000000020fe7      0x1e5 /home/sokrat/RIOT/examples/hello-world/bin/unwd-range-l1-r3/core.a(mutex.o)

.debug_line     0x0000000000000000     0xc82a
 .debug_line    0x0000000000000000      0x36b /home/sokrat/RIOT/examples/hello-world/bin/unwd-range-l1-r3/cpu/vectors.o
 .debug_line    0x000000000000036b      0xa7c /home/sokrat/RIOT/examples/hello-world/bin/unwd-range-l1-r3/newlib_syscalls_default/syscalls.o
 .debug_line    0x0000000000000de7      0x8af /home/sokrat/RIOT/examples/hello-world/bin/unwd-range-l1-r3/core.a(sched.o)
 .debug_line    0x0000000000001696      0x82d /home/sokrat/RIOT/examples/hello-world/bin/unwd-range-l1-r3/cortexm_common.a(thread_arch.o)
 .debug_line    0x0000000000001ec3      0x906 /home/sokrat/RIOT/examples/hello-world/bin/unwd-range-l1-r3/cortexm_common.a(vectors_cortexm.o)
 .debug_line    0x00000000000027c9      0x690 /home/sokrat/RIOT/examples/hello-world/bin/unwd-range-l1-r3/cortexm_common.a(irq_arch.o)
 .debug_line    0x0000000000002e59      0x7b2 /home/sokrat/RIOT/examples/hello-world/bin/unwd-range-l1-r3/stdio_uart.a(stdio_uart.o)
 .debug_line    0x000000000000360b      0xa34 /home/sokrat/RIOT/examples/hello-world/bin/unwd-range-l1-r3/stm32_common_periph.a(pm.o)
 .debug_line    0x000000000000403f      0xbfb /home/sokrat/RIOT/examples/hello-world/bin/unwd-range-l1-r3/stm32_common_periph.a(uart.o)
 .debug_line    0x0000000000004c3a      0xbf1 /home/sokrat/RIOT/examples/hello-world/bin/unwd-range-l1-r3/stm32_common_periph.a(gpio.o)
 .debug_line    0x000000000000582b      0x727 /home/sokrat/RIOT/examples/hello-world/bin/unwd-range-l1-r3/boards_common_unwd.a(board.o)
 .debug_line    0x0000000000005f52      0x721 /home/sokrat/RIOT/examples/hello-world/bin/unwd-range-l1-r3/core.a(panic.o)
 .debug_line    0x0000000000006673      0x728 /home/sokrat/RIOT/examples/hello-world/bin/unwd-range-l1-r3/core.a(kernel_init.o)
 .debug_line    0x0000000000006d9b      0x9b9 /home/sokrat/RIOT/examples/hello-world/bin/unwd-range-l1-r3/core.a(thread.o)
 .debug_line    0x0000000000007754      0x874 /home/sokrat/RIOT/examples/hello-world/bin/unwd-range-l1-r3/cortexm_common.a(cortexm_init.o)
 .debug_line    0x0000000000007fc8      0x981 /home/sokrat/RIOT/examples/hello-world/bin/unwd-range-l1-r3/isrpipe.a(isrpipe.o)
 .debug_line    0x0000000000008949      0x74e /home/sokrat/RIOT/examples/hello-world/bin/unwd-range-l1-r3/pm_layered.a(pm.o)
 .debug_line    0x0000000000009097      0x7e2 /home/sokrat/RIOT/examples/hello-world/bin/unwd-range-l1-r3/stm32_common.a(cpu_init.o)
 .debug_line    0x0000000000009879      0xbb2 /home/sokrat/RIOT/examples/hello-world/bin/unwd-range-l1-r3/stm32_common.a(stmclk_l0l1.o)
 .debug_line    0x000000000000a42b      0x787 /home/sokrat/RIOT/examples/hello-world/bin/unwd-range-l1-r3/stm32_common.a(cpu_common.o)
 .debug_line    0x000000000000abb2      0x76b /home/sokrat/RIOT/examples/hello-world/bin/unwd-range-l1-r3/stm32_common.a(stm_status.o)
 .debug_line    0x000000000000b31d      0x358 /home/sokrat/RIOT/examples/hello-world/bin/unwd-range-l1-r3/tsrb.a(tsrb.o)
 .debug_line    0x000000000000b675       0xb8 /home/sokrat/RIOT/examples/hello-world/bin/unwd-range-l1-r3/periph_common.a(init.o)
 .debug_line    0x000000000000b72d      0x35b /home/sokrat/RIOT/examples/hello-world/bin/unwd-range-l1-r3/application_hello-world.a(main.o)
 .debug_line    0x000000000000ba88      0x5f3 /home/sokrat/RIOT/examples/hello-world/bin/unwd-range-l1-r3/auto_init.a(auto_init.o)
 .debug_line    0x000000000000c07b      0x7af /home/sokrat/RIOT/examples/hello-world/bin/unwd-range-l1-r3/core.a(mutex.o)

.debug_str      0x0000000000000000    0x3df8c
 .debug_str     0x0000000000000000    0x32935 /home/sokrat/RIOT/examples/hello-world/bin/unwd-range-l1-r3/cpu/vectors.o
                                      0x32aa3 (size before relaxing)
 .debug_str     0x0000000000032935     0x7ef1 /home/sokrat/RIOT/examples/hello-world/bin/unwd-range-l1-r3/newlib_syscalls_default/syscalls.o
                                      0x3aa67 (size before relaxing)
 .debug_str     0x000000000003a826      0x55f /home/sokrat/RIOT/examples/hello-world/bin/unwd-range-l1-r3/core.a(sched.o)
                                      0x38616 (size before relaxing)
 .debug_str     0x000000000003ad85      0x242 /home/sokrat/RIOT/examples/hello-world/bin/unwd-range-l1-r3/cortexm_common.a(thread_arch.o)
                                      0x38408 (size before relaxing)
 .debug_str     0x000000000003afc7      0x43a /home/sokrat/RIOT/examples/hello-world/bin/unwd-range-l1-r3/cortexm_common.a(vectors_cortexm.o)
                                      0x38b35 (size before relaxing)
 .debug_str     0x000000000003b401       0xcb /home/sokrat/RIOT/examples/hello-world/bin/unwd-range-l1-r3/cortexm_common.a(irq_arch.o)
                                      0x38053 (size before relaxing)
 .debug_str     0x000000000003b4cc      0xce7 /home/sokrat/RIOT/examples/hello-world/bin/unwd-range-l1-r3/stdio_uart.a(stdio_uart.o)
                                      0x3a696 (size before relaxing)
 .debug_str     0x000000000003c1b3      0x61f /home/sokrat/RIOT/examples/hello-world/bin/unwd-range-l1-r3/stm32_common_periph.a(pm.o)
                                      0x394fa (size before relaxing)
 .debug_str     0x000000000003c7d2      0x3d8 /home/sokrat/RIOT/examples/hello-world/bin/unwd-range-l1-r3/stm32_common_periph.a(uart.o)
                                      0x39655 (size before relaxing)
 .debug_str     0x000000000003cbaa      0x162 /home/sokrat/RIOT/examples/hello-world/bin/unwd-range-l1-r3/stm32_common_periph.a(gpio.o)
                                      0x38e85 (size before relaxing)
 .debug_str     0x000000000003cd0c       0xa6 /home/sokrat/RIOT/examples/hello-world/bin/unwd-range-l1-r3/boards_common_unwd.a(board.o)
                                      0x3940b (size before relaxing)
 .debug_str     0x000000000003cdb2       0xa9 /home/sokrat/RIOT/examples/hello-world/bin/unwd-range-l1-r3/core.a(panic.o)
                                      0x385b1 (size before relaxing)
 .debug_str     0x000000000003ce5b       0xe2 /home/sokrat/RIOT/examples/hello-world/bin/unwd-range-l1-r3/core.a(kernel_init.o)
                                      0x38ae7 (size before relaxing)
 .debug_str     0x000000000003cf3d      0x163 /home/sokrat/RIOT/examples/hello-world/bin/unwd-range-l1-r3/core.a(thread.o)
                                      0x38a5c (size before relaxing)
 .debug_str     0x000000000003d0a0      0x186 /home/sokrat/RIOT/examples/hello-world/bin/unwd-range-l1-r3/cortexm_common.a(cortexm_init.o)
                                      0x388b0 (size before relaxing)
 .debug_str     0x000000000003d226      0x432 /home/sokrat/RIOT/examples/hello-world/bin/unwd-range-l1-r3/isrpipe.a(isrpipe.o)
                                      0x39db0 (size before relaxing)
 .debug_str     0x000000000003d658       0xe1 /home/sokrat/RIOT/examples/hello-world/bin/unwd-range-l1-r3/pm_layered.a(pm.o)
                                      0x38508 (size before relaxing)
 .debug_str     0x000000000003d739      0x178 /home/sokrat/RIOT/examples/hello-world/bin/unwd-range-l1-r3/stm32_common.a(cpu_init.o)
                                      0x39573 (size before relaxing)
 .debug_str     0x000000000003d8b1      0x1e1 /home/sokrat/RIOT/examples/hello-world/bin/unwd-range-l1-r3/stm32_common.a(stmclk_l0l1.o)
                                      0x39552 (size before relaxing)
 .debug_str     0x000000000003da92       0xa1 /home/sokrat/RIOT/examples/hello-world/bin/unwd-range-l1-r3/stm32_common.a(cpu_common.o)
                                      0x38f95 (size before relaxing)
 .debug_str     0x000000000003db33      0x119 /home/sokrat/RIOT/examples/hello-world/bin/unwd-range-l1-r3/stm32_common.a(stm_status.o)
                                      0x38e0a (size before relaxing)
 .debug_str     0x000000000003dc4c       0xbc /home/sokrat/RIOT/examples/hello-world/bin/unwd-range-l1-r3/tsrb.a(tsrb.o)
                                       0x36aa (size before relaxing)
 .debug_str     0x000000000003dd08       0xa3 /home/sokrat/RIOT/examples/hello-world/bin/unwd-range-l1-r3/periph_common.a(init.o)
                                       0x306c (size before relaxing)
 .debug_str     0x000000000003ddab       0xa0 /home/sokrat/RIOT/examples/hello-world/bin/unwd-range-l1-r3/application_hello-world.a(main.o)
                                       0x6f26 (size before relaxing)